2025-04-29 10:54:53,717 - face_swap - INFO - ³É¹¦¼ÓÔØ¼¶Áª·ÖÀàÆ÷
2025-04-29 10:54:54,554 - face_swap - INFO - ³É¹¦¼ÓÔØÌØÕ÷µãÔ¤²âÄ£ÐÍ
2025-04-29 10:54:57,018 - face_swap - INFO - ³É¹¦¼ÓÔØInsightFaceÄ£ÐÍ: E:\face\models\inswapper_128.onnx
2025-04-29 10:55:13,200 - face_swap - INFO - ¿ªÊ¼´¦ÀíÊÓÆµ: E:/face/data/input_videos/MV_20250411_211735.mp4
2025-04-29 10:55:13,208 - face_swap - INFO - Ê¹ÓÃÌæ»»·½·¨: inswapper
2025-04-29 10:55:13,226 - face_swap - INFO - ÊÓÆµÐÅÏ¢: 1080x1920, 20.035618878005344fps, 174Ö¡
2025-04-29 10:55:13,229 - face_swap - INFO - ´´½¨Ïß³Ì³Ø£¬¹¤×÷Ïß³ÌÊý: 8
2025-04-29 10:55:13,274 - face_swap - ERROR - PILÍ¼Ïñ×ª»»Ê§°Ü: image file is truncated (508 bytes not processed)
2025-04-29 10:55:13,274 - face_swap - ERROR - PILÍ¼Ïñ×ª»»Ê§°Ü: image file is truncated (2056 bytes not processed)
2025-04-29 10:55:13,283 - face_swap - ERROR - PILÍ¼Ïñ×ª»»Ê§°Ü: image file is truncated (0 bytes not processed)
2025-04-29 10:55:13,288 - face_swap - ERROR - PILÍ¼Ïñ×ª»»Ê§°Ü: image file is truncated (0 bytes not processed)
2025-04-29 10:55:13,300 - face_swap - ERROR - PILÍ¼Ïñ×ª»»Ê§°Ü: image file is truncated (0 bytes not processed)
2025-04-29 10:55:13,340 - face_swap - ERROR - PILÍ¼Ïñ×ª»»Ê§°Ü: image file is truncated (0 bytes not processed)
2025-04-29 10:55:13,364 - face_swap - ERROR - PILÍ¼Ïñ×ª»»Ê§°Ü: image file is truncated (0 bytes not processed)
2025-04-29 10:55:13,461 - face_swap - ERROR - PILÍ¼Ïñ×ª»»Ê§°Ü: image file is truncated (0 bytes not processed)
2025-04-29 10:55:18,934 - face_swap - ERROR - PILÍ¼Ïñ×ª»»Ê§°Ü: image file is truncated (0 bytes not processed)
2025-04-29 10:55:19,827 - face_swap - ERROR - PILÍ¼Ïñ×ª»»Ê§°Ü: image file is truncated (0 bytes not processed)
2025-04-29 10:55:19,900 - face_swap - ERROR - PILÍ¼Ïñ×ª»»Ê§°Ü: image file is truncated (0 bytes not processed)
2025-04-29 10:55:19,904 - face_swap - ERROR - PILÍ¼Ïñ×ª»»Ê§°Ü: image file is truncated (0 bytes not processed)
2025-04-29 10:55:19,914 - face_swap - ERROR - PILÍ¼Ïñ×ª»»Ê§°Ü: image file is truncated (0 bytes not processed)
2025-04-29 10:55:20,186 - face_swap - ERROR - PILÍ¼Ïñ×ª»»Ê§°Ü: image file is truncated (0 bytes not processed)
2025-04-29 10:55:20,507 - face_swap - ERROR - PILÍ¼Ïñ×ª»»Ê§°Ü: image file is truncated (0 bytes not processed)
2025-04-29 10:55:20,636 - face_swap - ERROR - PILÍ¼Ïñ×ª»»Ê§°Ü: image file is truncated (0 bytes not processed)
2025-04-29 10:55:25,016 - face_swap - ERROR - PILÍ¼Ïñ×ª»»Ê§°Ü: image file is truncated (0 bytes not processed)
2025-04-29 10:55:26,348 - face_swap - ERROR - PILÍ¼Ïñ×ª»»Ê§°Ü: image file is truncated (0 bytes not processed)
2025-04-29 10:55:27,085 - face_swap - ERROR - PILÍ¼Ïñ×ª»»Ê§°Ü: image file is truncated (0 bytes not processed)
2025-04-29 10:55:27,862 - face_swap - ERROR - PILÍ¼Ïñ×ª»»Ê§°Ü: image file is truncated (0 bytes not processed)
2025-04-29 10:55:28,009 - face_swap - ERROR - PILÍ¼Ïñ×ª»»Ê§°Ü: image file is truncated (0 bytes not processed)
2025-04-29 10:55:28,045 - face_swap - ERROR - PILÍ¼Ïñ×ª»»Ê§°Ü: image file is truncated (0 bytes not processed)
2025-04-29 10:55:28,730 - face_swap - ERROR - PILÍ¼Ïñ×ª»»Ê§°Ü: image file is truncated (0 bytes not processed)
2025-04-29 10:55:29,044 - face_swap - ERROR - PILÍ¼Ïñ×ª»»Ê§°Ü: image file is truncated (0 bytes not processed)
2025-04-29 10:55:32,596 - face_swap - ERROR - PILÍ¼Ïñ×ª»»Ê§°Ü: image file is truncated (0 bytes not processed)
2025-04-29 10:55:34,176 - face_swap - ERROR - PILÍ¼Ïñ×ª»»Ê§°Ü: image file is truncated (0 bytes not processed)
2025-04-29 10:55:35,342 - face_swap - ERROR - PILÍ¼Ïñ×ª»»Ê§°Ü: image file is truncated (0 bytes not processed)
2025-04-29 10:55:35,678 - face_swap - ERROR - PILÍ¼Ïñ×ª»»Ê§°Ü: image file is truncated (0 bytes not processed)
2025-04-29 10:55:35,894 - face_swap - ERROR - PILÍ¼Ïñ×ª»»Ê§°Ü: image file is truncated (0 bytes not processed)
2025-04-29 10:55:36,575 - face_swap - ERROR - PILÍ¼Ïñ×ª»»Ê§°Ü: image file is truncated (0 bytes not processed)
2025-04-29 10:55:36,733 - face_swap - ERROR - PILÍ¼Ïñ×ª»»Ê§°Ü: image file is truncated (0 bytes not processed)
2025-04-29 10:55:37,609 - face_swap - ERROR - PILÍ¼Ïñ×ª»»Ê§°Ü: image file is truncated (0 bytes not processed)
2025-04-29 10:55:40,557 - face_swap - ERROR - PILÍ¼Ïñ×ª»»Ê§°Ü: image file is truncated (0 bytes not processed)
2025-04-29 10:55:41,079 - face_swap - ERROR - PILÍ¼Ïñ×ª»»Ê§°Ü: image file is truncated (0 bytes not processed)
2025-04-29 10:55:44,306 - face_swap - ERROR - PILÍ¼Ïñ×ª»»Ê§°Ü: image file is truncated (0 bytes not processed)
2025-04-29 10:55:45,216 - face_swap - ERROR - PILÍ¼Ïñ×ª»»Ê§°Ü: image file is truncated (0 bytes not processed)
2025-04-29 10:55:45,775 - face_swap - ERROR - PILÍ¼Ïñ×ª»»Ê§°Ü: image file is truncated (0 bytes not processed)
2025-04-29 10:55:45,837 - face_swap - ERROR - PILÍ¼Ïñ×ª»»Ê§°Ü: image file is truncated (0 bytes not processed)
2025-04-29 10:55:46,997 - face_swap - ERROR - PILÍ¼Ïñ×ª»»Ê§°Ü: image file is truncated (0 bytes not processed)
2025-04-29 10:55:47,367 - face_swap - ERROR - PILÍ¼Ïñ×ª»»Ê§°Ü: image file is truncated (0 bytes not processed)
2025-04-29 10:55:49,601 - face_swap - ERROR - PILÍ¼Ïñ×ª»»Ê§°Ü: image file is truncated (0 bytes not processed)
2025-04-29 10:55:50,281 - face_swap - ERROR - PILÍ¼Ïñ×ª»»Ê§°Ü: image file is truncated (0 bytes not processed)
2025-04-29 10:55:53,197 - face_swap - ERROR - PILÍ¼Ïñ×ª»»Ê§°Ü: image file is truncated (0 bytes not processed)
2025-04-29 10:55:55,016 - face_swap - ERROR - PILÍ¼Ïñ×ª»»Ê§°Ü: image file is truncated (0 bytes not processed)
2025-04-29 10:55:55,161 - face_swap - ERROR - PILÍ¼Ïñ×ª»»Ê§°Ü: image file is truncated (0 bytes not processed)
2025-04-29 10:55:56,599 - face_swap - ERROR - PILÍ¼Ïñ×ª»»Ê§°Ü: image file is truncated (0 bytes not processed)
2025-04-29 10:55:56,813 - face_swap - ERROR - PILÍ¼Ïñ×ª»»Ê§°Ü: image file is truncated (0 bytes not processed)
2025-04-29 10:55:57,413 - face_swap - ERROR - PILÍ¼Ïñ×ª»»Ê§°Ü: image file is truncated (0 bytes not processed)
2025-04-29 10:55:59,478 - face_swap - ERROR - PILÍ¼Ïñ×ª»»Ê§°Ü: image file is truncated (0 bytes not processed)
2025-04-29 10:55:59,867 - face_swap - ERROR - PILÍ¼Ïñ×ª»»Ê§°Ü: image file is truncated (0 bytes not processed)
2025-04-29 10:56:02,484 - face_swap - ERROR - PILÍ¼Ïñ×ª»»Ê§°Ü: image file is truncated (0 bytes not processed)
2025-04-29 10:56:04,756 - face_swap - ERROR - PILÍ¼Ïñ×ª»»Ê§°Ü: image file is truncated (0 bytes not processed)
2025-04-29 10:56:05,400 - face_swap - ERROR - PILÍ¼Ïñ×ª»»Ê§°Ü: image file is truncated (0 bytes not processed)
2025-04-29 10:56:05,534 - face_swap - ERROR - PILÍ¼Ïñ×ª»»Ê§°Ü: image file is truncated (0 bytes not processed)
2025-04-29 10:56:06,140 - face_swap - ERROR - PILÍ¼Ïñ×ª»»Ê§°Ü: image file is truncated (0 bytes not processed)
2025-04-29 10:56:06,412 - face_swap - ERROR - PILÍ¼Ïñ×ª»»Ê§°Ü: image file is truncated (0 bytes not processed)
2025-04-29 10:56:08,759 - face_swap - ERROR - PILÍ¼Ïñ×ª»»Ê§°Ü: image file is truncated (0 bytes not processed)
2025-04-29 10:56:08,868 - face_swap - ERROR - PILÍ¼Ïñ×ª»»Ê§°Ü: image file is truncated (0 bytes not processed)
2025-04-29 10:56:12,383 - face_swap - ERROR - PILÍ¼Ïñ×ª»»Ê§°Ü: image file is truncated (0 bytes not processed)
2025-04-29 10:56:13,643 - face_swap - ERROR - PILÍ¼Ïñ×ª»»Ê§°Ü: image file is truncated (0 bytes not processed)
2025-04-29 10:56:13,973 - face_swap - ERROR - PILÍ¼Ïñ×ª»»Ê§°Ü: image file is truncated (0 bytes not processed)
2025-04-29 10:56:14,836 - face_swap - ERROR - PILÍ¼Ïñ×ª»»Ê§°Ü: image file is truncated (0 bytes not processed)
2025-04-29 10:56:14,924 - face_swap - ERROR - PILÍ¼Ïñ×ª»»Ê§°Ü: image file is truncated (0 bytes not processed)
2025-04-29 10:56:16,820 - face_swap - ERROR - PILÍ¼Ïñ×ª»»Ê§°Ü: image file is truncated (0 bytes not processed)
2025-04-29 10:56:17,606 - face_swap - ERROR - PILÍ¼Ïñ×ª»»Ê§°Ü: image file is truncated (0 bytes not processed)
2025-04-29 10:56:18,504 - face_swap - ERROR - PILÍ¼Ïñ×ª»»Ê§°Ü: image file is truncated (0 bytes not processed)
2025-04-29 10:56:22,300 - face_swap - ERROR - PILÍ¼Ïñ×ª»»Ê§°Ü: image file is truncated (0 bytes not processed)
2025-04-29 10:56:22,318 - face_swap - ERROR - PILÍ¼Ïñ×ª»»Ê§°Ü: image file is truncated (0 bytes not processed)
2025-04-29 10:56:23,856 - face_swap - ERROR - PILÍ¼Ïñ×ª»»Ê§°Ü: image file is truncated (0 bytes not processed)
2025-04-29 10:56:24,644 - face_swap - ERROR - PILÍ¼Ïñ×ª»»Ê§°Ü: image file is truncated (0 bytes not processed)
2025-04-29 10:56:25,346 - face_swap - ERROR - PILÍ¼Ïñ×ª»»Ê§°Ü: image file is truncated (0 bytes not processed)
2025-04-29 10:56:26,204 - face_swap - ERROR - PILÍ¼Ïñ×ª»»Ê§°Ü: image file is truncated (0 bytes not processed)
2025-04-29 10:56:26,699 - face_swap - ERROR - PILÍ¼Ïñ×ª»»Ê§°Ü: image file is truncated (0 bytes not processed)
2025-04-29 10:56:27,433 - face_swap - ERROR - PILÍ¼Ïñ×ª»»Ê§°Ü: image file is truncated (0 bytes not processed)
2025-04-29 10:56:30,488 - face_swap - ERROR - PILÍ¼Ïñ×ª»»Ê§°Ü: image file is truncated (0 bytes not processed)
2025-04-29 10:56:31,381 - face_swap - ERROR - PILÍ¼Ïñ×ª»»Ê§°Ü: image file is truncated (0 bytes not processed)
2025-04-29 10:56:33,532 - face_swap - ERROR - PILÍ¼Ïñ×ª»»Ê§°Ü: image file is truncated (0 bytes not processed)
2025-04-29 10:56:33,842 - face_swap - ERROR - PILÍ¼Ïñ×ª»»Ê§°Ü: image file is truncated (0 bytes not processed)
2025-04-29 10:56:35,130 - face_swap - ERROR - PILÍ¼Ïñ×ª»»Ê§°Ü: image file is truncated (0 bytes not processed)
2025-04-29 10:56:35,944 - face_swap - ERROR - PILÍ¼Ïñ×ª»»Ê§°Ü: image file is truncated (0 bytes not processed)
2025-04-29 10:56:37,503 - face_swap - ERROR - PILÍ¼Ïñ×ª»»Ê§°Ü: image file is truncated (0 bytes not processed)
2025-04-29 10:56:37,662 - face_swap - ERROR - PILÍ¼Ïñ×ª»»Ê§°Ü: image file is truncated (0 bytes not processed)
2025-04-29 10:56:38,867 - face_swap - ERROR - PILÍ¼Ïñ×ª»»Ê§°Ü: image file is truncated (0 bytes not processed)
2025-04-29 10:56:39,377 - face_swap - ERROR - PILÍ¼Ïñ×ª»»Ê§°Ü: image file is truncated (0 bytes not processed)
2025-04-29 10:56:43,006 - face_swap - ERROR - PILÍ¼Ïñ×ª»»Ê§°Ü: image file is truncated (0 bytes not processed)
2025-04-29 10:56:43,058 - face_swap - ERROR - PILÍ¼Ïñ×ª»»Ê§°Ü: image file is truncated (0 bytes not processed)
2025-04-29 10:56:44,034 - face_swap - ERROR - PILÍ¼Ïñ×ª»»Ê§°Ü: image file is truncated (0 bytes not processed)
2025-04-29 10:56:44,184 - face_swap - ERROR - PILÍ¼Ïñ×ª»»Ê§°Ü: image file is truncated (0 bytes not processed)
2025-04-29 10:56:46,673 - face_swap - ERROR - PILÍ¼Ïñ×ª»»Ê§°Ü: image file is truncated (0 bytes not processed)
2025-04-29 10:56:47,408 - face_swap - ERROR - PILÍ¼Ïñ×ª»»Ê§°Ü: image file is truncated (0 bytes not processed)
2025-04-29 10:56:47,878 - face_swap - ERROR - PILÍ¼Ïñ×ª»»Ê§°Ü: image file is truncated (0 bytes not processed)
2025-04-29 10:56:47,976 - face_swap - INFO - ´¦Àí½ø¶È: 100/174 (57.5%)
2025-04-29 10:56:48,195 - face_swap - ERROR - PILÍ¼Ïñ×ª»»Ê§°Ü: image file is truncated (0 bytes not processed)
2025-04-29 10:56:50,851 - face_swap - ERROR - PILÍ¼Ïñ×ª»»Ê§°Ü: image file is truncated (0 bytes not processed)
2025-04-29 10:56:50,965 - face_swap - ERROR - PILÍ¼Ïñ×ª»»Ê§°Ü: image file is truncated (0 bytes not processed)
2025-04-29 10:56:52,223 - face_swap - ERROR - PILÍ¼Ïñ×ª»»Ê§°Ü: image file is truncated (0 bytes not processed)
2025-04-29 10:56:53,172 - face_swap - ERROR - PILÍ¼Ïñ×ª»»Ê§°Ü: image file is truncated (0 bytes not processed)
2025-04-29 10:56:54,831 - face_swap - ERROR - PILÍ¼Ïñ×ª»»Ê§°Ü: image file is truncated (0 bytes not processed)
2025-04-29 10:56:56,505 - face_swap - ERROR - PILÍ¼Ïñ×ª»»Ê§°Ü: image file is truncated (0 bytes not processed)
2025-04-29 10:56:56,945 - face_swap - ERROR - PILÍ¼Ïñ×ª»»Ê§°Ü: image file is truncated (0 bytes not processed)
2025-04-29 10:56:57,284 - face_swap - ERROR - PILÍ¼Ïñ×ª»»Ê§°Ü: image file is truncated (0 bytes not processed)
2025-04-29 10:56:59,735 - face_swap - ERROR - PILÍ¼Ïñ×ª»»Ê§°Ü: image file is truncated (0 bytes not processed)
2025-04-29 10:57:00,520 - face_swap - ERROR - PILÍ¼Ïñ×ª»»Ê§°Ü: image file is truncated (0 bytes not processed)
2025-04-29 10:57:01,533 - face_swap - ERROR - PILÍ¼Ïñ×ª»»Ê§°Ü: image file is truncated (0 bytes not processed)
2025-04-29 10:57:02,904 - face_swap - ERROR - PILÍ¼Ïñ×ª»»Ê§°Ü: image file is truncated (0 bytes not processed)
2025-04-29 10:57:04,287 - face_swap - ERROR - PILÍ¼Ïñ×ª»»Ê§°Ü: image file is truncated (0 bytes not processed)
2025-04-29 10:57:05,325 - face_swap - ERROR - PILÍ¼Ïñ×ª»»Ê§°Ü: image file is truncated (0 bytes not processed)
2025-04-29 10:57:06,138 - face_swap - ERROR - PILÍ¼Ïñ×ª»»Ê§°Ü: image file is truncated (0 bytes not processed)
2025-04-29 10:57:06,494 - face_swap - ERROR - PILÍ¼Ïñ×ª»»Ê§°Ü: image file is truncated (0 bytes not processed)
2025-04-29 10:57:08,818 - face_swap - ERROR - PILÍ¼Ïñ×ª»»Ê§°Ü: image file is truncated (0 bytes not processed)
2025-04-29 10:57:09,196 - face_swap - ERROR - PILÍ¼Ïñ×ª»»Ê§°Ü: image file is truncated (0 bytes not processed)
2025-04-29 10:57:10,394 - face_swap - ERROR - PILÍ¼Ïñ×ª»»Ê§°Ü: image file is truncated (0 bytes not processed)
2025-04-29 10:57:12,557 - face_swap - ERROR - PILÍ¼Ïñ×ª»»Ê§°Ü: image file is truncated (0 bytes not processed)
2025-04-29 10:57:13,365 - face_swap - ERROR - PILÍ¼Ïñ×ª»»Ê§°Ü: image file is truncated (0 bytes not processed)
2025-04-29 10:57:14,331 - face_swap - ERROR - PILÍ¼Ïñ×ª»»Ê§°Ü: image file is truncated (0 bytes not processed)
2025-04-29 10:57:15,424 - face_swap - ERROR - PILÍ¼Ïñ×ª»»Ê§°Ü: image file is truncated (0 bytes not processed)
2025-04-29 10:57:17,190 - face_swap - ERROR - PILÍ¼Ïñ×ª»»Ê§°Ü: image file is truncated (0 bytes not processed)
2025-04-29 10:57:18,505 - face_swap - ERROR - PILÍ¼Ïñ×ª»»Ê§°Ü: image file is truncated (0 bytes not processed)
2025-04-29 10:57:18,665 - face_swap - ERROR - PILÍ¼Ïñ×ª»»Ê§°Ü: image file is truncated (0 bytes not processed)
2025-04-29 10:57:19,755 - face_swap - ERROR - PILÍ¼Ïñ×ª»»Ê§°Ü: image file is truncated (0 bytes not processed)
2025-04-29 10:57:21,798 - face_swap - ERROR - PILÍ¼Ïñ×ª»»Ê§°Ü: image file is truncated (0 bytes not processed)
2025-04-29 10:57:22,441 - face_swap - ERROR - PILÍ¼Ïñ×ª»»Ê§°Ü: image file is truncated (0 bytes not processed)
2025-04-29 10:57:23,602 - face_swap - ERROR - PILÍ¼Ïñ×ª»»Ê§°Ü: image file is truncated (0 bytes not processed)
2025-04-29 10:57:23,678 - face_swap - ERROR - PILÍ¼Ïñ×ª»»Ê§°Ü: image file is truncated (0 bytes not processed)
2025-04-29 10:57:25,841 - face_swap - ERROR - PILÍ¼Ïñ×ª»»Ê§°Ü: image file is truncated (0 bytes not processed)
2025-04-29 10:57:27,219 - face_swap - ERROR - PILÍ¼Ïñ×ª»»Ê§°Ü: image file is truncated (0 bytes not processed)
2025-04-29 10:57:27,723 - face_swap - ERROR - PILÍ¼Ïñ×ª»»Ê§°Ü: image file is truncated (0 bytes not processed)
2025-04-29 10:57:28,140 - face_swap - ERROR - PILÍ¼Ïñ×ª»»Ê§°Ü: image file is truncated (0 bytes not processed)
2025-04-29 10:57:32,097 - face_swap - ERROR - PILÍ¼Ïñ×ª»»Ê§°Ü: image file is truncated (0 bytes not processed)
2025-04-29 10:57:32,106 - face_swap - ERROR - PILÍ¼Ïñ×ª»»Ê§°Ü: image file is truncated (0 bytes not processed)
2025-04-29 10:57:33,002 - face_swap - ERROR - PILÍ¼Ïñ×ª»»Ê§°Ü: image file is truncated (0 bytes not processed)
2025-04-29 10:57:33,037 - face_swap - ERROR - PILÍ¼Ïñ×ª»»Ê§°Ü: image file is truncated (0 bytes not processed)
2025-04-29 10:57:34,854 - face_swap - ERROR - PILÍ¼Ïñ×ª»»Ê§°Ü: image file is truncated (0 bytes not processed)
2025-04-29 10:57:36,403 - face_swap - ERROR - PILÍ¼Ïñ×ª»»Ê§°Ü: image file is truncated (0 bytes not processed)
2025-04-29 10:57:37,729 - face_swap - ERROR - PILÍ¼Ïñ×ª»»Ê§°Ü: image file is truncated (0 bytes not processed)
2025-04-29 10:57:37,866 - face_swap - ERROR - PILÍ¼Ïñ×ª»»Ê§°Ü: image file is truncated (0 bytes not processed)
2025-04-29 10:57:39,309 - face_swap - ERROR - PILÍ¼Ïñ×ª»»Ê§°Ü: image file is truncated (0 bytes not processed)
2025-04-29 10:57:41,286 - face_swap - ERROR - PILÍ¼Ïñ×ª»»Ê§°Ü: image file is truncated (0 bytes not processed)
2025-04-29 10:57:41,621 - face_swap - ERROR - PILÍ¼Ïñ×ª»»Ê§°Ü: image file is truncated (0 bytes not processed)
2025-04-29 10:57:42,535 - face_swap - ERROR - PILÍ¼Ïñ×ª»»Ê§°Ü: image file is truncated (0 bytes not processed)
2025-04-29 10:57:44,088 - face_swap - ERROR - PILÍ¼Ïñ×ª»»Ê§°Ü: image file is truncated (0 bytes not processed)
2025-04-29 10:57:45,349 - face_swap - ERROR - PILÍ¼Ïñ×ª»»Ê§°Ü: image file is truncated (0 bytes not processed)
2025-04-29 10:57:46,469 - face_swap - ERROR - PILÍ¼Ïñ×ª»»Ê§°Ü: image file is truncated (0 bytes not processed)
2025-04-29 10:57:46,943 - face_swap - ERROR - PILÍ¼Ïñ×ª»»Ê§°Ü: image file is truncated (0 bytes not processed)
2025-04-29 10:57:48,947 - face_swap - ERROR - PILÍ¼Ïñ×ª»»Ê§°Ü: image file is truncated (0 bytes not processed)
2025-04-29 10:57:50,087 - face_swap - ERROR - PILÍ¼Ïñ×ª»»Ê§°Ü: image file is truncated (0 bytes not processed)
2025-04-29 10:57:50,228 - face_swap - ERROR - PILÍ¼Ïñ×ª»»Ê§°Ü: image file is truncated (0 bytes not processed)
2025-04-29 10:57:51,146 - face_swap - ERROR - PILÍ¼Ïñ×ª»»Ê§°Ü: image file is truncated (0 bytes not processed)
2025-04-29 10:57:52,818 - face_swap - ERROR - PILÍ¼Ïñ×ª»»Ê§°Ü: image file is truncated (0 bytes not processed)
2025-04-29 10:57:54,205 - face_swap - ERROR - PILÍ¼Ïñ×ª»»Ê§°Ü: image file is truncated (0 bytes not processed)
2025-04-29 10:57:54,603 - face_swap - ERROR - PILÍ¼Ïñ×ª»»Ê§°Ü: image file is truncated (0 bytes not processed)
2025-04-29 10:57:55,446 - face_swap - ERROR - PILÍ¼Ïñ×ª»»Ê§°Ü: image file is truncated (0 bytes not processed)
2025-04-29 10:57:57,585 - face_swap - ERROR - PILÍ¼Ïñ×ª»»Ê§°Ü: image file is truncated (0 bytes not processed)
2025-04-29 10:57:58,748 - face_swap - ERROR - PILÍ¼Ïñ×ª»»Ê§°Ü: image file is truncated (0 bytes not processed)
2025-04-29 10:57:59,934 - face_swap - ERROR - PILÍ¼Ïñ×ª»»Ê§°Ü: image file is truncated (0 bytes not processed)
2025-04-29 10:57:59,973 - face_swap - ERROR - PILÍ¼Ïñ×ª»»Ê§°Ü: image file is truncated (0 bytes not processed)
2025-04-29 10:58:01,107 - face_swap - ERROR - PILÍ¼Ïñ×ª»»Ê§°Ü: image file is truncated (0 bytes not processed)
2025-04-29 10:58:03,322 - face_swap - ERROR - PILÍ¼Ïñ×ª»»Ê§°Ü: image file is truncated (0 bytes not processed)
2025-04-29 10:58:03,488 - face_swap - ERROR - PILÍ¼Ïñ×ª»»Ê§°Ü: image file is truncated (0 bytes not processed)
2025-04-29 10:58:03,679 - face_swap - ERROR - PILÍ¼Ïñ×ª»»Ê§°Ü: image file is truncated (0 bytes not processed)
2025-04-29 10:58:05,599 - face_swap - ERROR - PILÍ¼Ïñ×ª»»Ê§°Ü: image file is truncated (0 bytes not processed)
2025-04-29 10:58:07,569 - face_swap - ERROR - PILÍ¼Ïñ×ª»»Ê§°Ü: image file is truncated (0 bytes not processed)
2025-04-29 10:58:07,958 - face_swap - ERROR - PILÍ¼Ïñ×ª»»Ê§°Ü: image file is truncated (0 bytes not processed)
2025-04-29 10:58:08,478 - face_swap - ERROR - PILÍ¼Ïñ×ª»»Ê§°Ü: image file is truncated (0 bytes not processed)
2025-04-29 10:58:10,052 - face_swap - ERROR - PILÍ¼Ïñ×ª»»Ê§°Ü: image file is truncated (0 bytes not processed)
2025-04-29 10:58:12,281 - face_swap - ERROR - PILÍ¼Ïñ×ª»»Ê§°Ü: image file is truncated (0 bytes not processed)
2025-04-29 10:58:12,285 - face_swap - ERROR - PILÍ¼Ïñ×ª»»Ê§°Ü: image file is truncated (0 bytes not processed)
2025-04-29 10:58:12,321 - face_swap - INFO - ´¦Àí½ø¶È: 174/174 (100.0%)
2025-04-29 10:58:13,025 - face_swap - ERROR - PILÍ¼Ïñ×ª»»Ê§°Ü: image file is truncated (0 bytes not processed)
2025-04-29 10:58:13,521 - face_swap - ERROR - PILÍ¼Ïñ×ª»»Ê§°Ü: image file is truncated (0 bytes not processed)
2025-04-29 10:58:16,105 - face_swap - ERROR - PILÍ¼Ïñ×ª»»Ê§°Ü: image file is truncated (0 bytes not processed)
2025-04-29 10:58:16,507 - face_swap - ERROR - PILÍ¼Ïñ×ª»»Ê§°Ü: image file is truncated (0 bytes not processed)
2025-04-29 10:58:17,352 - face_swap - ERROR - PILÍ¼Ïñ×ª»»Ê§°Ü: image file is truncated (0 bytes not processed)
2025-04-29 10:58:18,507 - face_swap - ERROR - PILÍ¼Ïñ×ª»»Ê§°Ü: image file is truncated (0 bytes not processed)
2025-04-29 10:58:20,401 - face_swap - ERROR - PILÍ¼Ïñ×ª»»Ê§°Ü: image file is truncated (0 bytes not processed)
2025-04-29 10:58:21,108 - face_swap - ERROR - PILÍ¼Ïñ×ª»»Ê§°Ü: image file is truncated (0 bytes not processed)
