2025-04-27 00:31:19,803 - face_swap - INFO - 成功导入 requests 库
2025-04-27 00:31:20,408 - face_swap - INFO - 成功导入基础图像处理库 cv2 和 numpy
2025-04-27 00:31:20,890 - face_swap - INFO - 成功导入 dlib 库
2025-04-27 00:31:21,040 - face_swap - INFO - 成功导入 PIL 库
2025-04-27 00:31:21,044 - face_swap - INFO - 成功导入 tkinter 库
2025-04-27 00:31:21,134 - face_swap - INFO - 成功导入 onnxruntime 模块
2025-04-27 00:31:21,134 - face_swap - WARNING - insightface 模块导入失败: No module named 'insightface'
2025-04-27 00:31:21,134 - face_swap - WARNING - 高级人脸替换功能将不可用，请安装 insightface 库以启用全部功能
2025-04-27 00:31:21,134 - face_swap - WARNING - 安装方法: 先安装 Visual C++ 构建工具，然后运行：pip install insightface
2025-04-27 00:31:22,329 - face_swap - INFO - 成功导入 torch 模块
2025-04-27 00:31:22,456 - face_swap - INFO - 成功导入视频处理相关模块
2025-04-27 00:31:22,456 - face_swap - INFO - 所有基础模块已成功导入
2025-04-27 00:31:23,165 - face_swap - INFO - 级联分类器路径: e:\face\models\haarcascade_frontalface_default.xml, 是否存在: True
2025-04-27 00:31:23,188 - face_swap - INFO - 成功加载级联分类器
2025-04-27 00:31:23,382 - face_swap - INFO - 成功初始化dlib人脸检测器
2025-04-27 00:31:24,019 - face_swap - INFO - 成功加载特征点预测模型
2025-04-27 00:31:24,019 - face_swap - WARNING - insightface 模块不可用，无法使用 inswapper 模型
2025-04-27 00:31:24,019 - face_swap - WARNING - 警告: 未找到 FaceShifter 模型文件: e:\face\models\faceshifter_ffhq.pth
2025-04-27 00:31:26,052 - face_swap - INFO - 开始下载 FaceShifter 模型...
2025-04-27 00:31:28,131 - urllib3.connectionpool - WARNING - Retrying (Retry(total=2, connect=None, read=None, redirect=None, status=None)) after connection broken by 'NewConnectionError('<urllib3.connection.HTTPSConnection object at 0x00000220616886D0>: Failed to establish a new connection: [WinError 10061] 由于目标计算机积极拒绝，无法连接。')': /datasets/microsoft/FaceShifter/resolve/main/faceshifter_ffhq.pth
2025-04-27 00:31:30,148 - urllib3.connectionpool - WARNING - Retrying (Retry(total=1, connect=None, read=None, redirect=None, status=None)) after connection broken by 'NewConnectionError('<urllib3.connection.HTTPSConnection object at 0x0000022061688A30>: Failed to establish a new connection: [WinError 10061] 由于目标计算机积极拒绝，无法连接。')': /datasets/microsoft/FaceShifter/resolve/main/faceshifter_ffhq.pth
2025-04-27 00:31:32,189 - urllib3.connectionpool - WARNING - Retrying (Retry(total=0, connect=None, read=None, redirect=None, status=None)) after connection broken by 'NewConnectionError('<urllib3.connection.HTTPSConnection object at 0x0000022061688C10>: Failed to establish a new connection: [WinError 10061] 由于目标计算机积极拒绝，无法连接。')': /datasets/microsoft/FaceShifter/resolve/main/faceshifter_ffhq.pth
2025-04-27 00:31:34,238 - face_swap - WARNING - 获取文件大小时出错: HTTPSConnectionPool(host='huggingface.co', port=443): Max retries exceeded with url: /datasets/microsoft/FaceShifter/resolve/main/faceshifter_ffhq.pth (Caused by NewConnectionError('<urllib3.connection.HTTPSConnection object at 0x0000022061688DF0>: Failed to establish a new connection: [WinError 10061] 由于目标计算机积极拒绝，无法连接。'))
2025-04-27 00:31:36,264 - urllib3.connectionpool - WARNING - Retrying (Retry(total=2, connect=None, read=None, redirect=None, status=None)) after connection broken by 'NewConnectionError('<urllib3.connection.HTTPSConnection object at 0x0000022061688970>: Failed to establish a new connection: [WinError 10061] 由于目标计算机积极拒绝，无法连接。')': /datasets/microsoft/FaceShifter/resolve/main/faceshifter_ffhq.pth
2025-04-27 00:31:38,294 - urllib3.connectionpool - WARNING - Retrying (Retry(total=1, connect=None, read=None, redirect=None, status=None)) after connection broken by 'NewConnectionError('<urllib3.connection.HTTPSConnection object at 0x0000022061688D60>: Failed to establish a new connection: [WinError 10061] 由于目标计算机积极拒绝，无法连接。')': /datasets/microsoft/FaceShifter/resolve/main/faceshifter_ffhq.pth
2025-04-27 00:31:40,332 - urllib3.connectionpool - WARNING - Retrying (Retry(total=0, connect=None, read=None, redirect=None, status=None)) after connection broken by 'NewConnectionError('<urllib3.connection.HTTPSConnection object at 0x0000022061688C40>: Failed to establish a new connection: [WinError 10061] 由于目标计算机积极拒绝，无法连接。')': /datasets/microsoft/FaceShifter/resolve/main/faceshifter_ffhq.pth
2025-04-27 00:31:42,380 - face_swap - ERROR - 下载请求失败: HTTPSConnectionPool(host='huggingface.co', port=443): Max retries exceeded with url: /datasets/microsoft/FaceShifter/resolve/main/faceshifter_ffhq.pth (Caused by NewConnectionError('<urllib3.connection.HTTPSConnection object at 0x0000022061688880>: Failed to establish a new connection: [WinError 10061] 由于目标计算机积极拒绝，无法连接。'))
2025-04-27 00:31:53,069 - face_swap - INFO - 开始下载 FaceShifter 模型...
2025-04-27 00:31:55,131 - urllib3.connectionpool - WARNING - Retrying (Retry(total=2, connect=None, read=None, redirect=None, status=None)) after connection broken by 'NewConnectionError('<urllib3.connection.HTTPSConnection object at 0x000002206AB54280>: Failed to establish a new connection: [WinError 10061] 由于目标计算机积极拒绝，无法连接。')': /datasets/microsoft/FaceShifter/resolve/main/faceshifter_ffhq.pth
2025-04-27 00:31:57,154 - urllib3.connectionpool - WARNING - Retrying (Retry(total=1, connect=None, read=None, redirect=None, status=None)) after connection broken by 'NewConnectionError('<urllib3.connection.HTTPSConnection object at 0x000002206AB54430>: Failed to establish a new connection: [WinError 10061] 由于目标计算机积极拒绝，无法连接。')': /datasets/microsoft/FaceShifter/resolve/main/faceshifter_ffhq.pth
2025-04-27 00:31:59,200 - urllib3.connectionpool - WARNING - Retrying (Retry(total=0, connect=None, read=None, redirect=None, status=None)) after connection broken by 'NewConnectionError('<urllib3.connection.HTTPSConnection object at 0x000002206AB545E0>: Failed to establish a new connection: [WinError 10061] 由于目标计算机积极拒绝，无法连接。')': /datasets/microsoft/FaceShifter/resolve/main/faceshifter_ffhq.pth
2025-04-27 00:32:01,226 - face_swap - WARNING - 获取文件大小时出错: HTTPSConnectionPool(host='huggingface.co', port=443): Max retries exceeded with url: /datasets/microsoft/FaceShifter/resolve/main/faceshifter_ffhq.pth (Caused by NewConnectionError('<urllib3.connection.HTTPSConnection object at 0x000002206AB54790>: Failed to establish a new connection: [WinError 10061] 由于目标计算机积极拒绝，无法连接。'))
2025-04-27 00:32:03,254 - urllib3.connectionpool - WARNING - Retrying (Retry(total=2, connect=None, read=None, redirect=None, status=None)) after connection broken by 'NewConnectionError('<urllib3.connection.HTTPSConnection object at 0x000002206AB54A90>: Failed to establish a new connection: [WinError 10061] 由于目标计算机积极拒绝，无法连接。')': /datasets/microsoft/FaceShifter/resolve/main/faceshifter_ffhq.pth
2025-04-27 00:32:05,311 - urllib3.connectionpool - WARNING - Retrying (Retry(total=1, connect=None, read=None, redirect=None, status=None)) after connection broken by 'NewConnectionError('<urllib3.connection.HTTPSConnection object at 0x000002206AB54CA0>: Failed to establish a new connection: [WinError 10061] 由于目标计算机积极拒绝，无法连接。')': /datasets/microsoft/FaceShifter/resolve/main/faceshifter_ffhq.pth
2025-04-27 00:32:07,338 - urllib3.connectionpool - WARNING - Retrying (Retry(total=0, connect=None, read=None, redirect=None, status=None)) after connection broken by 'NewConnectionError('<urllib3.connection.HTTPSConnection object at 0x000002206AB54E50>: Failed to establish a new connection: [WinError 10061] 由于目标计算机积极拒绝，无法连接。')': /datasets/microsoft/FaceShifter/resolve/main/faceshifter_ffhq.pth
2025-04-27 00:32:09,389 - face_swap - ERROR - 下载请求失败: HTTPSConnectionPool(host='huggingface.co', port=443): Max retries exceeded with url: /datasets/microsoft/FaceShifter/resolve/main/faceshifter_ffhq.pth (Caused by NewConnectionError('<urllib3.connection.HTTPSConnection object at 0x000002206AB62040>: Failed to establish a new connection: [WinError 10061] 由于目标计算机积极拒绝，无法连接。'))
