2025-04-29 08:42:50,650 - face_swap_cli - INFO - 正在初始化模型...
2025-04-29 08:42:50,671 - face_swap_cli - INFO - 成功加载级联分类器
2025-04-29 08:42:51,552 - face_swap_cli - INFO - 成功加载特征点预测模型
2025-04-29 08:42:51,563 - face_swap_cli - WARNING - 使用download=False初始化失败: HTTPSConnectionPool(host='github.com', port=443): Max retries exceeded with url: /deepinsight/insightface/releases/download/v0.7/buffalo_l.zip (Caused by SSLError(SSLCertVerificationError(1, '[SSL: CERTIFICATE_VERIFY_FAILED] certificate verify failed: unable to get local issuer certificate (_ssl.c:1147)')))
2025-04-29 08:42:51,564 - face_swap_cli - WARNING - 无法找到buffalo_l/onnx目录，人脸分析器初始化失败
2025-04-29 08:42:52,865 - face_swap_cli - INFO - 成功加载InsightFace ONNX模型: E:\face\models\inswapper_128.onnx
2025-04-29 08:42:53,031 - face_swap_cli - INFO - 开始处理视频: E:\face\data\input_videos\Video_1728365311307.mp4
2025-04-29 08:42:53,093 - face_swap_cli - WARNING - 未在视频帧中检测到人脸
2025-04-29 08:42:53,097 - face_swap_cli - INFO - 正在保存结果视频到: E:\face\output_videos\result.mp4
2025-04-29 08:42:53,285 - face_swap_cli - WARNING - 未在视频帧中检测到人脸
2025-04-29 08:42:53,340 - face_swap_cli - WARNING - 未在视频帧中检测到人脸
2025-04-29 08:42:53,401 - face_swap_cli - WARNING - 未在视频帧中检测到人脸
2025-04-29 08:42:53,472 - face_swap_cli - WARNING - 未在视频帧中检测到人脸
2025-04-29 08:42:53,533 - face_swap_cli - WARNING - 未在视频帧中检测到人脸
2025-04-29 08:42:53,587 - face_swap_cli - WARNING - 未在视频帧中检测到人脸
2025-04-29 08:42:53,645 - face_swap_cli - WARNING - 未在视频帧中检测到人脸
2025-04-29 08:42:53,706 - face_swap_cli - WARNING - 未在视频帧中检测到人脸
2025-04-29 08:42:53,768 - face_swap_cli - WARNING - 未在视频帧中检测到人脸
2025-04-29 08:42:53,843 - face_swap_cli - WARNING - 未在视频帧中检测到人脸
2025-04-29 08:42:53,907 - face_swap_cli - WARNING - 未在视频帧中检测到人脸
2025-04-29 08:42:53,972 - face_swap_cli - WARNING - 未在视频帧中检测到人脸
2025-04-29 08:42:54,033 - face_swap_cli - WARNING - 未在视频帧中检测到人脸
2025-04-29 08:42:54,091 - face_swap_cli - WARNING - 未在视频帧中检测到人脸
2025-04-29 08:42:54,146 - face_swap_cli - WARNING - 未在视频帧中检测到人脸
2025-04-29 08:42:54,215 - face_swap_cli - WARNING - 未在视频帧中检测到人脸
2025-04-29 08:42:54,270 - face_swap_cli - WARNING - 未在视频帧中检测到人脸
2025-04-29 08:42:54,326 - face_swap_cli - WARNING - 未在视频帧中检测到人脸
2025-04-29 08:42:54,394 - face_swap_cli - WARNING - 未在视频帧中检测到人脸
2025-04-29 08:42:54,449 - face_swap_cli - WARNING - 未在视频帧中检测到人脸
2025-04-29 08:42:54,520 - face_swap_cli - WARNING - 未在视频帧中检测到人脸
2025-04-29 08:42:54,577 - face_swap_cli - WARNING - 未在视频帧中检测到人脸
2025-04-29 08:42:54,636 - face_swap_cli - WARNING - 未在视频帧中检测到人脸
2025-04-29 08:42:54,701 - face_swap_cli - WARNING - 未在视频帧中检测到人脸
2025-04-29 08:42:54,764 - face_swap_cli - WARNING - 未在视频帧中检测到人脸
2025-04-29 08:42:54,820 - face_swap_cli - WARNING - 未在视频帧中检测到人脸
2025-04-29 08:42:54,873 - face_swap_cli - WARNING - 未在视频帧中检测到人脸
2025-04-29 08:42:54,932 - face_swap_cli - WARNING - 未在视频帧中检测到人脸
2025-04-29 08:42:55,006 - face_swap_cli - WARNING - 未在视频帧中检测到人脸
2025-04-29 08:42:55,067 - face_swap_cli - WARNING - 未在视频帧中检测到人脸
2025-04-29 08:42:55,116 - face_swap_cli - WARNING - 未在视频帧中检测到人脸
2025-04-29 08:42:55,185 - face_swap_cli - WARNING - 未在视频帧中检测到人脸
2025-04-29 08:42:55,241 - face_swap_cli - WARNING - 未在视频帧中检测到人脸
2025-04-29 08:42:55,311 - face_swap_cli - WARNING - 未在视频帧中检测到人脸
2025-04-29 08:42:55,366 - face_swap_cli - WARNING - 未在视频帧中检测到人脸
2025-04-29 08:42:55,430 - face_swap_cli - WARNING - 未在视频帧中检测到人脸
2025-04-29 08:42:55,492 - face_swap_cli - WARNING - 未在视频帧中检测到人脸
2025-04-29 08:42:55,552 - face_swap_cli - WARNING - 未在视频帧中检测到人脸
2025-04-29 08:42:55,608 - face_swap_cli - WARNING - 未在视频帧中检测到人脸
2025-04-29 08:42:55,665 - face_swap_cli - WARNING - 未在视频帧中检测到人脸
2025-04-29 08:42:55,734 - face_swap_cli - WARNING - 未在视频帧中检测到人脸
2025-04-29 08:42:55,796 - face_swap_cli - WARNING - 未在视频帧中检测到人脸
2025-04-29 08:42:55,861 - face_swap_cli - WARNING - 未在视频帧中检测到人脸
2025-04-29 08:42:55,911 - face_swap_cli - WARNING - 未在视频帧中检测到人脸
2025-04-29 08:42:55,984 - face_swap_cli - WARNING - 未在视频帧中检测到人脸
2025-04-29 08:42:56,039 - face_swap_cli - WARNING - 未在视频帧中检测到人脸
2025-04-29 08:42:56,096 - face_swap_cli - WARNING - 未在视频帧中检测到人脸
2025-04-29 08:42:56,157 - face_swap_cli - WARNING - 未在视频帧中检测到人脸
2025-04-29 08:42:56,227 - face_swap_cli - WARNING - 未在视频帧中检测到人脸
2025-04-29 08:42:56,289 - face_swap_cli - WARNING - 未在视频帧中检测到人脸
2025-04-29 08:42:56,338 - face_swap_cli - WARNING - 未在视频帧中检测到人脸
2025-04-29 08:42:56,414 - face_swap_cli - WARNING - 未在视频帧中检测到人脸
2025-04-29 08:42:56,470 - face_swap_cli - WARNING - 未在视频帧中检测到人脸
2025-04-29 08:42:56,528 - face_swap_cli - WARNING - 未在视频帧中检测到人脸
2025-04-29 08:42:56,596 - face_swap_cli - WARNING - 未在视频帧中检测到人脸
2025-04-29 08:42:56,644 - face_swap_cli - WARNING - 未在视频帧中检测到人脸
2025-04-29 08:42:56,706 - face_swap_cli - WARNING - 未在视频帧中检测到人脸
2025-04-29 08:42:56,782 - face_swap_cli - WARNING - 未在视频帧中检测到人脸
2025-04-29 08:42:56,833 - face_swap_cli - WARNING - 未在视频帧中检测到人脸
2025-04-29 08:42:56,900 - face_swap_cli - WARNING - 未在视频帧中检测到人脸
2025-04-29 08:42:56,966 - face_swap_cli - WARNING - 未在视频帧中检测到人脸
2025-04-29 08:42:57,022 - face_swap_cli - WARNING - 未在视频帧中检测到人脸
2025-04-29 08:42:57,082 - face_swap_cli - WARNING - 未在视频帧中检测到人脸
2025-04-29 08:42:57,143 - face_swap_cli - WARNING - 未在视频帧中检测到人脸
2025-04-29 08:42:57,207 - face_swap_cli - WARNING - 未在视频帧中检测到人脸
2025-04-29 08:42:57,263 - face_swap_cli - WARNING - 未在视频帧中检测到人脸
2025-04-29 08:42:57,339 - face_swap_cli - WARNING - 未在视频帧中检测到人脸
2025-04-29 08:42:57,397 - face_swap_cli - WARNING - 未在视频帧中检测到人脸
2025-04-29 08:42:57,471 - face_swap_cli - WARNING - 未在视频帧中检测到人脸
2025-04-29 08:42:57,527 - face_swap_cli - WARNING - 未在视频帧中检测到人脸
2025-04-29 08:42:57,589 - face_swap_cli - WARNING - 未在视频帧中检测到人脸
2025-04-29 08:42:57,653 - face_swap_cli - WARNING - 未在视频帧中检测到人脸
2025-04-29 08:42:57,716 - face_swap_cli - WARNING - 未在视频帧中检测到人脸
2025-04-29 08:42:57,764 - face_swap_cli - WARNING - 未在视频帧中检测到人脸
2025-04-29 08:42:57,825 - face_swap_cli - WARNING - 未在视频帧中检测到人脸
2025-04-29 08:42:57,893 - face_swap_cli - WARNING - 未在视频帧中检测到人脸
2025-04-29 08:42:57,964 - face_swap_cli - WARNING - 未在视频帧中检测到人脸
2025-04-29 08:42:58,023 - face_swap_cli - WARNING - 未在视频帧中检测到人脸
2025-04-29 08:42:58,077 - face_swap_cli - WARNING - 未在视频帧中检测到人脸
2025-04-29 08:42:58,132 - face_swap_cli - WARNING - 未在视频帧中检测到人脸
2025-04-29 08:42:58,196 - face_swap_cli - WARNING - 未在视频帧中检测到人脸
2025-04-29 08:42:58,251 - face_swap_cli - WARNING - 未在视频帧中检测到人脸
2025-04-29 08:42:58,323 - face_swap_cli - WARNING - 未在视频帧中检测到人脸
2025-04-29 08:42:58,376 - face_swap_cli - WARNING - 未在视频帧中检测到人脸
2025-04-29 08:42:58,442 - face_swap_cli - WARNING - 未在视频帧中检测到人脸
2025-04-29 08:42:58,494 - face_swap_cli - WARNING - 未在视频帧中检测到人脸
2025-04-29 08:42:58,568 - face_swap_cli - WARNING - 未在视频帧中检测到人脸
2025-04-29 08:42:58,632 - face_swap_cli - WARNING - 未在视频帧中检测到人脸
2025-04-29 08:42:58,690 - face_swap_cli - WARNING - 未在视频帧中检测到人脸
2025-04-29 08:42:58,741 - face_swap_cli - WARNING - 未在视频帧中检测到人脸
2025-04-29 08:42:58,803 - face_swap_cli - WARNING - 未在视频帧中检测到人脸
2025-04-29 08:42:58,873 - face_swap_cli - WARNING - 未在视频帧中检测到人脸
2025-04-29 08:42:58,934 - face_swap_cli - WARNING - 未在视频帧中检测到人脸
2025-04-29 08:42:58,996 - face_swap_cli - WARNING - 未在视频帧中检测到人脸
2025-04-29 08:42:59,057 - face_swap_cli - WARNING - 未在视频帧中检测到人脸
2025-04-29 08:42:59,103 - face_swap_cli - WARNING - 未在视频帧中检测到人脸
2025-04-29 08:42:59,174 - face_swap_cli - WARNING - 未在视频帧中检测到人脸
2025-04-29 08:42:59,230 - face_swap_cli - WARNING - 未在视频帧中检测到人脸
2025-04-29 08:42:59,289 - face_swap_cli - WARNING - 未在视频帧中检测到人脸
2025-04-29 08:42:59,382 - face_swap_cli - WARNING - 未在视频帧中检测到人脸
2025-04-29 08:42:59,443 - face_swap_cli - WARNING - 未在视频帧中检测到人脸
2025-04-29 08:42:59,518 - face_swap_cli - WARNING - 未在视频帧中检测到人脸
2025-04-29 08:42:59,582 - face_swap_cli - WARNING - 未在视频帧中检测到人脸
2025-04-29 08:42:59,638 - face_swap_cli - WARNING - 未在视频帧中检测到人脸
2025-04-29 08:42:59,700 - face_swap_cli - WARNING - 未在视频帧中检测到人脸
2025-04-29 08:42:59,770 - face_swap_cli - WARNING - 未在视频帧中检测到人脸
2025-04-29 08:42:59,831 - face_swap_cli - WARNING - 未在视频帧中检测到人脸
2025-04-29 08:42:59,890 - face_swap_cli - WARNING - 未在视频帧中检测到人脸
2025-04-29 08:42:59,957 - face_swap_cli - WARNING - 未在视频帧中检测到人脸
2025-04-29 08:43:00,015 - face_swap_cli - WARNING - 未在视频帧中检测到人脸
2025-04-29 08:43:00,089 - face_swap_cli - WARNING - 未在视频帧中检测到人脸
2025-04-29 08:43:00,150 - face_swap_cli - WARNING - 未在视频帧中检测到人脸
2025-04-29 08:43:00,200 - face_swap_cli - WARNING - 未在视频帧中检测到人脸
2025-04-29 08:43:00,275 - face_swap_cli - WARNING - 未在视频帧中检测到人脸
2025-04-29 08:43:00,326 - face_swap_cli - WARNING - 未在视频帧中检测到人脸
2025-04-29 08:43:00,393 - face_swap_cli - WARNING - 未在视频帧中检测到人脸
2025-04-29 08:43:00,457 - face_swap_cli - WARNING - 未在视频帧中检测到人脸
2025-04-29 08:43:00,518 - face_swap_cli - WARNING - 未在视频帧中检测到人脸
2025-04-29 08:43:00,583 - face_swap_cli - WARNING - 未在视频帧中检测到人脸
2025-04-29 08:43:00,648 - face_swap_cli - WARNING - 未在视频帧中检测到人脸
2025-04-29 08:43:00,702 - face_swap_cli - WARNING - 未在视频帧中检测到人脸
2025-04-29 08:43:00,770 - face_swap_cli - WARNING - 未在视频帧中检测到人脸
2025-04-29 08:43:00,820 - face_swap_cli - WARNING - 未在视频帧中检测到人脸
2025-04-29 08:43:00,886 - face_swap_cli - WARNING - 未在视频帧中检测到人脸
2025-04-29 08:43:00,959 - face_swap_cli - WARNING - 未在视频帧中检测到人脸
2025-04-29 08:43:01,022 - face_swap_cli - WARNING - 未在视频帧中检测到人脸
2025-04-29 08:43:01,083 - face_swap_cli - WARNING - 未在视频帧中检测到人脸
2025-04-29 08:43:01,144 - face_swap_cli - WARNING - 未在视频帧中检测到人脸
2025-04-29 08:43:01,208 - face_swap_cli - WARNING - 未在视频帧中检测到人脸
2025-04-29 08:43:01,270 - face_swap_cli - WARNING - 未在视频帧中检测到人脸
2025-04-29 08:43:01,335 - face_swap_cli - WARNING - 未在视频帧中检测到人脸
2025-04-29 08:43:01,392 - face_swap_cli - WARNING - 未在视频帧中检测到人脸
2025-04-29 08:43:01,442 - face_swap_cli - WARNING - 未在视频帧中检测到人脸
2025-04-29 08:43:01,507 - face_swap_cli - WARNING - 未在视频帧中检测到人脸
2025-04-29 08:43:01,564 - face_swap_cli - WARNING - 未在视频帧中检测到人脸
2025-04-29 08:43:01,641 - face_swap_cli - WARNING - 未在视频帧中检测到人脸
2025-04-29 08:43:01,699 - face_swap_cli - WARNING - 未在视频帧中检测到人脸
2025-04-29 08:43:01,759 - face_swap_cli - WARNING - 未在视频帧中检测到人脸
2025-04-29 08:43:01,813 - face_swap_cli - WARNING - 未在视频帧中检测到人脸
2025-04-29 08:43:01,875 - face_swap_cli - WARNING - 未在视频帧中检测到人脸
2025-04-29 08:43:01,949 - face_swap_cli - WARNING - 未在视频帧中检测到人脸
2025-04-29 08:43:02,013 - face_swap_cli - WARNING - 未在视频帧中检测到人脸
2025-04-29 08:43:02,068 - face_swap_cli - WARNING - 未在视频帧中检测到人脸
2025-04-29 08:43:02,126 - face_swap_cli - WARNING - 未在视频帧中检测到人脸
2025-04-29 08:43:02,194 - face_swap_cli - WARNING - 未在视频帧中检测到人脸
2025-04-29 08:43:02,257 - face_swap_cli - WARNING - 未在视频帧中检测到人脸
2025-04-29 08:43:02,319 - face_swap_cli - WARNING - 未在视频帧中检测到人脸
2025-04-29 08:43:02,382 - face_swap_cli - WARNING - 未在视频帧中检测到人脸
2025-04-29 08:43:02,435 - face_swap_cli - WARNING - 未在视频帧中检测到人脸
2025-04-29 08:43:02,495 - face_swap_cli - WARNING - 未在视频帧中检测到人脸
2025-04-29 08:43:02,561 - face_swap_cli - WARNING - 未在视频帧中检测到人脸
2025-04-29 08:43:02,621 - face_swap_cli - WARNING - 未在视频帧中检测到人脸
2025-04-29 08:43:02,685 - face_swap_cli - WARNING - 未在视频帧中检测到人脸
2025-04-29 08:43:02,749 - face_swap_cli - WARNING - 未在视频帧中检测到人脸
2025-04-29 08:43:02,817 - face_swap_cli - WARNING - 未在视频帧中检测到人脸
2025-04-29 08:43:02,866 - face_swap_cli - WARNING - 未在视频帧中检测到人脸
2025-04-29 08:43:02,943 - face_swap_cli - WARNING - 未在视频帧中检测到人脸
2025-04-29 08:43:03,000 - face_swap_cli - WARNING - 未在视频帧中检测到人脸
2025-04-29 08:43:03,064 - face_swap_cli - WARNING - 未在视频帧中检测到人脸
2025-04-29 08:43:03,123 - face_swap_cli - WARNING - 未在视频帧中检测到人脸
2025-04-29 08:43:03,180 - face_swap_cli - WARNING - 未在视频帧中检测到人脸
2025-04-29 08:43:03,241 - face_swap_cli - WARNING - 未在视频帧中检测到人脸
2025-04-29 08:43:03,297 - face_swap_cli - WARNING - 未在视频帧中检测到人脸
2025-04-29 08:43:03,370 - face_swap_cli - WARNING - 未在视频帧中检测到人脸
2025-04-29 08:43:03,435 - face_swap_cli - WARNING - 未在视频帧中检测到人脸
2025-04-29 08:43:03,484 - face_swap_cli - WARNING - 未在视频帧中检测到人脸
2025-04-29 08:43:03,553 - face_swap_cli - WARNING - 未在视频帧中检测到人脸
2025-04-29 08:43:03,610 - face_swap_cli - WARNING - 未在视频帧中检测到人脸
2025-04-29 08:43:03,683 - face_swap_cli - WARNING - 未在视频帧中检测到人脸
2025-04-29 08:43:03,741 - face_swap_cli - WARNING - 未在视频帧中检测到人脸
2025-04-29 08:43:03,804 - face_swap_cli - WARNING - 未在视频帧中检测到人脸
2025-04-29 08:43:03,873 - face_swap_cli - WARNING - 未在视频帧中检测到人脸
2025-04-29 08:43:03,937 - face_swap_cli - WARNING - 未在视频帧中检测到人脸
2025-04-29 08:43:03,999 - face_swap_cli - WARNING - 未在视频帧中检测到人脸
2025-04-29 08:43:04,051 - face_swap_cli - WARNING - 未在视频帧中检测到人脸
2025-04-29 08:43:04,111 - face_swap_cli - WARNING - 未在视频帧中检测到人脸
2025-04-29 08:43:04,186 - face_swap_cli - WARNING - 未在视频帧中检测到人脸
2025-04-29 08:43:04,240 - face_swap_cli - WARNING - 未在视频帧中检测到人脸
2025-04-29 08:43:04,310 - face_swap_cli - WARNING - 未在视频帧中检测到人脸
2025-04-29 08:43:04,373 - face_swap_cli - WARNING - 未在视频帧中检测到人脸
2025-04-29 08:43:04,430 - face_swap_cli - WARNING - 未在视频帧中检测到人脸
2025-04-29 08:43:04,490 - face_swap_cli - WARNING - 未在视频帧中检测到人脸
2025-04-29 08:43:04,548 - face_swap_cli - WARNING - 未在视频帧中检测到人脸
2025-04-29 08:43:04,612 - face_swap_cli - WARNING - 未在视频帧中检测到人脸
2025-04-29 08:43:04,682 - face_swap_cli - WARNING - 未在视频帧中检测到人脸
2025-04-29 08:43:04,731 - face_swap_cli - WARNING - 未在视频帧中检测到人脸
2025-04-29 08:43:04,796 - face_swap_cli - WARNING - 未在视频帧中检测到人脸
2025-04-29 08:43:04,869 - face_swap_cli - WARNING - 未在视频帧中检测到人脸
2025-04-29 08:43:04,928 - face_swap_cli - WARNING - 未在视频帧中检测到人脸
2025-04-29 08:43:04,991 - face_swap_cli - WARNING - 未在视频帧中检测到人脸
2025-04-29 08:43:05,041 - face_swap_cli - WARNING - 未在视频帧中检测到人脸
2025-04-29 08:43:05,108 - face_swap_cli - WARNING - 未在视频帧中检测到人脸
2025-04-29 08:43:05,172 - face_swap_cli - WARNING - 未在视频帧中检测到人脸
2025-04-29 08:43:05,237 - face_swap_cli - WARNING - 未在视频帧中检测到人脸
2025-04-29 08:43:05,237 - py.warnings - WARNING - E:\anaconda\envs\face_swap\lib\site-packages\moviepy\video\io\ffmpeg_reader.py:123: UserWarning: Warning: in file E:\face\data\input_videos\Video_1728365311307.mp4, 2211840 bytes wanted but 0 bytes read,at frame 194/195, at time 3.96/3.96 sec. Using the last valid frame instead.
  warnings.warn("Warning: in file %s, "%(self.filename)+

2025-04-29 08:43:05,291 - face_swap_cli - WARNING - 未在视频帧中检测到人脸
2025-04-29 08:43:05,360 - face_swap_cli - INFO - 视频处理完成: E:\face\output_videos\result.mp4
