2025-04-29 18:36:12,624 - face_swap - INFO - ³É¹¦¼ÓÔØ¼¶Áª·ÖÀàÆ÷
2025-04-29 18:36:13,487 - face_swap - INFO - ³É¹¦¼ÓÔØÌØÕ÷µãÔ¤²âÄ£ÐÍ
2025-04-29 18:36:15,801 - face_swap - INFO - ³É¹¦¼ÓÔØInsightFaceÄ£ÐÍ: e:\face\models\inswapper_128.onnx
2025-04-29 18:39:01,352 - face_swap - INFO - ¿ªÊ¼´¦ÀíÊÓÆµ: E:/face/data/input_videos/MV_20250411_211735.mp4
2025-04-29 18:39:01,358 - face_swap - INFO - Ê¹ÓÃÌæ»»·½·¨: inswapper
2025-04-29 18:39:01,378 - face_swap - INFO - ÊÓÆµÐÅÏ¢: 1080x1920, 20.035618878005344fps, 174Ö¡
2025-04-29 18:39:01,381 - face_swap - INFO - ´´½¨Ïß³Ì³Ø£¬¹¤×÷Ïß³ÌÊý: 8
2025-04-29 18:39:01,431 - face_swap - ERROR - PILÍ¼Ïñ×ª»»Ê§°Ü: image file is truncated (2464 bytes not processed)
2025-04-29 18:39:01,431 - face_swap - ERROR - PILÍ¼Ïñ×ª»»Ê§°Ü: image file is truncated (100 bytes not processed)
2025-04-29 18:39:01,436 - face_swap - ERROR - PILÍ¼Ïñ×ª»»Ê§°Ü: image file is truncated (0 bytes not processed)
2025-04-29 18:39:01,442 - face_swap - ERROR - PILÍ¼Ïñ×ª»»Ê§°Ü: image file is truncated (0 bytes not processed)
2025-04-29 18:39:01,453 - face_swap - ERROR - PILÍ¼Ïñ×ª»»Ê§°Ü: image file is truncated (0 bytes not processed)
2025-04-29 18:39:01,499 - face_swap - ERROR - PILÍ¼Ïñ×ª»»Ê§°Ü: image file is truncated (0 bytes not processed)
2025-04-29 18:39:01,529 - face_swap - ERROR - PILÍ¼Ïñ×ª»»Ê§°Ü: image file is truncated (0 bytes not processed)
2025-04-29 18:39:01,646 - face_swap - ERROR - PILÍ¼Ïñ×ª»»Ê§°Ü: image file is truncated (0 bytes not processed)
2025-04-29 18:39:06,835 - face_swap - ERROR - PILÍ¼Ïñ×ª»»Ê§°Ü: image file is truncated (0 bytes not processed)
2025-04-29 18:39:07,097 - face_swap - ERROR - PILÍ¼Ïñ×ª»»Ê§°Ü: image file is truncated (0 bytes not processed)
2025-04-29 18:39:07,349 - face_swap - ERROR - PILÍ¼Ïñ×ª»»Ê§°Ü: image file is truncated (0 bytes not processed)
2025-04-29 18:39:07,418 - face_swap - ERROR - PILÍ¼Ïñ×ª»»Ê§°Ü: image file is truncated (0 bytes not processed)
2025-04-29 18:39:07,425 - face_swap - ERROR - PILÍ¼Ïñ×ª»»Ê§°Ü: image file is truncated (0 bytes not processed)
2025-04-29 18:39:07,890 - face_swap - ERROR - PILÍ¼Ïñ×ª»»Ê§°Ü: image file is truncated (0 bytes not processed)
2025-04-29 18:39:07,899 - face_swap - ERROR - PILÍ¼Ïñ×ª»»Ê§°Ü: image file is truncated (0 bytes not processed)
2025-04-29 18:39:08,022 - face_swap - ERROR - PILÍ¼Ïñ×ª»»Ê§°Ü: image file is truncated (0 bytes not processed)
2025-04-29 18:39:12,326 - face_swap - ERROR - PILÍ¼Ïñ×ª»»Ê§°Ü: image file is truncated (0 bytes not processed)
2025-04-29 18:39:13,888 - face_swap - ERROR - PILÍ¼Ïñ×ª»»Ê§°Ü: image file is truncated (0 bytes not processed)
2025-04-29 18:39:14,582 - face_swap - ERROR - PILÍ¼Ïñ×ª»»Ê§°Ü: image file is truncated (0 bytes not processed)
2025-04-29 18:39:14,895 - face_swap - ERROR - PILÍ¼Ïñ×ª»»Ê§°Ü: image file is truncated (0 bytes not processed)
2025-04-29 18:39:14,907 - face_swap - ERROR - PILÍ¼Ïñ×ª»»Ê§°Ü: image file is truncated (0 bytes not processed)
2025-04-29 18:39:15,142 - face_swap - ERROR - PILÍ¼Ïñ×ª»»Ê§°Ü: image file is truncated (0 bytes not processed)
2025-04-29 18:39:15,569 - face_swap - ERROR - PILÍ¼Ïñ×ª»»Ê§°Ü: image file is truncated (0 bytes not processed)
2025-04-29 18:39:16,110 - face_swap - ERROR - PILÍ¼Ïñ×ª»»Ê§°Ü: image file is truncated (0 bytes not processed)
2025-04-29 18:39:19,048 - face_swap - ERROR - PILÍ¼Ïñ×ª»»Ê§°Ü: image file is truncated (0 bytes not processed)
2025-04-29 18:39:20,340 - face_swap - ERROR - PILÍ¼Ïñ×ª»»Ê§°Ü: image file is truncated (0 bytes not processed)
2025-04-29 18:39:22,390 - face_swap - ERROR - PILÍ¼Ïñ×ª»»Ê§°Ü: image file is truncated (0 bytes not processed)
2025-04-29 18:39:23,015 - face_swap - ERROR - PILÍ¼Ïñ×ª»»Ê§°Ü: image file is truncated (0 bytes not processed)
2025-04-29 18:39:23,107 - face_swap - ERROR - PILÍ¼Ïñ×ª»»Ê§°Ü: image file is truncated (0 bytes not processed)
2025-04-29 18:39:24,089 - face_swap - ERROR - PILÍ¼Ïñ×ª»»Ê§°Ü: image file is truncated (0 bytes not processed)
2025-04-29 18:39:24,416 - face_swap - ERROR - PILÍ¼Ïñ×ª»»Ê§°Ü: image file is truncated (0 bytes not processed)
2025-04-29 18:39:25,365 - face_swap - ERROR - PILÍ¼Ïñ×ª»»Ê§°Ü: image file is truncated (0 bytes not processed)
2025-04-29 18:39:27,273 - face_swap - ERROR - PILÍ¼Ïñ×ª»»Ê§°Ü: image file is truncated (0 bytes not processed)
2025-04-29 18:39:27,805 - face_swap - ERROR - PILÍ¼Ïñ×ª»»Ê§°Ü: image file is truncated (0 bytes not processed)
2025-04-29 18:39:31,002 - face_swap - ERROR - PILÍ¼Ïñ×ª»»Ê§°Ü: image file is truncated (0 bytes not processed)
2025-04-29 18:39:31,137 - face_swap - ERROR - PILÍ¼Ïñ×ª»»Ê§°Ü: image file is truncated (0 bytes not processed)
2025-04-29 18:39:31,232 - face_swap - ERROR - PILÍ¼Ïñ×ª»»Ê§°Ü: image file is truncated (0 bytes not processed)
2025-04-29 18:39:32,770 - face_swap - ERROR - PILÍ¼Ïñ×ª»»Ê§°Ü: image file is truncated (0 bytes not processed)
2025-04-29 18:39:33,648 - face_swap - ERROR - PILÍ¼Ïñ×ª»»Ê§°Ü: image file is truncated (0 bytes not processed)
2025-04-29 18:39:34,227 - face_swap - ERROR - PILÍ¼Ïñ×ª»»Ê§°Ü: image file is truncated (0 bytes not processed)
2025-04-29 18:39:35,173 - face_swap - ERROR - PILÍ¼Ïñ×ª»»Ê§°Ü: image file is truncated (0 bytes not processed)
2025-04-29 18:39:36,131 - face_swap - ERROR - PILÍ¼Ïñ×ª»»Ê§°Ü: image file is truncated (0 bytes not processed)
2025-04-29 18:39:39,259 - face_swap - ERROR - PILÍ¼Ïñ×ª»»Ê§°Ü: image file is truncated (0 bytes not processed)
2025-04-29 18:39:40,301 - face_swap - ERROR - PILÍ¼Ïñ×ª»»Ê§°Ü: image file is truncated (0 bytes not processed)
2025-04-29 18:39:41,611 - face_swap - ERROR - PILÍ¼Ïñ×ª»»Ê§°Ü: image file is truncated (0 bytes not processed)
2025-04-29 18:39:42,867 - face_swap - ERROR - PILÍ¼Ïñ×ª»»Ê§°Ü: image file is truncated (0 bytes not processed)
2025-04-29 18:39:43,655 - face_swap - ERROR - PILÍ¼Ïñ×ª»»Ê§°Ü: image file is truncated (0 bytes not processed)
2025-04-29 18:39:43,880 - face_swap - ERROR - PILÍ¼Ïñ×ª»»Ê§°Ü: image file is truncated (0 bytes not processed)
2025-04-29 18:39:44,528 - face_swap - ERROR - PILÍ¼Ïñ×ª»»Ê§°Ü: image file is truncated (0 bytes not processed)
2025-04-29 18:39:45,427 - face_swap - ERROR - PILÍ¼Ïñ×ª»»Ê§°Ü: image file is truncated (0 bytes not processed)
2025-04-29 18:39:49,470 - face_swap - ERROR - PILÍ¼Ïñ×ª»»Ê§°Ü: image file is truncated (0 bytes not processed)
2025-04-29 18:39:49,540 - face_swap - ERROR - PILÍ¼Ïñ×ª»»Ê§°Ü: image file is truncated (0 bytes not processed)
2025-04-29 18:39:49,710 - face_swap - ERROR - PILÍ¼Ïñ×ª»»Ê§°Ü: image file is truncated (0 bytes not processed)
2025-04-29 18:39:52,257 - face_swap - ERROR - PILÍ¼Ïñ×ª»»Ê§°Ü: image file is truncated (0 bytes not processed)
2025-04-29 18:39:52,904 - face_swap - ERROR - PILÍ¼Ïñ×ª»»Ê§°Ü: image file is truncated (0 bytes not processed)
2025-04-29 18:39:53,424 - face_swap - ERROR - PILÍ¼Ïñ×ª»»Ê§°Ü: image file is truncated (0 bytes not processed)
2025-04-29 18:39:54,353 - face_swap - ERROR - PILÍ¼Ïñ×ª»»Ê§°Ü: image file is truncated (0 bytes not processed)
2025-04-29 18:39:54,369 - face_swap - ERROR - PILÍ¼Ïñ×ª»»Ê§°Ü: image file is truncated (0 bytes not processed)
2025-04-29 18:39:57,295 - face_swap - ERROR - PILÍ¼Ïñ×ª»»Ê§°Ü: image file is truncated (0 bytes not processed)
2025-04-29 18:39:57,632 - face_swap - ERROR - PILÍ¼Ïñ×ª»»Ê§°Ü: image file is truncated (0 bytes not processed)
2025-04-29 18:40:00,060 - face_swap - ERROR - PILÍ¼Ïñ×ª»»Ê§°Ü: image file is truncated (0 bytes not processed)
2025-04-29 18:40:01,411 - face_swap - ERROR - PILÍ¼Ïñ×ª»»Ê§°Ü: image file is truncated (0 bytes not processed)
2025-04-29 18:40:02,943 - face_swap - ERROR - PILÍ¼Ïñ×ª»»Ê§°Ü: image file is truncated (0 bytes not processed)
2025-04-29 18:40:03,672 - face_swap - ERROR - PILÍ¼Ïñ×ª»»Ê§°Ü: image file is truncated (0 bytes not processed)
2025-04-29 18:40:04,499 - face_swap - ERROR - PILÍ¼Ïñ×ª»»Ê§°Ü: image file is truncated (0 bytes not processed)
2025-04-29 18:40:04,644 - face_swap - ERROR - PILÍ¼Ïñ×ª»»Ê§°Ü: image file is truncated (0 bytes not processed)
2025-04-29 18:40:05,291 - face_swap - ERROR - PILÍ¼Ïñ×ª»»Ê§°Ü: image file is truncated (0 bytes not processed)
2025-04-29 18:40:07,144 - face_swap - ERROR - PILÍ¼Ïñ×ª»»Ê§°Ü: image file is truncated (0 bytes not processed)
2025-04-29 18:40:08,762 - face_swap - ERROR - PILÍ¼Ïñ×ª»»Ê§°Ü: image file is truncated (0 bytes not processed)
2025-04-29 18:40:09,443 - face_swap - ERROR - PILÍ¼Ïñ×ª»»Ê§°Ü: image file is truncated (0 bytes not processed)
2025-04-29 18:40:10,827 - face_swap - ERROR - PILÍ¼Ïñ×ª»»Ê§°Ü: image file is truncated (0 bytes not processed)
2025-04-29 18:40:13,315 - face_swap - ERROR - PILÍ¼Ïñ×ª»»Ê§°Ü: image file is truncated (0 bytes not processed)
2025-04-29 18:40:13,787 - face_swap - ERROR - PILÍ¼Ïñ×ª»»Ê§°Ü: image file is truncated (0 bytes not processed)
2025-04-29 18:40:14,693 - face_swap - ERROR - PILÍ¼Ïñ×ª»»Ê§°Ü: image file is truncated (0 bytes not processed)
2025-04-29 18:40:14,898 - face_swap - ERROR - PILÍ¼Ïñ×ª»»Ê§°Ü: image file is truncated (0 bytes not processed)
2025-04-29 18:40:16,895 - face_swap - ERROR - PILÍ¼Ïñ×ª»»Ê§°Ü: image file is truncated (0 bytes not processed)
2025-04-29 18:40:17,672 - face_swap - ERROR - PILÍ¼Ïñ×ª»»Ê§°Ü: image file is truncated (0 bytes not processed)
2025-04-29 18:40:17,800 - face_swap - ERROR - PILÍ¼Ïñ×ª»»Ê§°Ü: image file is truncated (0 bytes not processed)
2025-04-29 18:40:19,638 - face_swap - ERROR - PILÍ¼Ïñ×ª»»Ê§°Ü: image file is truncated (0 bytes not processed)
2025-04-29 18:40:22,408 - face_swap - ERROR - PILÍ¼Ïñ×ª»»Ê§°Ü: image file is truncated (0 bytes not processed)
2025-04-29 18:40:22,485 - face_swap - ERROR - PILÍ¼Ïñ×ª»»Ê§°Ü: image file is truncated (0 bytes not processed)
2025-04-29 18:40:22,961 - face_swap - ERROR - PILÍ¼Ïñ×ª»»Ê§°Ü: image file is truncated (0 bytes not processed)
2025-04-29 18:40:23,929 - face_swap - ERROR - PILÍ¼Ïñ×ª»»Ê§°Ü: image file is truncated (0 bytes not processed)
2025-04-29 18:40:26,509 - face_swap - ERROR - PILÍ¼Ïñ×ª»»Ê§°Ü: image file is truncated (0 bytes not processed)
2025-04-29 18:40:26,675 - face_swap - ERROR - PILÍ¼Ïñ×ª»»Ê§°Ü: image file is truncated (0 bytes not processed)
2025-04-29 18:40:26,854 - face_swap - ERROR - PILÍ¼Ïñ×ª»»Ê§°Ü: image file is truncated (0 bytes not processed)
2025-04-29 18:40:27,853 - face_swap - ERROR - PILÍ¼Ïñ×ª»»Ê§°Ü: image file is truncated (0 bytes not processed)
2025-04-29 18:40:30,418 - face_swap - ERROR - PILÍ¼Ïñ×ª»»Ê§°Ü: image file is truncated (0 bytes not processed)
2025-04-29 18:40:31,040 - face_swap - ERROR - PILÍ¼Ïñ×ª»»Ê§°Ü: image file is truncated (0 bytes not processed)
2025-04-29 18:40:31,429 - face_swap - ERROR - PILÍ¼Ïñ×ª»»Ê§°Ü: image file is truncated (0 bytes not processed)
2025-04-29 18:40:33,438 - face_swap - ERROR - PILÍ¼Ïñ×ª»»Ê§°Ü: image file is truncated (0 bytes not processed)
2025-04-29 18:40:33,540 - face_swap - INFO - ´¦Àí½ø¶È: 100/174 (57.5%)
2025-04-29 18:40:34,854 - face_swap - ERROR - PILÍ¼Ïñ×ª»»Ê§°Ü: image file is truncated (0 bytes not processed)
2025-04-29 18:40:36,571 - face_swap - ERROR - PILÍ¼Ïñ×ª»»Ê§°Ü: image file is truncated (0 bytes not processed)
2025-04-29 18:40:37,540 - face_swap - ERROR - PILÍ¼Ïñ×ª»»Ê§°Ü: image file is truncated (0 bytes not processed)
2025-04-29 18:40:37,703 - face_swap - ERROR - PILÍ¼Ïñ×ª»»Ê§°Ü: image file is truncated (0 bytes not processed)
2025-04-29 18:40:39,707 - face_swap - ERROR - PILÍ¼Ïñ×ª»»Ê§°Ü: image file is truncated (0 bytes not processed)
2025-04-29 18:40:40,051 - face_swap - ERROR - PILÍ¼Ïñ×ª»»Ê§°Ü: image file is truncated (0 bytes not processed)
2025-04-29 18:40:41,214 - face_swap - ERROR - PILÍ¼Ïñ×ª»»Ê§°Ü: image file is truncated (0 bytes not processed)
2025-04-29 18:40:42,630 - face_swap - ERROR - PILÍ¼Ïñ×ª»»Ê§°Ü: image file is truncated (0 bytes not processed)
2025-04-29 18:40:42,742 - face_swap - ERROR - PILÍ¼Ïñ×ª»»Ê§°Ü: image file is truncated (0 bytes not processed)
2025-04-29 18:40:44,696 - face_swap - ERROR - PILÍ¼Ïñ×ª»»Ê§°Ü: image file is truncated (0 bytes not processed)
2025-04-29 18:40:45,790 - face_swap - ERROR - PILÍ¼Ïñ×ª»»Ê§°Ü: image file is truncated (0 bytes not processed)
2025-04-29 18:40:46,096 - face_swap - ERROR - PILÍ¼Ïñ×ª»»Ê§°Ü: image file is truncated (0 bytes not processed)
2025-04-29 18:40:48,410 - face_swap - ERROR - PILÍ¼Ïñ×ª»»Ê§°Ü: image file is truncated (0 bytes not processed)
2025-04-29 18:40:49,066 - face_swap - ERROR - PILÍ¼Ïñ×ª»»Ê§°Ü: image file is truncated (0 bytes not processed)
2025-04-29 18:40:49,627 - face_swap - ERROR - PILÍ¼Ïñ×ª»»Ê§°Ü: image file is truncated (0 bytes not processed)
2025-04-29 18:40:51,434 - face_swap - ERROR - PILÍ¼Ïñ×ª»»Ê§°Ü: image file is truncated (0 bytes not processed)
2025-04-29 18:40:51,576 - face_swap - ERROR - PILÍ¼Ïñ×ª»»Ê§°Ü: image file is truncated (0 bytes not processed)
2025-04-29 18:40:53,348 - face_swap - ERROR - PILÍ¼Ïñ×ª»»Ê§°Ü: image file is truncated (0 bytes not processed)
2025-04-29 18:40:54,200 - face_swap - ERROR - PILÍ¼Ïñ×ª»»Ê§°Ü: image file is truncated (0 bytes not processed)
2025-04-29 18:40:55,408 - face_swap - ERROR - PILÍ¼Ïñ×ª»»Ê§°Ü: image file is truncated (0 bytes not processed)
2025-04-29 18:40:57,488 - face_swap - ERROR - PILÍ¼Ïñ×ª»»Ê§°Ü: image file is truncated (0 bytes not processed)
2025-04-29 18:40:58,318 - face_swap - ERROR - PILÍ¼Ïñ×ª»»Ê§°Ü: image file is truncated (0 bytes not processed)
2025-04-29 18:40:58,416 - face_swap - ERROR - PILÍ¼Ïñ×ª»»Ê§°Ü: image file is truncated (0 bytes not processed)
2025-04-29 18:40:59,807 - face_swap - ERROR - PILÍ¼Ïñ×ª»»Ê§°Ü: image file is truncated (0 bytes not processed)
2025-04-29 18:41:01,428 - face_swap - ERROR - PILÍ¼Ïñ×ª»»Ê§°Ü: image file is truncated (0 bytes not processed)
2025-04-29 18:41:02,457 - face_swap - ERROR - PILÍ¼Ïñ×ª»»Ê§°Ü: image file is truncated (0 bytes not processed)
2025-04-29 18:41:02,679 - face_swap - ERROR - PILÍ¼Ïñ×ª»»Ê§°Ü: image file is truncated (0 bytes not processed)
2025-04-29 18:41:04,673 - face_swap - ERROR - PILÍ¼Ïñ×ª»»Ê§°Ü: image file is truncated (0 bytes not processed)
2025-04-29 18:41:06,762 - face_swap - ERROR - PILÍ¼Ïñ×ª»»Ê§°Ü: image file is truncated (0 bytes not processed)
2025-04-29 18:41:06,839 - face_swap - ERROR - PILÍ¼Ïñ×ª»»Ê§°Ü: image file is truncated (0 bytes not processed)
2025-04-29 18:41:06,914 - face_swap - ERROR - PILÍ¼Ïñ×ª»»Ê§°Ü: image file is truncated (0 bytes not processed)
2025-04-29 18:41:07,572 - face_swap - ERROR - PILÍ¼Ïñ×ª»»Ê§°Ü: image file is truncated (0 bytes not processed)
2025-04-29 18:41:09,946 - face_swap - ERROR - PILÍ¼Ïñ×ª»»Ê§°Ü: image file is truncated (0 bytes not processed)
2025-04-29 18:41:10,829 - face_swap - ERROR - PILÍ¼Ïñ×ª»»Ê§°Ü: image file is truncated (0 bytes not processed)
2025-04-29 18:41:11,283 - face_swap - ERROR - PILÍ¼Ïñ×ª»»Ê§°Ü: image file is truncated (0 bytes not processed)
2025-04-29 18:41:13,662 - face_swap - ERROR - PILÍ¼Ïñ×ª»»Ê§°Ü: image file is truncated (0 bytes not processed)
2025-04-29 18:41:14,235 - face_swap - ERROR - PILÍ¼Ïñ×ª»»Ê§°Ü: image file is truncated (0 bytes not processed)
2025-04-29 18:41:15,710 - face_swap - ERROR - PILÍ¼Ïñ×ª»»Ê§°Ü: image file is truncated (0 bytes not processed)
2025-04-29 18:41:16,551 - face_swap - ERROR - PILÍ¼Ïñ×ª»»Ê§°Ü: image file is truncated (0 bytes not processed)
2025-04-29 18:41:16,933 - face_swap - ERROR - PILÍ¼Ïñ×ª»»Ê§°Ü: image file is truncated (0 bytes not processed)
2025-04-29 18:41:19,644 - face_swap - ERROR - PILÍ¼Ïñ×ª»»Ê§°Ü: image file is truncated (0 bytes not processed)
2025-04-29 18:41:19,718 - face_swap - ERROR - PILÍ¼Ïñ×ª»»Ê§°Ü: image file is truncated (0 bytes not processed)
2025-04-29 18:41:20,001 - face_swap - ERROR - PILÍ¼Ïñ×ª»»Ê§°Ü: image file is truncated (0 bytes not processed)
2025-04-29 18:41:21,831 - face_swap - ERROR - PILÍ¼Ïñ×ª»»Ê§°Ü: image file is truncated (0 bytes not processed)
2025-04-29 18:41:22,622 - face_swap - ERROR - PILÍ¼Ïñ×ª»»Ê§°Ü: image file is truncated (0 bytes not processed)
2025-04-29 18:41:23,885 - face_swap - ERROR - PILÍ¼Ïñ×ª»»Ê§°Ü: image file is truncated (0 bytes not processed)
2025-04-29 18:41:24,189 - face_swap - ERROR - PILÍ¼Ïñ×ª»»Ê§°Ü: image file is truncated (0 bytes not processed)
2025-04-29 18:41:25,475 - face_swap - ERROR - PILÍ¼Ïñ×ª»»Ê§°Ü: image file is truncated (0 bytes not processed)
2025-04-29 18:41:28,114 - face_swap - ERROR - PILÍ¼Ïñ×ª»»Ê§°Ü: image file is truncated (0 bytes not processed)
2025-04-29 18:41:28,606 - face_swap - ERROR - PILÍ¼Ïñ×ª»»Ê§°Ü: image file is truncated (0 bytes not processed)
2025-04-29 18:41:30,536 - face_swap - ERROR - PILÍ¼Ïñ×ª»»Ê§°Ü: image file is truncated (0 bytes not processed)
2025-04-29 18:41:30,747 - face_swap - ERROR - PILÍ¼Ïñ×ª»»Ê§°Ü: image file is truncated (0 bytes not processed)
2025-04-29 18:41:31,415 - face_swap - ERROR - PILÍ¼Ïñ×ª»»Ê§°Ü: image file is truncated (0 bytes not processed)
2025-04-29 18:41:32,239 - face_swap - ERROR - PILÍ¼Ïñ×ª»»Ê§°Ü: image file is truncated (0 bytes not processed)
2025-04-29 18:41:33,535 - face_swap - ERROR - PILÍ¼Ïñ×ª»»Ê§°Ü: image file is truncated (0 bytes not processed)
2025-04-29 18:41:33,991 - face_swap - ERROR - PILÍ¼Ïñ×ª»»Ê§°Ü: image file is truncated (0 bytes not processed)
2025-04-29 18:41:36,374 - face_swap - ERROR - PILÍ¼Ïñ×ª»»Ê§°Ü: image file is truncated (0 bytes not processed)
2025-04-29 18:41:36,740 - face_swap - ERROR - PILÍ¼Ïñ×ª»»Ê§°Ü: image file is truncated (0 bytes not processed)
2025-04-29 18:41:39,812 - face_swap - ERROR - PILÍ¼Ïñ×ª»»Ê§°Ü: image file is truncated (0 bytes not processed)
2025-04-29 18:41:39,836 - face_swap - ERROR - PILÍ¼Ïñ×ª»»Ê§°Ü: image file is truncated (0 bytes not processed)
2025-04-29 18:41:40,657 - face_swap - ERROR - PILÍ¼Ïñ×ª»»Ê§°Ü: image file is truncated (0 bytes not processed)
2025-04-29 18:41:40,861 - face_swap - ERROR - PILÍ¼Ïñ×ª»»Ê§°Ü: image file is truncated (0 bytes not processed)
2025-04-29 18:41:42,791 - face_swap - ERROR - PILÍ¼Ïñ×ª»»Ê§°Ü: image file is truncated (0 bytes not processed)
2025-04-29 18:41:43,125 - face_swap - ERROR - PILÍ¼Ïñ×ª»»Ê§°Ü: image file is truncated (0 bytes not processed)
2025-04-29 18:41:44,176 - face_swap - ERROR - PILÍ¼Ïñ×ª»»Ê§°Ü: image file is truncated (0 bytes not processed)
2025-04-29 18:41:45,009 - face_swap - ERROR - PILÍ¼Ïñ×ª»»Ê§°Ü: image file is truncated (0 bytes not processed)
2025-04-29 18:41:47,751 - face_swap - ERROR - PILÍ¼Ïñ×ª»»Ê§°Ü: image file is truncated (0 bytes not processed)
2025-04-29 18:41:47,955 - face_swap - ERROR - PILÍ¼Ïñ×ª»»Ê§°Ü: image file is truncated (0 bytes not processed)
2025-04-29 18:41:48,994 - face_swap - ERROR - PILÍ¼Ïñ×ª»»Ê§°Ü: image file is truncated (0 bytes not processed)
2025-04-29 18:41:49,776 - face_swap - ERROR - PILÍ¼Ïñ×ª»»Ê§°Ü: image file is truncated (0 bytes not processed)
2025-04-29 18:41:51,199 - face_swap - ERROR - PILÍ¼Ïñ×ª»»Ê§°Ü: image file is truncated (0 bytes not processed)
2025-04-29 18:41:51,471 - face_swap - ERROR - PILÍ¼Ïñ×ª»»Ê§°Ü: image file is truncated (0 bytes not processed)
2025-04-29 18:41:51,690 - face_swap - ERROR - PILÍ¼Ïñ×ª»»Ê§°Ü: image file is truncated (0 bytes not processed)
2025-04-29 18:41:52,076 - face_swap - ERROR - PILÍ¼Ïñ×ª»»Ê§°Ü: image file is truncated (0 bytes not processed)
2025-04-29 18:41:52,103 - face_swap - INFO - ´¦Àí½ø¶È: 174/174 (100.0%)
2025-04-29 18:41:53,515 - face_swap - ERROR - PILÍ¼Ïñ×ª»»Ê§°Ü: image file is truncated (0 bytes not processed)
2025-04-29 18:41:54,728 - face_swap - ERROR - PILÍ¼Ïñ×ª»»Ê§°Ü: image file is truncated (0 bytes not processed)
2025-04-29 18:41:58,252 - face_swap - ERROR - PILÍ¼Ïñ×ª»»Ê§°Ü: image file is truncated (0 bytes not processed)
2025-04-29 18:41:58,745 - face_swap - ERROR - PILÍ¼Ïñ×ª»»Ê§°Ü: image file is truncated (0 bytes not processed)
2025-04-29 18:41:59,779 - face_swap - ERROR - PILÍ¼Ïñ×ª»»Ê§°Ü: image file is truncated (0 bytes not processed)
2025-04-29 18:42:00,666 - face_swap - ERROR - PILÍ¼Ïñ×ª»»Ê§°Ü: image file is truncated (0 bytes not processed)
2025-04-29 18:42:00,682 - face_swap - ERROR - PILÍ¼Ïñ×ª»»Ê§°Ü: image file is truncated (0 bytes not processed)
2025-04-29 18:42:00,760 - face_swap - ERROR - PILÍ¼Ïñ×ª»»Ê§°Ü: image file is truncated (0 bytes not processed)
2025-04-29 18:42:01,244 - face_swap - ERROR - PILÍ¼Ïñ×ª»»Ê§°Ü: image file is truncated (0 bytes not processed)
2025-04-29 18:44:16,461 - face_swap - ERROR - ¼ÓÔØÊÓÆµÊ±³ö´í: 'FaceSwapApp' object has no attribute 'duration'
2025-04-29 19:17:32,127 - face_swap - INFO - ¿ªÊ¼´¦ÀíÊÓÆµ: E:/face/data/input_videos/MV_20250411_211735.mp4
2025-04-29 19:17:32,132 - face_swap - INFO - Ê¹ÓÃÌæ»»·½·¨: inswapper
2025-04-29 19:17:32,150 - face_swap - INFO - ÊÓÆµÐÅÏ¢: 1080x1920, 20.035618878005344fps, 174Ö¡
2025-04-29 19:17:32,152 - face_swap - INFO - ´´½¨Ïß³Ì³Ø£¬¹¤×÷Ïß³ÌÊý: 8
2025-04-29 19:19:02,629 - face_swap - INFO - ´¦Àí½ø¶È: 100/174 (57.5%)
2025-04-29 19:20:47,342 - face_swap - INFO - ´¦Àí½ø¶È: 174/174 (100.0%)
2025-04-29 19:30:42,874 - face_swap - ERROR - ¼ÓÔØÊÓÆµÊ±³ö´í: 'FaceSwapApp' object has no attribute 'duration'
