2025-05-17 22:51:29,484 - py.warnings - WARNING - e:\face\src\face_swap_ui_enhanced.py:28: DeprecationWarning: sipPyTypeDict() is deprecated, the extension module should use sipPyTypeDictRef() instead
  class VideoProcessingThread(QThread):

2025-05-17 22:51:29,484 - py.warnings - WARNING - e:\face\src\face_swap_ui_enhanced.py:87: DeprecationWarning: sipPyTypeDict() is deprecated, the extension module should use sipPyTypeDictRef() instead
  class CircularProgressBar(QWidget):

2025-05-17 22:51:29,484 - py.warnings - WARNING - e:\face\src\face_swap_ui_enhanced.py:124: DeprecationWarning: sipPyTypeDict() is deprecated, the extension module should use sipPyTypeDictRef() instead
  class GlowingButton(QPushButton):

2025-05-17 22:51:29,484 - py.warnings - WARNING - e:\face\src\face_swap_ui_enhanced.py:148: DeprecationWarning: sipPyTypeDict() is deprecated, the extension module should use sipPyTypeDictRef() instead
  class EnhancedFaceSwapUI(QMainWindow):

2025-05-17 22:51:29,505 - qdarkstyle - INFO - QSS file successfully loaded.
2025-05-17 22:51:29,505 - qdarkstyle - INFO - Found version patches to be applied.
2025-05-17 22:51:29,506 - qdarkstyle - INFO - Found application patches to be applied.
2025-05-17 22:51:29,534 - face_swap - INFO - 成功加载级联分类器
2025-05-17 22:51:30,444 - face_swap - INFO - 成功加载特征点预测模型
2025-05-17 22:51:32,985 - face_swap - INFO - 成功加载InsightFace模型: e:\face\models\inswapper_128.onnx
2025-05-17 22:52:04,405 - face_swap - INFO - 状态: 正在处理视频...
2025-05-17 22:52:04,429 - face_swap - INFO - 视频信息: 1080x1920, 20.035618878005344fps, 191帧
2025-05-17 22:52:04,429 - face_swap - INFO - 输出文件: e:\face\output_videos\MV_20250411_190055_face_swap_1747493524.mp4
2025-05-17 22:52:04,430 - face_swap - INFO - 状态: 正在处理视频: 1080x1920, 20.035618878005344fps, 191帧
2025-05-17 22:52:04,430 - face_swap - INFO - 使用InsightFace，限制工作线程数为: 2
2025-05-17 22:52:04,430 - face_swap - INFO - 进度: 0.0% 准备处理
2025-05-17 22:52:04,472 - face_swap - INFO - 进度: 0.5% 处理帧 1/191
2025-05-17 22:52:04,480 - face_swap - INFO - 进度: 1.0% 处理帧 2/191
2025-05-17 22:52:04,491 - face_swap - INFO - 进度: 1.6% 处理帧 3/191
2025-05-17 22:52:04,507 - face_swap - INFO - 进度: 2.1% 处理帧 4/191
2025-05-17 22:52:04,520 - face_swap - INFO - 进度: 2.6% 处理帧 5/191
2025-05-17 22:52:04,531 - face_swap - INFO - 进度: 3.1% 处理帧 6/191
2025-05-17 22:52:04,541 - face_swap - INFO - 进度: 3.7% 处理帧 7/191
2025-05-17 22:52:06,237 - face_swap - ERROR - 颜色平衡调整出错: OpenCV(4.11.0) D:\a\opencv-python\opencv-python\opencv\modules\imgproc\src\smooth.dispatch.cpp:294: error: (-215:Assertion failed) ksize.width > 0 && ksize.width % 2 == 1 && ksize.height > 0 && ksize.height % 2 == 1 in function 'cv::createGaussianKernels'

2025-05-17 22:52:06,253 - face_swap - ERROR - 颜色平衡调整出错: OpenCV(4.11.0) D:\a\opencv-python\opencv-python\opencv\modules\imgproc\src\smooth.dispatch.cpp:294: error: (-215:Assertion failed) ksize.width > 0 && ksize.width % 2 == 1 && ksize.height > 0 && ksize.height % 2 == 1 in function 'cv::createGaussianKernels'

2025-05-17 22:52:06,274 - face_swap - INFO - 进度: 4.2% 处理帧 8/191
2025-05-17 22:52:06,320 - face_swap - INFO - 进度: 4.7% 处理帧 9/191
2025-05-17 22:52:07,985 - face_swap - ERROR - 颜色平衡调整出错: OpenCV(4.11.0) D:\a\opencv-python\opencv-python\opencv\modules\imgproc\src\smooth.dispatch.cpp:294: error: (-215:Assertion failed) ksize.width > 0 && ksize.width % 2 == 1 && ksize.height > 0 && ksize.height % 2 == 1 in function 'cv::createGaussianKernels'

2025-05-17 22:52:07,995 - face_swap - INFO - 进度: 5.2% 处理帧 10/191
2025-05-17 22:52:08,162 - face_swap - ERROR - 颜色平衡调整出错: OpenCV(4.11.0) D:\a\opencv-python\opencv-python\opencv\modules\imgproc\src\smooth.dispatch.cpp:294: error: (-215:Assertion failed) ksize.width > 0 && ksize.width % 2 == 1 && ksize.height > 0 && ksize.height % 2 == 1 in function 'cv::createGaussianKernels'

2025-05-17 22:52:08,278 - face_swap - INFO - 进度: 5.8% 处理帧 11/191
2025-05-17 22:52:10,046 - face_swap - ERROR - 颜色平衡调整出错: OpenCV(4.11.0) D:\a\opencv-python\opencv-python\opencv\modules\imgproc\src\smooth.dispatch.cpp:294: error: (-215:Assertion failed) ksize.width > 0 && ksize.width % 2 == 1 && ksize.height > 0 && ksize.height % 2 == 1 in function 'cv::createGaussianKernels'

2025-05-17 22:52:10,083 - face_swap - INFO - 进度: 6.3% 处理帧 12/191
2025-05-17 22:52:10,795 - face_swap - ERROR - 颜色平衡调整出错: OpenCV(4.11.0) D:\a\opencv-python\opencv-python\opencv\modules\imgproc\src\smooth.dispatch.cpp:294: error: (-215:Assertion failed) ksize.width > 0 && ksize.width % 2 == 1 && ksize.height > 0 && ksize.height % 2 == 1 in function 'cv::createGaussianKernels'

2025-05-17 22:52:10,842 - face_swap - INFO - 进度: 6.8% 处理帧 13/191
2025-05-17 22:52:12,485 - face_swap - ERROR - 颜色平衡调整出错: OpenCV(4.11.0) D:\a\opencv-python\opencv-python\opencv\modules\imgproc\src\smooth.dispatch.cpp:294: error: (-215:Assertion failed) ksize.width > 0 && ksize.width % 2 == 1 && ksize.height > 0 && ksize.height % 2 == 1 in function 'cv::createGaussianKernels'

2025-05-17 22:52:12,518 - face_swap - INFO - 进度: 7.3% 处理帧 14/191
2025-05-17 22:52:13,810 - face_swap - ERROR - 颜色平衡调整出错: OpenCV(4.11.0) D:\a\opencv-python\opencv-python\opencv\modules\imgproc\src\smooth.dispatch.cpp:294: error: (-215:Assertion failed) ksize.width > 0 && ksize.width % 2 == 1 && ksize.height > 0 && ksize.height % 2 == 1 in function 'cv::createGaussianKernels'

2025-05-17 22:52:13,848 - face_swap - INFO - 进度: 7.9% 处理帧 15/191
2025-05-17 22:52:14,749 - face_swap - ERROR - 颜色平衡调整出错: OpenCV(4.11.0) D:\a\opencv-python\opencv-python\opencv\modules\imgproc\src\smooth.dispatch.cpp:294: error: (-215:Assertion failed) ksize.width > 0 && ksize.width % 2 == 1 && ksize.height > 0 && ksize.height % 2 == 1 in function 'cv::createGaussianKernels'

2025-05-17 22:52:14,789 - face_swap - INFO - 进度: 8.4% 处理帧 16/191
2025-05-17 22:52:16,406 - face_swap - ERROR - 颜色平衡调整出错: OpenCV(4.11.0) D:\a\opencv-python\opencv-python\opencv\modules\imgproc\src\smooth.dispatch.cpp:294: error: (-215:Assertion failed) ksize.width > 0 && ksize.width % 2 == 1 && ksize.height > 0 && ksize.height % 2 == 1 in function 'cv::createGaussianKernels'

2025-05-17 22:52:16,440 - face_swap - INFO - 进度: 8.9% 处理帧 17/191
2025-05-17 22:52:17,565 - face_swap - ERROR - 颜色平衡调整出错: OpenCV(4.11.0) D:\a\opencv-python\opencv-python\opencv\modules\imgproc\src\smooth.dispatch.cpp:294: error: (-215:Assertion failed) ksize.width > 0 && ksize.width % 2 == 1 && ksize.height > 0 && ksize.height % 2 == 1 in function 'cv::createGaussianKernels'

2025-05-17 22:52:17,599 - face_swap - INFO - 进度: 9.4% 处理帧 18/191
2025-05-17 22:52:18,938 - face_swap - ERROR - 颜色平衡调整出错: OpenCV(4.11.0) D:\a\opencv-python\opencv-python\opencv\modules\imgproc\src\smooth.dispatch.cpp:294: error: (-215:Assertion failed) ksize.width > 0 && ksize.width % 2 == 1 && ksize.height > 0 && ksize.height % 2 == 1 in function 'cv::createGaussianKernels'

2025-05-17 22:52:18,970 - face_swap - INFO - 进度: 9.9% 处理帧 19/191
2025-05-17 22:52:20,608 - face_swap - ERROR - 颜色平衡调整出错: OpenCV(4.11.0) D:\a\opencv-python\opencv-python\opencv\modules\imgproc\src\smooth.dispatch.cpp:294: error: (-215:Assertion failed) ksize.width > 0 && ksize.width % 2 == 1 && ksize.height > 0 && ksize.height % 2 == 1 in function 'cv::createGaussianKernels'

2025-05-17 22:52:20,640 - face_swap - INFO - 进度: 10.5% 处理帧 20/191
2025-05-17 22:52:21,941 - face_swap - ERROR - 颜色平衡调整出错: OpenCV(4.11.0) D:\a\opencv-python\opencv-python\opencv\modules\imgproc\src\smooth.dispatch.cpp:294: error: (-215:Assertion failed) ksize.width > 0 && ksize.width % 2 == 1 && ksize.height > 0 && ksize.height % 2 == 1 in function 'cv::createGaussianKernels'

2025-05-17 22:52:22,033 - face_swap - INFO - 进度: 11.0% 处理帧 21/191
2025-05-17 22:52:23,388 - face_swap - ERROR - 颜色平衡调整出错: OpenCV(4.11.0) D:\a\opencv-python\opencv-python\opencv\modules\imgproc\src\smooth.dispatch.cpp:294: error: (-215:Assertion failed) ksize.width > 0 && ksize.width % 2 == 1 && ksize.height > 0 && ksize.height % 2 == 1 in function 'cv::createGaussianKernels'

2025-05-17 22:52:23,432 - face_swap - INFO - 进度: 11.5% 处理帧 22/191
2025-05-17 22:52:24,794 - face_swap - ERROR - 颜色平衡调整出错: OpenCV(4.11.0) D:\a\opencv-python\opencv-python\opencv\modules\imgproc\src\smooth.dispatch.cpp:294: error: (-215:Assertion failed) ksize.width > 0 && ksize.width % 2 == 1 && ksize.height > 0 && ksize.height % 2 == 1 in function 'cv::createGaussianKernels'

2025-05-17 22:52:24,831 - face_swap - INFO - 进度: 12.0% 处理帧 23/191
2025-05-17 22:52:26,629 - face_swap - ERROR - 颜色平衡调整出错: OpenCV(4.11.0) D:\a\opencv-python\opencv-python\opencv\modules\imgproc\src\smooth.dispatch.cpp:294: error: (-215:Assertion failed) ksize.width > 0 && ksize.width % 2 == 1 && ksize.height > 0 && ksize.height % 2 == 1 in function 'cv::createGaussianKernels'

2025-05-17 22:52:26,704 - face_swap - INFO - 进度: 12.6% 处理帧 24/191
2025-05-17 22:52:27,668 - face_swap - ERROR - 颜色平衡调整出错: OpenCV(4.11.0) D:\a\opencv-python\opencv-python\opencv\modules\imgproc\src\smooth.dispatch.cpp:294: error: (-215:Assertion failed) ksize.width > 0 && ksize.width % 2 == 1 && ksize.height > 0 && ksize.height % 2 == 1 in function 'cv::createGaussianKernels'

2025-05-17 22:52:27,710 - face_swap - INFO - 进度: 13.1% 处理帧 25/191
2025-05-17 22:52:29,444 - face_swap - ERROR - 颜色平衡调整出错: OpenCV(4.11.0) D:\a\opencv-python\opencv-python\opencv\modules\imgproc\src\smooth.dispatch.cpp:294: error: (-215:Assertion failed) ksize.width > 0 && ksize.width % 2 == 1 && ksize.height > 0 && ksize.height % 2 == 1 in function 'cv::createGaussianKernels'

2025-05-17 22:52:29,487 - face_swap - INFO - 进度: 13.6% 处理帧 26/191
2025-05-17 22:52:30,302 - face_swap - ERROR - 颜色平衡调整出错: OpenCV(4.11.0) D:\a\opencv-python\opencv-python\opencv\modules\imgproc\src\smooth.dispatch.cpp:294: error: (-215:Assertion failed) ksize.width > 0 && ksize.width % 2 == 1 && ksize.height > 0 && ksize.height % 2 == 1 in function 'cv::createGaussianKernels'

2025-05-17 22:52:30,408 - face_swap - INFO - 进度: 14.1% 处理帧 27/191
2025-05-17 22:52:32,170 - face_swap - ERROR - 颜色平衡调整出错: OpenCV(4.11.0) D:\a\opencv-python\opencv-python\opencv\modules\imgproc\src\smooth.dispatch.cpp:294: error: (-215:Assertion failed) ksize.width > 0 && ksize.width % 2 == 1 && ksize.height > 0 && ksize.height % 2 == 1 in function 'cv::createGaussianKernels'

2025-05-17 22:52:32,210 - face_swap - INFO - 进度: 14.7% 处理帧 28/191
2025-05-17 22:52:33,454 - face_swap - ERROR - 颜色平衡调整出错: OpenCV(4.11.0) D:\a\opencv-python\opencv-python\opencv\modules\imgproc\src\smooth.dispatch.cpp:294: error: (-215:Assertion failed) ksize.width > 0 && ksize.width % 2 == 1 && ksize.height > 0 && ksize.height % 2 == 1 in function 'cv::createGaussianKernels'

2025-05-17 22:52:33,491 - face_swap - INFO - 进度: 15.2% 处理帧 29/191
2025-05-17 22:52:34,815 - face_swap - ERROR - 颜色平衡调整出错: OpenCV(4.11.0) D:\a\opencv-python\opencv-python\opencv\modules\imgproc\src\smooth.dispatch.cpp:294: error: (-215:Assertion failed) ksize.width > 0 && ksize.width % 2 == 1 && ksize.height > 0 && ksize.height % 2 == 1 in function 'cv::createGaussianKernels'

2025-05-17 22:52:34,946 - face_swap - INFO - 进度: 15.7% 处理帧 30/191
2025-05-17 22:52:36,407 - face_swap - ERROR - 颜色平衡调整出错: OpenCV(4.11.0) D:\a\opencv-python\opencv-python\opencv\modules\imgproc\src\smooth.dispatch.cpp:294: error: (-215:Assertion failed) ksize.width > 0 && ksize.width % 2 == 1 && ksize.height > 0 && ksize.height % 2 == 1 in function 'cv::createGaussianKernels'

2025-05-17 22:52:36,462 - face_swap - INFO - 进度: 16.2% 处理帧 31/191
2025-05-17 22:52:38,319 - face_swap - ERROR - 颜色平衡调整出错: OpenCV(4.11.0) D:\a\opencv-python\opencv-python\opencv\modules\imgproc\src\smooth.dispatch.cpp:294: error: (-215:Assertion failed) ksize.width > 0 && ksize.width % 2 == 1 && ksize.height > 0 && ksize.height % 2 == 1 in function 'cv::createGaussianKernels'

2025-05-17 22:52:38,356 - face_swap - INFO - 进度: 16.8% 处理帧 32/191
2025-05-17 22:52:39,558 - face_swap - ERROR - 颜色平衡调整出错: OpenCV(4.11.0) D:\a\opencv-python\opencv-python\opencv\modules\imgproc\src\smooth.dispatch.cpp:294: error: (-215:Assertion failed) ksize.width > 0 && ksize.width % 2 == 1 && ksize.height > 0 && ksize.height % 2 == 1 in function 'cv::createGaussianKernels'

2025-05-17 22:52:39,674 - face_swap - INFO - 进度: 17.3% 处理帧 33/191
2025-05-17 22:52:41,689 - face_swap - ERROR - 颜色平衡调整出错: OpenCV(4.11.0) D:\a\opencv-python\opencv-python\opencv\modules\imgproc\src\smooth.dispatch.cpp:294: error: (-215:Assertion failed) ksize.width > 0 && ksize.width % 2 == 1 && ksize.height > 0 && ksize.height % 2 == 1 in function 'cv::createGaussianKernels'

2025-05-17 22:52:41,741 - face_swap - INFO - 进度: 17.8% 处理帧 34/191
2025-05-17 22:52:42,609 - face_swap - ERROR - 颜色平衡调整出错: OpenCV(4.11.0) D:\a\opencv-python\opencv-python\opencv\modules\imgproc\src\smooth.dispatch.cpp:294: error: (-215:Assertion failed) ksize.width > 0 && ksize.width % 2 == 1 && ksize.height > 0 && ksize.height % 2 == 1 in function 'cv::createGaussianKernels'

2025-05-17 22:52:42,644 - face_swap - INFO - 进度: 18.3% 处理帧 35/191
2025-05-17 22:52:44,594 - face_swap - ERROR - 颜色平衡调整出错: OpenCV(4.11.0) D:\a\opencv-python\opencv-python\opencv\modules\imgproc\src\smooth.dispatch.cpp:294: error: (-215:Assertion failed) ksize.width > 0 && ksize.width % 2 == 1 && ksize.height > 0 && ksize.height % 2 == 1 in function 'cv::createGaussianKernels'

2025-05-17 22:52:44,635 - face_swap - INFO - 进度: 18.8% 处理帧 36/191
2025-05-17 22:52:45,850 - face_swap - ERROR - 颜色平衡调整出错: OpenCV(4.11.0) D:\a\opencv-python\opencv-python\opencv\modules\imgproc\src\smooth.dispatch.cpp:294: error: (-215:Assertion failed) ksize.width > 0 && ksize.width % 2 == 1 && ksize.height > 0 && ksize.height % 2 == 1 in function 'cv::createGaussianKernels'

2025-05-17 22:52:45,893 - face_swap - INFO - 进度: 19.4% 处理帧 37/191
2025-05-17 22:52:47,754 - face_swap - ERROR - 颜色平衡调整出错: OpenCV(4.11.0) D:\a\opencv-python\opencv-python\opencv\modules\imgproc\src\smooth.dispatch.cpp:294: error: (-215:Assertion failed) ksize.width > 0 && ksize.width % 2 == 1 && ksize.height > 0 && ksize.height % 2 == 1 in function 'cv::createGaussianKernels'

2025-05-17 22:52:47,795 - face_swap - INFO - 进度: 19.9% 处理帧 38/191
2025-05-17 22:52:48,856 - face_swap - ERROR - 颜色平衡调整出错: OpenCV(4.11.0) D:\a\opencv-python\opencv-python\opencv\modules\imgproc\src\smooth.dispatch.cpp:294: error: (-215:Assertion failed) ksize.width > 0 && ksize.width % 2 == 1 && ksize.height > 0 && ksize.height % 2 == 1 in function 'cv::createGaussianKernels'

2025-05-17 22:52:48,990 - face_swap - INFO - 进度: 20.4% 处理帧 39/191
2025-05-17 22:52:51,207 - face_swap - ERROR - 颜色平衡调整出错: OpenCV(4.11.0) D:\a\opencv-python\opencv-python\opencv\modules\imgproc\src\smooth.dispatch.cpp:294: error: (-215:Assertion failed) ksize.width > 0 && ksize.width % 2 == 1 && ksize.height > 0 && ksize.height % 2 == 1 in function 'cv::createGaussianKernels'

2025-05-17 22:52:51,255 - face_swap - INFO - 进度: 20.9% 处理帧 40/191
2025-05-17 22:52:52,223 - face_swap - ERROR - 颜色平衡调整出错: OpenCV(4.11.0) D:\a\opencv-python\opencv-python\opencv\modules\imgproc\src\smooth.dispatch.cpp:294: error: (-215:Assertion failed) ksize.width > 0 && ksize.width % 2 == 1 && ksize.height > 0 && ksize.height % 2 == 1 in function 'cv::createGaussianKernels'

2025-05-17 22:52:52,265 - face_swap - INFO - 进度: 21.5% 处理帧 41/191
2025-05-17 22:52:54,086 - face_swap - ERROR - 颜色平衡调整出错: OpenCV(4.11.0) D:\a\opencv-python\opencv-python\opencv\modules\imgproc\src\smooth.dispatch.cpp:294: error: (-215:Assertion failed) ksize.width > 0 && ksize.width % 2 == 1 && ksize.height > 0 && ksize.height % 2 == 1 in function 'cv::createGaussianKernels'

2025-05-17 22:52:54,188 - face_swap - INFO - 进度: 22.0% 处理帧 42/191
2025-05-17 22:52:55,227 - face_swap - ERROR - 颜色平衡调整出错: OpenCV(4.11.0) D:\a\opencv-python\opencv-python\opencv\modules\imgproc\src\smooth.dispatch.cpp:294: error: (-215:Assertion failed) ksize.width > 0 && ksize.width % 2 == 1 && ksize.height > 0 && ksize.height % 2 == 1 in function 'cv::createGaussianKernels'

2025-05-17 22:52:55,274 - face_swap - INFO - 进度: 22.5% 处理帧 43/191
2025-05-17 22:52:57,273 - face_swap - ERROR - 颜色平衡调整出错: OpenCV(4.11.0) D:\a\opencv-python\opencv-python\opencv\modules\imgproc\src\smooth.dispatch.cpp:294: error: (-215:Assertion failed) ksize.width > 0 && ksize.width % 2 == 1 && ksize.height > 0 && ksize.height % 2 == 1 in function 'cv::createGaussianKernels'

2025-05-17 22:52:57,312 - face_swap - INFO - 进度: 23.0% 处理帧 44/191
2025-05-17 22:52:58,164 - face_swap - ERROR - 颜色平衡调整出错: OpenCV(4.11.0) D:\a\opencv-python\opencv-python\opencv\modules\imgproc\src\smooth.dispatch.cpp:294: error: (-215:Assertion failed) ksize.width > 0 && ksize.width % 2 == 1 && ksize.height > 0 && ksize.height % 2 == 1 in function 'cv::createGaussianKernels'

2025-05-17 22:52:58,216 - face_swap - INFO - 进度: 23.6% 处理帧 45/191
2025-05-17 22:53:00,502 - face_swap - ERROR - 颜色平衡调整出错: OpenCV(4.11.0) D:\a\opencv-python\opencv-python\opencv\modules\imgproc\src\smooth.dispatch.cpp:294: error: (-215:Assertion failed) ksize.width > 0 && ksize.width % 2 == 1 && ksize.height > 0 && ksize.height % 2 == 1 in function 'cv::createGaussianKernels'

2025-05-17 22:53:00,573 - face_swap - INFO - 进度: 24.1% 处理帧 46/191
2025-05-17 22:53:01,330 - face_swap - ERROR - 颜色平衡调整出错: OpenCV(4.11.0) D:\a\opencv-python\opencv-python\opencv\modules\imgproc\src\smooth.dispatch.cpp:294: error: (-215:Assertion failed) ksize.width > 0 && ksize.width % 2 == 1 && ksize.height > 0 && ksize.height % 2 == 1 in function 'cv::createGaussianKernels'

2025-05-17 22:53:01,367 - face_swap - INFO - 进度: 24.6% 处理帧 47/191
2025-05-17 22:53:03,522 - face_swap - ERROR - 颜色平衡调整出错: OpenCV(4.11.0) D:\a\opencv-python\opencv-python\opencv\modules\imgproc\src\smooth.dispatch.cpp:294: error: (-215:Assertion failed) ksize.width > 0 && ksize.width % 2 == 1 && ksize.height > 0 && ksize.height % 2 == 1 in function 'cv::createGaussianKernels'

2025-05-17 22:53:03,563 - face_swap - INFO - 进度: 25.1% 处理帧 48/191
2025-05-17 22:53:04,395 - face_swap - ERROR - 颜色平衡调整出错: OpenCV(4.11.0) D:\a\opencv-python\opencv-python\opencv\modules\imgproc\src\smooth.dispatch.cpp:294: error: (-215:Assertion failed) ksize.width > 0 && ksize.width % 2 == 1 && ksize.height > 0 && ksize.height % 2 == 1 in function 'cv::createGaussianKernels'

2025-05-17 22:53:04,516 - face_swap - INFO - 进度: 25.7% 处理帧 49/191
2025-05-17 22:53:06,375 - face_swap - ERROR - 颜色平衡调整出错: OpenCV(4.11.0) D:\a\opencv-python\opencv-python\opencv\modules\imgproc\src\smooth.dispatch.cpp:294: error: (-215:Assertion failed) ksize.width > 0 && ksize.width % 2 == 1 && ksize.height > 0 && ksize.height % 2 == 1 in function 'cv::createGaussianKernels'

2025-05-17 22:53:06,449 - face_swap - INFO - 进度: 26.2% 处理帧 50/191
2025-05-17 22:53:07,225 - face_swap - ERROR - 颜色平衡调整出错: OpenCV(4.11.0) D:\a\opencv-python\opencv-python\opencv\modules\imgproc\src\smooth.dispatch.cpp:294: error: (-215:Assertion failed) ksize.width > 0 && ksize.width % 2 == 1 && ksize.height > 0 && ksize.height % 2 == 1 in function 'cv::createGaussianKernels'

2025-05-17 22:53:07,276 - face_swap - INFO - 进度: 26.7% 处理帧 51/191
2025-05-17 22:53:09,554 - face_swap - ERROR - 颜色平衡调整出错: OpenCV(4.11.0) D:\a\opencv-python\opencv-python\opencv\modules\imgproc\src\smooth.dispatch.cpp:294: error: (-215:Assertion failed) ksize.width > 0 && ksize.width % 2 == 1 && ksize.height > 0 && ksize.height % 2 == 1 in function 'cv::createGaussianKernels'

2025-05-17 22:53:09,603 - face_swap - INFO - 进度: 27.2% 处理帧 52/191
2025-05-17 22:53:10,735 - face_swap - ERROR - 颜色平衡调整出错: OpenCV(4.11.0) D:\a\opencv-python\opencv-python\opencv\modules\imgproc\src\smooth.dispatch.cpp:294: error: (-215:Assertion failed) ksize.width > 0 && ksize.width % 2 == 1 && ksize.height > 0 && ksize.height % 2 == 1 in function 'cv::createGaussianKernels'

2025-05-17 22:53:10,808 - face_swap - INFO - 进度: 27.7% 处理帧 53/191
2025-05-17 22:53:12,784 - face_swap - ERROR - 颜色平衡调整出错: OpenCV(4.11.0) D:\a\opencv-python\opencv-python\opencv\modules\imgproc\src\smooth.dispatch.cpp:294: error: (-215:Assertion failed) ksize.width > 0 && ksize.width % 2 == 1 && ksize.height > 0 && ksize.height % 2 == 1 in function 'cv::createGaussianKernels'

2025-05-17 22:53:12,823 - face_swap - INFO - 进度: 28.3% 处理帧 54/191
2025-05-17 22:53:14,444 - face_swap - ERROR - 颜色平衡调整出错: OpenCV(4.11.0) D:\a\opencv-python\opencv-python\opencv\modules\imgproc\src\smooth.dispatch.cpp:294: error: (-215:Assertion failed) ksize.width > 0 && ksize.width % 2 == 1 && ksize.height > 0 && ksize.height % 2 == 1 in function 'cv::createGaussianKernels'

2025-05-17 22:53:14,480 - face_swap - INFO - 进度: 28.8% 处理帧 55/191
2025-05-17 22:53:15,839 - face_swap - ERROR - 颜色平衡调整出错: OpenCV(4.11.0) D:\a\opencv-python\opencv-python\opencv\modules\imgproc\src\smooth.dispatch.cpp:294: error: (-215:Assertion failed) ksize.width > 0 && ksize.width % 2 == 1 && ksize.height > 0 && ksize.height % 2 == 1 in function 'cv::createGaussianKernels'

2025-05-17 22:53:15,872 - face_swap - INFO - 进度: 29.3% 处理帧 56/191
2025-05-17 22:53:17,815 - face_swap - ERROR - 颜色平衡调整出错: OpenCV(4.11.0) D:\a\opencv-python\opencv-python\opencv\modules\imgproc\src\smooth.dispatch.cpp:294: error: (-215:Assertion failed) ksize.width > 0 && ksize.width % 2 == 1 && ksize.height > 0 && ksize.height % 2 == 1 in function 'cv::createGaussianKernels'

2025-05-17 22:53:17,861 - face_swap - INFO - 进度: 29.8% 处理帧 57/191
2025-05-17 22:53:19,188 - face_swap - ERROR - 颜色平衡调整出错: OpenCV(4.11.0) D:\a\opencv-python\opencv-python\opencv\modules\imgproc\src\smooth.dispatch.cpp:294: error: (-215:Assertion failed) ksize.width > 0 && ksize.width % 2 == 1 && ksize.height > 0 && ksize.height % 2 == 1 in function 'cv::createGaussianKernels'

2025-05-17 22:53:19,227 - face_swap - INFO - 进度: 30.4% 处理帧 58/191
2025-05-17 22:53:20,706 - face_swap - ERROR - 颜色平衡调整出错: OpenCV(4.11.0) D:\a\opencv-python\opencv-python\opencv\modules\imgproc\src\smooth.dispatch.cpp:294: error: (-215:Assertion failed) ksize.width > 0 && ksize.width % 2 == 1 && ksize.height > 0 && ksize.height % 2 == 1 in function 'cv::createGaussianKernels'

2025-05-17 22:53:20,745 - face_swap - INFO - 进度: 30.9% 处理帧 59/191
2025-05-17 22:53:22,534 - face_swap - ERROR - 颜色平衡调整出错: OpenCV(4.11.0) D:\a\opencv-python\opencv-python\opencv\modules\imgproc\src\smooth.dispatch.cpp:294: error: (-215:Assertion failed) ksize.width > 0 && ksize.width % 2 == 1 && ksize.height > 0 && ksize.height % 2 == 1 in function 'cv::createGaussianKernels'

2025-05-17 22:53:22,578 - face_swap - INFO - 进度: 31.4% 处理帧 60/191
2025-05-17 22:53:23,802 - face_swap - ERROR - 颜色平衡调整出错: OpenCV(4.11.0) D:\a\opencv-python\opencv-python\opencv\modules\imgproc\src\smooth.dispatch.cpp:294: error: (-215:Assertion failed) ksize.width > 0 && ksize.width % 2 == 1 && ksize.height > 0 && ksize.height % 2 == 1 in function 'cv::createGaussianKernels'

2025-05-17 22:53:23,848 - face_swap - INFO - 进度: 31.9% 处理帧 61/191
2025-05-17 22:53:25,536 - face_swap - ERROR - 颜色平衡调整出错: OpenCV(4.11.0) D:\a\opencv-python\opencv-python\opencv\modules\imgproc\src\smooth.dispatch.cpp:294: error: (-215:Assertion failed) ksize.width > 0 && ksize.width % 2 == 1 && ksize.height > 0 && ksize.height % 2 == 1 in function 'cv::createGaussianKernels'

2025-05-17 22:53:25,645 - face_swap - INFO - 进度: 32.5% 处理帧 62/191
2025-05-17 22:53:27,260 - face_swap - ERROR - 颜色平衡调整出错: OpenCV(4.11.0) D:\a\opencv-python\opencv-python\opencv\modules\imgproc\src\smooth.dispatch.cpp:294: error: (-215:Assertion failed) ksize.width > 0 && ksize.width % 2 == 1 && ksize.height > 0 && ksize.height % 2 == 1 in function 'cv::createGaussianKernels'

2025-05-17 22:53:27,309 - face_swap - INFO - 进度: 33.0% 处理帧 63/191
2025-05-17 22:53:28,524 - face_swap - ERROR - 颜色平衡调整出错: OpenCV(4.11.0) D:\a\opencv-python\opencv-python\opencv\modules\imgproc\src\smooth.dispatch.cpp:294: error: (-215:Assertion failed) ksize.width > 0 && ksize.width % 2 == 1 && ksize.height > 0 && ksize.height % 2 == 1 in function 'cv::createGaussianKernels'

2025-05-17 22:53:28,563 - face_swap - INFO - 进度: 33.5% 处理帧 64/191
2025-05-17 22:53:30,170 - face_swap - ERROR - 颜色平衡调整出错: OpenCV(4.11.0) D:\a\opencv-python\opencv-python\opencv\modules\imgproc\src\smooth.dispatch.cpp:294: error: (-215:Assertion failed) ksize.width > 0 && ksize.width % 2 == 1 && ksize.height > 0 && ksize.height % 2 == 1 in function 'cv::createGaussianKernels'

2025-05-17 22:53:30,216 - face_swap - INFO - 进度: 34.0% 处理帧 65/191
2025-05-17 22:53:31,545 - face_swap - ERROR - 颜色平衡调整出错: OpenCV(4.11.0) D:\a\opencv-python\opencv-python\opencv\modules\imgproc\src\smooth.dispatch.cpp:294: error: (-215:Assertion failed) ksize.width > 0 && ksize.width % 2 == 1 && ksize.height > 0 && ksize.height % 2 == 1 in function 'cv::createGaussianKernels'

2025-05-17 22:53:31,587 - face_swap - INFO - 进度: 34.6% 处理帧 66/191
2025-05-17 22:53:33,428 - face_swap - ERROR - 颜色平衡调整出错: OpenCV(4.11.0) D:\a\opencv-python\opencv-python\opencv\modules\imgproc\src\smooth.dispatch.cpp:294: error: (-215:Assertion failed) ksize.width > 0 && ksize.width % 2 == 1 && ksize.height > 0 && ksize.height % 2 == 1 in function 'cv::createGaussianKernels'

2025-05-17 22:53:33,466 - face_swap - INFO - 进度: 35.1% 处理帧 67/191
2025-05-17 22:53:34,732 - face_swap - ERROR - 颜色平衡调整出错: OpenCV(4.11.0) D:\a\opencv-python\opencv-python\opencv\modules\imgproc\src\smooth.dispatch.cpp:294: error: (-215:Assertion failed) ksize.width > 0 && ksize.width % 2 == 1 && ksize.height > 0 && ksize.height % 2 == 1 in function 'cv::createGaussianKernels'

2025-05-17 22:53:34,822 - face_swap - INFO - 进度: 35.6% 处理帧 68/191
2025-05-17 22:53:36,130 - face_swap - ERROR - 颜色平衡调整出错: OpenCV(4.11.0) D:\a\opencv-python\opencv-python\opencv\modules\imgproc\src\smooth.dispatch.cpp:294: error: (-215:Assertion failed) ksize.width > 0 && ksize.width % 2 == 1 && ksize.height > 0 && ksize.height % 2 == 1 in function 'cv::createGaussianKernels'

2025-05-17 22:53:36,166 - face_swap - INFO - 进度: 36.1% 处理帧 69/191
2025-05-17 22:53:38,046 - face_swap - ERROR - 颜色平衡调整出错: OpenCV(4.11.0) D:\a\opencv-python\opencv-python\opencv\modules\imgproc\src\smooth.dispatch.cpp:294: error: (-215:Assertion failed) ksize.width > 0 && ksize.width % 2 == 1 && ksize.height > 0 && ksize.height % 2 == 1 in function 'cv::createGaussianKernels'

2025-05-17 22:53:38,089 - face_swap - INFO - 进度: 36.6% 处理帧 70/191
2025-05-17 22:53:39,169 - face_swap - ERROR - 颜色平衡调整出错: OpenCV(4.11.0) D:\a\opencv-python\opencv-python\opencv\modules\imgproc\src\smooth.dispatch.cpp:294: error: (-215:Assertion failed) ksize.width > 0 && ksize.width % 2 == 1 && ksize.height > 0 && ksize.height % 2 == 1 in function 'cv::createGaussianKernels'

2025-05-17 22:53:39,231 - face_swap - INFO - 进度: 37.2% 处理帧 71/191
2025-05-17 22:53:41,195 - face_swap - ERROR - 颜色平衡调整出错: OpenCV(4.11.0) D:\a\opencv-python\opencv-python\opencv\modules\imgproc\src\smooth.dispatch.cpp:294: error: (-215:Assertion failed) ksize.width > 0 && ksize.width % 2 == 1 && ksize.height > 0 && ksize.height % 2 == 1 in function 'cv::createGaussianKernels'

2025-05-17 22:53:41,232 - face_swap - INFO - 进度: 37.7% 处理帧 72/191
2025-05-17 22:53:42,380 - face_swap - ERROR - 颜色平衡调整出错: OpenCV(4.11.0) D:\a\opencv-python\opencv-python\opencv\modules\imgproc\src\smooth.dispatch.cpp:294: error: (-215:Assertion failed) ksize.width > 0 && ksize.width % 2 == 1 && ksize.height > 0 && ksize.height % 2 == 1 in function 'cv::createGaussianKernels'

2025-05-17 22:53:42,417 - face_swap - INFO - 进度: 38.2% 处理帧 73/191
2025-05-17 22:53:44,416 - face_swap - ERROR - 颜色平衡调整出错: OpenCV(4.11.0) D:\a\opencv-python\opencv-python\opencv\modules\imgproc\src\smooth.dispatch.cpp:294: error: (-215:Assertion failed) ksize.width > 0 && ksize.width % 2 == 1 && ksize.height > 0 && ksize.height % 2 == 1 in function 'cv::createGaussianKernels'

2025-05-17 22:53:44,494 - face_swap - INFO - 进度: 38.7% 处理帧 74/191
2025-05-17 22:53:45,564 - face_swap - ERROR - 颜色平衡调整出错: OpenCV(4.11.0) D:\a\opencv-python\opencv-python\opencv\modules\imgproc\src\smooth.dispatch.cpp:294: error: (-215:Assertion failed) ksize.width > 0 && ksize.width % 2 == 1 && ksize.height > 0 && ksize.height % 2 == 1 in function 'cv::createGaussianKernels'

2025-05-17 22:53:45,600 - face_swap - INFO - 进度: 39.3% 处理帧 75/191
2025-05-17 22:53:47,422 - face_swap - ERROR - 颜色平衡调整出错: OpenCV(4.11.0) D:\a\opencv-python\opencv-python\opencv\modules\imgproc\src\smooth.dispatch.cpp:294: error: (-215:Assertion failed) ksize.width > 0 && ksize.width % 2 == 1 && ksize.height > 0 && ksize.height % 2 == 1 in function 'cv::createGaussianKernels'

2025-05-17 22:53:47,458 - face_swap - INFO - 进度: 39.8% 处理帧 76/191
2025-05-17 22:53:48,770 - face_swap - ERROR - 颜色平衡调整出错: OpenCV(4.11.0) D:\a\opencv-python\opencv-python\opencv\modules\imgproc\src\smooth.dispatch.cpp:294: error: (-215:Assertion failed) ksize.width > 0 && ksize.width % 2 == 1 && ksize.height > 0 && ksize.height % 2 == 1 in function 'cv::createGaussianKernels'

2025-05-17 22:53:48,812 - face_swap - INFO - 进度: 40.3% 处理帧 77/191
2025-05-17 22:53:50,242 - face_swap - ERROR - 颜色平衡调整出错: OpenCV(4.11.0) D:\a\opencv-python\opencv-python\opencv\modules\imgproc\src\smooth.dispatch.cpp:294: error: (-215:Assertion failed) ksize.width > 0 && ksize.width % 2 == 1 && ksize.height > 0 && ksize.height % 2 == 1 in function 'cv::createGaussianKernels'

2025-05-17 22:53:50,283 - face_swap - INFO - 进度: 40.8% 处理帧 78/191
2025-05-17 22:53:51,632 - face_swap - ERROR - 颜色平衡调整出错: OpenCV(4.11.0) D:\a\opencv-python\opencv-python\opencv\modules\imgproc\src\smooth.dispatch.cpp:294: error: (-215:Assertion failed) ksize.width > 0 && ksize.width % 2 == 1 && ksize.height > 0 && ksize.height % 2 == 1 in function 'cv::createGaussianKernels'

2025-05-17 22:53:51,681 - face_swap - INFO - 进度: 41.4% 处理帧 79/191
2025-05-17 22:53:52,970 - face_swap - ERROR - 颜色平衡调整出错: OpenCV(4.11.0) D:\a\opencv-python\opencv-python\opencv\modules\imgproc\src\smooth.dispatch.cpp:294: error: (-215:Assertion failed) ksize.width > 0 && ksize.width % 2 == 1 && ksize.height > 0 && ksize.height % 2 == 1 in function 'cv::createGaussianKernels'

2025-05-17 22:53:53,069 - face_swap - INFO - 进度: 41.9% 处理帧 80/191
2025-05-17 22:53:54,752 - face_swap - ERROR - 颜色平衡调整出错: OpenCV(4.11.0) D:\a\opencv-python\opencv-python\opencv\modules\imgproc\src\smooth.dispatch.cpp:294: error: (-215:Assertion failed) ksize.width > 0 && ksize.width % 2 == 1 && ksize.height > 0 && ksize.height % 2 == 1 in function 'cv::createGaussianKernels'

2025-05-17 22:53:54,791 - face_swap - INFO - 进度: 42.4% 处理帧 81/191
2025-05-17 22:53:55,873 - face_swap - ERROR - 颜色平衡调整出错: OpenCV(4.11.0) D:\a\opencv-python\opencv-python\opencv\modules\imgproc\src\smooth.dispatch.cpp:294: error: (-215:Assertion failed) ksize.width > 0 && ksize.width % 2 == 1 && ksize.height > 0 && ksize.height % 2 == 1 in function 'cv::createGaussianKernels'

2025-05-17 22:53:55,909 - face_swap - INFO - 进度: 42.9% 处理帧 82/191
2025-05-17 22:53:57,804 - face_swap - ERROR - 颜色平衡调整出错: OpenCV(4.11.0) D:\a\opencv-python\opencv-python\opencv\modules\imgproc\src\smooth.dispatch.cpp:294: error: (-215:Assertion failed) ksize.width > 0 && ksize.width % 2 == 1 && ksize.height > 0 && ksize.height % 2 == 1 in function 'cv::createGaussianKernels'

2025-05-17 22:53:57,842 - face_swap - INFO - 进度: 43.5% 处理帧 83/191
2025-05-17 22:53:58,814 - face_swap - ERROR - 颜色平衡调整出错: OpenCV(4.11.0) D:\a\opencv-python\opencv-python\opencv\modules\imgproc\src\smooth.dispatch.cpp:294: error: (-215:Assertion failed) ksize.width > 0 && ksize.width % 2 == 1 && ksize.height > 0 && ksize.height % 2 == 1 in function 'cv::createGaussianKernels'

2025-05-17 22:53:58,852 - face_swap - INFO - 进度: 44.0% 处理帧 84/191
2025-05-17 22:54:00,598 - face_swap - ERROR - 颜色平衡调整出错: OpenCV(4.11.0) D:\a\opencv-python\opencv-python\opencv\modules\imgproc\src\smooth.dispatch.cpp:294: error: (-215:Assertion failed) ksize.width > 0 && ksize.width % 2 == 1 && ksize.height > 0 && ksize.height % 2 == 1 in function 'cv::createGaussianKernels'

2025-05-17 22:54:00,638 - face_swap - INFO - 进度: 44.5% 处理帧 85/191
2025-05-17 22:54:01,504 - face_swap - ERROR - 颜色平衡调整出错: OpenCV(4.11.0) D:\a\opencv-python\opencv-python\opencv\modules\imgproc\src\smooth.dispatch.cpp:294: error: (-215:Assertion failed) ksize.width > 0 && ksize.width % 2 == 1 && ksize.height > 0 && ksize.height % 2 == 1 in function 'cv::createGaussianKernels'

2025-05-17 22:54:01,538 - face_swap - INFO - 进度: 45.0% 处理帧 86/191
2025-05-17 22:54:03,753 - face_swap - ERROR - 颜色平衡调整出错: OpenCV(4.11.0) D:\a\opencv-python\opencv-python\opencv\modules\imgproc\src\smooth.dispatch.cpp:294: error: (-215:Assertion failed) ksize.width > 0 && ksize.width % 2 == 1 && ksize.height > 0 && ksize.height % 2 == 1 in function 'cv::createGaussianKernels'

2025-05-17 22:54:03,804 - face_swap - INFO - 进度: 45.5% 处理帧 87/191
2025-05-17 22:54:05,083 - face_swap - ERROR - 颜色平衡调整出错: OpenCV(4.11.0) D:\a\opencv-python\opencv-python\opencv\modules\imgproc\src\smooth.dispatch.cpp:294: error: (-215:Assertion failed) ksize.width > 0 && ksize.width % 2 == 1 && ksize.height > 0 && ksize.height % 2 == 1 in function 'cv::createGaussianKernels'

2025-05-17 22:54:05,123 - face_swap - INFO - 进度: 46.1% 处理帧 88/191
2025-05-17 22:54:07,045 - face_swap - ERROR - 颜色平衡调整出错: OpenCV(4.11.0) D:\a\opencv-python\opencv-python\opencv\modules\imgproc\src\smooth.dispatch.cpp:294: error: (-215:Assertion failed) ksize.width > 0 && ksize.width % 2 == 1 && ksize.height > 0 && ksize.height % 2 == 1 in function 'cv::createGaussianKernels'

2025-05-17 22:54:07,097 - face_swap - INFO - 进度: 46.6% 处理帧 89/191
2025-05-17 22:54:07,979 - face_swap - ERROR - 颜色平衡调整出错: OpenCV(4.11.0) D:\a\opencv-python\opencv-python\opencv\modules\imgproc\src\smooth.dispatch.cpp:294: error: (-215:Assertion failed) ksize.width > 0 && ksize.width % 2 == 1 && ksize.height > 0 && ksize.height % 2 == 1 in function 'cv::createGaussianKernels'

2025-05-17 22:54:08,025 - face_swap - INFO - 进度: 47.1% 处理帧 90/191
2025-05-17 22:54:09,868 - face_swap - ERROR - 颜色平衡调整出错: OpenCV(4.11.0) D:\a\opencv-python\opencv-python\opencv\modules\imgproc\src\smooth.dispatch.cpp:294: error: (-215:Assertion failed) ksize.width > 0 && ksize.width % 2 == 1 && ksize.height > 0 && ksize.height % 2 == 1 in function 'cv::createGaussianKernels'

2025-05-17 22:54:09,904 - face_swap - INFO - 进度: 47.6% 处理帧 91/191
2025-05-17 22:54:10,883 - face_swap - ERROR - 颜色平衡调整出错: OpenCV(4.11.0) D:\a\opencv-python\opencv-python\opencv\modules\imgproc\src\smooth.dispatch.cpp:294: error: (-215:Assertion failed) ksize.width > 0 && ksize.width % 2 == 1 && ksize.height > 0 && ksize.height % 2 == 1 in function 'cv::createGaussianKernels'

2025-05-17 22:54:10,982 - face_swap - INFO - 进度: 48.2% 处理帧 92/191
2025-05-17 22:54:12,858 - face_swap - ERROR - 颜色平衡调整出错: OpenCV(4.11.0) D:\a\opencv-python\opencv-python\opencv\modules\imgproc\src\smooth.dispatch.cpp:294: error: (-215:Assertion failed) ksize.width > 0 && ksize.width % 2 == 1 && ksize.height > 0 && ksize.height % 2 == 1 in function 'cv::createGaussianKernels'

2025-05-17 22:54:12,910 - face_swap - INFO - 进度: 48.7% 处理帧 93/191
2025-05-17 22:54:13,547 - face_swap - ERROR - 颜色平衡调整出错: OpenCV(4.11.0) D:\a\opencv-python\opencv-python\opencv\modules\imgproc\src\smooth.dispatch.cpp:294: error: (-215:Assertion failed) ksize.width > 0 && ksize.width % 2 == 1 && ksize.height > 0 && ksize.height % 2 == 1 in function 'cv::createGaussianKernels'

2025-05-17 22:54:13,608 - face_swap - INFO - 进度: 49.2% 处理帧 94/191
2025-05-17 22:54:15,598 - face_swap - ERROR - 颜色平衡调整出错: OpenCV(4.11.0) D:\a\opencv-python\opencv-python\opencv\modules\imgproc\src\smooth.dispatch.cpp:294: error: (-215:Assertion failed) ksize.width > 0 && ksize.width % 2 == 1 && ksize.height > 0 && ksize.height % 2 == 1 in function 'cv::createGaussianKernels'

2025-05-17 22:54:15,671 - face_swap - INFO - 进度: 49.7% 处理帧 95/191
2025-05-17 22:54:16,681 - face_swap - ERROR - 颜色平衡调整出错: OpenCV(4.11.0) D:\a\opencv-python\opencv-python\opencv\modules\imgproc\src\smooth.dispatch.cpp:294: error: (-215:Assertion failed) ksize.width > 0 && ksize.width % 2 == 1 && ksize.height > 0 && ksize.height % 2 == 1 in function 'cv::createGaussianKernels'

2025-05-17 22:54:16,719 - face_swap - INFO - 进度: 50.3% 处理帧 96/191
2025-05-17 22:54:17,026 - face_swap - INFO - 进度: 50.8% 处理帧 97/191
2025-05-17 22:54:17,283 - face_swap - INFO - 进度: 51.3% 处理帧 98/191
2025-05-17 22:54:17,548 - face_swap - INFO - 进度: 51.8% 处理帧 99/191
2025-05-17 22:54:17,900 - face_swap - INFO - 进度: 52.4% 处理帧 100/191
2025-05-17 22:54:17,932 - face_swap - INFO - 状态: 正在处理视频... 100/191 帧
2025-05-17 22:54:17,966 - face_swap - INFO - 处理进度: 100/191 (52.4%)
2025-05-17 22:54:18,033 - face_swap - INFO - 进度: 52.9% 处理帧 101/191
2025-05-17 22:54:18,116 - face_swap - INFO - 进度: 53.4% 处理帧 102/191
2025-05-17 22:54:18,194 - face_swap - INFO - 进度: 53.9% 处理帧 103/191
2025-05-17 22:54:18,273 - face_swap - INFO - 进度: 54.5% 处理帧 104/191
2025-05-17 22:54:18,329 - face_swap - ERROR - 颜色平衡调整出错: OpenCV(4.11.0) D:\a\opencv-python\opencv-python\opencv\modules\imgproc\src\smooth.dispatch.cpp:294: error: (-215:Assertion failed) ksize.width > 0 && ksize.width % 2 == 1 && ksize.height > 0 && ksize.height % 2 == 1 in function 'cv::createGaussianKernels'

2025-05-17 22:54:18,601 - face_swap - INFO - 进度: 55.0% 处理帧 105/191
2025-05-17 22:54:18,690 - face_swap - INFO - 进度: 55.5% 处理帧 106/191
2025-05-17 22:54:20,391 - face_swap - ERROR - 颜色平衡调整出错: OpenCV(4.11.0) D:\a\opencv-python\opencv-python\opencv\modules\imgproc\src\smooth.dispatch.cpp:294: error: (-215:Assertion failed) ksize.width > 0 && ksize.width % 2 == 1 && ksize.height > 0 && ksize.height % 2 == 1 in function 'cv::createGaussianKernels'

2025-05-17 22:54:20,426 - face_swap - INFO - 进度: 56.0% 处理帧 107/191
2025-05-17 22:54:20,618 - face_swap - ERROR - 颜色平衡调整出错: OpenCV(4.11.0) D:\a\opencv-python\opencv-python\opencv\modules\imgproc\src\smooth.dispatch.cpp:294: error: (-215:Assertion failed) ksize.width > 0 && ksize.width % 2 == 1 && ksize.height > 0 && ksize.height % 2 == 1 in function 'cv::createGaussianKernels'

2025-05-17 22:54:20,701 - face_swap - INFO - 进度: 56.5% 处理帧 108/191
2025-05-17 22:54:21,061 - face_swap - INFO - 进度: 57.1% 处理帧 109/191
2025-05-17 22:54:21,297 - face_swap - INFO - 进度: 57.6% 处理帧 110/191
2025-05-17 22:54:23,247 - face_swap - ERROR - 颜色平衡调整出错: OpenCV(4.11.0) D:\a\opencv-python\opencv-python\opencv\modules\imgproc\src\smooth.dispatch.cpp:294: error: (-215:Assertion failed) ksize.width > 0 && ksize.width % 2 == 1 && ksize.height > 0 && ksize.height % 2 == 1 in function 'cv::createGaussianKernels'

2025-05-17 22:54:23,383 - face_swap - INFO - 进度: 58.1% 处理帧 111/191
2025-05-17 22:54:24,571 - face_swap - ERROR - 颜色平衡调整出错: OpenCV(4.11.0) D:\a\opencv-python\opencv-python\opencv\modules\imgproc\src\smooth.dispatch.cpp:294: error: (-215:Assertion failed) ksize.width > 0 && ksize.width % 2 == 1 && ksize.height > 0 && ksize.height % 2 == 1 in function 'cv::createGaussianKernels'

2025-05-17 22:54:24,616 - face_swap - INFO - 进度: 58.6% 处理帧 112/191
2025-05-17 22:54:26,019 - face_swap - ERROR - 颜色平衡调整出错: OpenCV(4.11.0) D:\a\opencv-python\opencv-python\opencv\modules\imgproc\src\smooth.dispatch.cpp:294: error: (-215:Assertion failed) ksize.width > 0 && ksize.width % 2 == 1 && ksize.height > 0 && ksize.height % 2 == 1 in function 'cv::createGaussianKernels'

2025-05-17 22:54:26,057 - face_swap - INFO - 进度: 59.2% 处理帧 113/191
2025-05-17 22:54:27,606 - face_swap - ERROR - 颜色平衡调整出错: OpenCV(4.11.0) D:\a\opencv-python\opencv-python\opencv\modules\imgproc\src\smooth.dispatch.cpp:294: error: (-215:Assertion failed) ksize.width > 0 && ksize.width % 2 == 1 && ksize.height > 0 && ksize.height % 2 == 1 in function 'cv::createGaussianKernels'

2025-05-17 22:54:27,642 - face_swap - INFO - 进度: 59.7% 处理帧 114/191
2025-05-17 22:54:29,181 - face_swap - ERROR - 颜色平衡调整出错: OpenCV(4.11.0) D:\a\opencv-python\opencv-python\opencv\modules\imgproc\src\smooth.dispatch.cpp:294: error: (-215:Assertion failed) ksize.width > 0 && ksize.width % 2 == 1 && ksize.height > 0 && ksize.height % 2 == 1 in function 'cv::createGaussianKernels'

2025-05-17 22:54:29,221 - face_swap - INFO - 进度: 60.2% 处理帧 115/191
2025-05-17 22:54:30,648 - face_swap - ERROR - 颜色平衡调整出错: OpenCV(4.11.0) D:\a\opencv-python\opencv-python\opencv\modules\imgproc\src\smooth.dispatch.cpp:294: error: (-215:Assertion failed) ksize.width > 0 && ksize.width % 2 == 1 && ksize.height > 0 && ksize.height % 2 == 1 in function 'cv::createGaussianKernels'

2025-05-17 22:54:30,682 - face_swap - INFO - 进度: 60.7% 处理帧 116/191
2025-05-17 22:54:31,980 - face_swap - ERROR - 颜色平衡调整出错: OpenCV(4.11.0) D:\a\opencv-python\opencv-python\opencv\modules\imgproc\src\smooth.dispatch.cpp:294: error: (-215:Assertion failed) ksize.width > 0 && ksize.width % 2 == 1 && ksize.height > 0 && ksize.height % 2 == 1 in function 'cv::createGaussianKernels'

2025-05-17 22:54:32,014 - face_swap - INFO - 进度: 61.3% 处理帧 117/191
2025-05-17 22:54:33,677 - face_swap - ERROR - 颜色平衡调整出错: OpenCV(4.11.0) D:\a\opencv-python\opencv-python\opencv\modules\imgproc\src\smooth.dispatch.cpp:294: error: (-215:Assertion failed) ksize.width > 0 && ksize.width % 2 == 1 && ksize.height > 0 && ksize.height % 2 == 1 in function 'cv::createGaussianKernels'

2025-05-17 22:54:33,717 - face_swap - INFO - 进度: 61.8% 处理帧 118/191
2025-05-17 22:54:35,119 - face_swap - ERROR - 颜色平衡调整出错: OpenCV(4.11.0) D:\a\opencv-python\opencv-python\opencv\modules\imgproc\src\smooth.dispatch.cpp:294: error: (-215:Assertion failed) ksize.width > 0 && ksize.width % 2 == 1 && ksize.height > 0 && ksize.height % 2 == 1 in function 'cv::createGaussianKernels'

2025-05-17 22:54:35,162 - face_swap - INFO - 进度: 62.3% 处理帧 119/191
2025-05-17 22:54:36,895 - face_swap - ERROR - 颜色平衡调整出错: OpenCV(4.11.0) D:\a\opencv-python\opencv-python\opencv\modules\imgproc\src\smooth.dispatch.cpp:294: error: (-215:Assertion failed) ksize.width > 0 && ksize.width % 2 == 1 && ksize.height > 0 && ksize.height % 2 == 1 in function 'cv::createGaussianKernels'

2025-05-17 22:54:36,940 - face_swap - INFO - 进度: 62.8% 处理帧 120/191
2025-05-17 22:54:37,776 - face_swap - ERROR - 颜色平衡调整出错: OpenCV(4.11.0) D:\a\opencv-python\opencv-python\opencv\modules\imgproc\src\smooth.dispatch.cpp:294: error: (-215:Assertion failed) ksize.width > 0 && ksize.width % 2 == 1 && ksize.height > 0 && ksize.height % 2 == 1 in function 'cv::createGaussianKernels'

2025-05-17 22:54:37,823 - face_swap - INFO - 进度: 63.4% 处理帧 121/191
2025-05-17 22:54:39,629 - face_swap - ERROR - 颜色平衡调整出错: OpenCV(4.11.0) D:\a\opencv-python\opencv-python\opencv\modules\imgproc\src\smooth.dispatch.cpp:294: error: (-215:Assertion failed) ksize.width > 0 && ksize.width % 2 == 1 && ksize.height > 0 && ksize.height % 2 == 1 in function 'cv::createGaussianKernels'

2025-05-17 22:54:39,675 - face_swap - INFO - 进度: 63.9% 处理帧 122/191
2025-05-17 22:54:40,855 - face_swap - ERROR - 颜色平衡调整出错: OpenCV(4.11.0) D:\a\opencv-python\opencv-python\opencv\modules\imgproc\src\smooth.dispatch.cpp:294: error: (-215:Assertion failed) ksize.width > 0 && ksize.width % 2 == 1 && ksize.height > 0 && ksize.height % 2 == 1 in function 'cv::createGaussianKernels'

2025-05-17 22:54:40,895 - face_swap - INFO - 进度: 64.4% 处理帧 123/191
2025-05-17 22:54:42,392 - face_swap - ERROR - 颜色平衡调整出错: OpenCV(4.11.0) D:\a\opencv-python\opencv-python\opencv\modules\imgproc\src\smooth.dispatch.cpp:294: error: (-215:Assertion failed) ksize.width > 0 && ksize.width % 2 == 1 && ksize.height > 0 && ksize.height % 2 == 1 in function 'cv::createGaussianKernels'

2025-05-17 22:54:42,427 - face_swap - INFO - 进度: 64.9% 处理帧 124/191
2025-05-17 22:54:44,100 - face_swap - ERROR - 颜色平衡调整出错: OpenCV(4.11.0) D:\a\opencv-python\opencv-python\opencv\modules\imgproc\src\smooth.dispatch.cpp:294: error: (-215:Assertion failed) ksize.width > 0 && ksize.width % 2 == 1 && ksize.height > 0 && ksize.height % 2 == 1 in function 'cv::createGaussianKernels'

2025-05-17 22:54:44,158 - face_swap - INFO - 进度: 65.4% 处理帧 125/191
2025-05-17 22:54:45,546 - face_swap - ERROR - 颜色平衡调整出错: OpenCV(4.11.0) D:\a\opencv-python\opencv-python\opencv\modules\imgproc\src\smooth.dispatch.cpp:294: error: (-215:Assertion failed) ksize.width > 0 && ksize.width % 2 == 1 && ksize.height > 0 && ksize.height % 2 == 1 in function 'cv::createGaussianKernels'

2025-05-17 22:54:45,591 - face_swap - INFO - 进度: 66.0% 处理帧 126/191
2025-05-17 22:54:46,996 - face_swap - ERROR - 颜色平衡调整出错: OpenCV(4.11.0) D:\a\opencv-python\opencv-python\opencv\modules\imgproc\src\smooth.dispatch.cpp:294: error: (-215:Assertion failed) ksize.width > 0 && ksize.width % 2 == 1 && ksize.height > 0 && ksize.height % 2 == 1 in function 'cv::createGaussianKernels'

2025-05-17 22:54:47,034 - face_swap - INFO - 进度: 66.5% 处理帧 127/191
2025-05-17 22:54:48,358 - face_swap - ERROR - 颜色平衡调整出错: OpenCV(4.11.0) D:\a\opencv-python\opencv-python\opencv\modules\imgproc\src\smooth.dispatch.cpp:294: error: (-215:Assertion failed) ksize.width > 0 && ksize.width % 2 == 1 && ksize.height > 0 && ksize.height % 2 == 1 in function 'cv::createGaussianKernels'

2025-05-17 22:54:48,426 - face_swap - INFO - 进度: 67.0% 处理帧 128/191
2025-05-17 22:54:50,118 - face_swap - ERROR - 颜色平衡调整出错: OpenCV(4.11.0) D:\a\opencv-python\opencv-python\opencv\modules\imgproc\src\smooth.dispatch.cpp:294: error: (-215:Assertion failed) ksize.width > 0 && ksize.width % 2 == 1 && ksize.height > 0 && ksize.height % 2 == 1 in function 'cv::createGaussianKernels'

2025-05-17 22:54:50,160 - face_swap - INFO - 进度: 67.5% 处理帧 129/191
2025-05-17 22:54:51,463 - face_swap - ERROR - 颜色平衡调整出错: OpenCV(4.11.0) D:\a\opencv-python\opencv-python\opencv\modules\imgproc\src\smooth.dispatch.cpp:294: error: (-215:Assertion failed) ksize.width > 0 && ksize.width % 2 == 1 && ksize.height > 0 && ksize.height % 2 == 1 in function 'cv::createGaussianKernels'

2025-05-17 22:54:51,533 - face_swap - INFO - 进度: 68.1% 处理帧 130/191
2025-05-17 22:54:52,978 - face_swap - ERROR - 颜色平衡调整出错: OpenCV(4.11.0) D:\a\opencv-python\opencv-python\opencv\modules\imgproc\src\smooth.dispatch.cpp:294: error: (-215:Assertion failed) ksize.width > 0 && ksize.width % 2 == 1 && ksize.height > 0 && ksize.height % 2 == 1 in function 'cv::createGaussianKernels'

2025-05-17 22:54:53,030 - face_swap - INFO - 进度: 68.6% 处理帧 131/191
2025-05-17 22:54:54,673 - face_swap - ERROR - 颜色平衡调整出错: OpenCV(4.11.0) D:\a\opencv-python\opencv-python\opencv\modules\imgproc\src\smooth.dispatch.cpp:294: error: (-215:Assertion failed) ksize.width > 0 && ksize.width % 2 == 1 && ksize.height > 0 && ksize.height % 2 == 1 in function 'cv::createGaussianKernels'

2025-05-17 22:54:54,744 - face_swap - INFO - 进度: 69.1% 处理帧 132/191
2025-05-17 22:54:55,791 - face_swap - ERROR - 颜色平衡调整出错: OpenCV(4.11.0) D:\a\opencv-python\opencv-python\opencv\modules\imgproc\src\smooth.dispatch.cpp:294: error: (-215:Assertion failed) ksize.width > 0 && ksize.width % 2 == 1 && ksize.height > 0 && ksize.height % 2 == 1 in function 'cv::createGaussianKernels'

2025-05-17 22:54:55,831 - face_swap - INFO - 进度: 69.6% 处理帧 133/191
2025-05-17 22:54:57,434 - face_swap - ERROR - 颜色平衡调整出错: OpenCV(4.11.0) D:\a\opencv-python\opencv-python\opencv\modules\imgproc\src\smooth.dispatch.cpp:294: error: (-215:Assertion failed) ksize.width > 0 && ksize.width % 2 == 1 && ksize.height > 0 && ksize.height % 2 == 1 in function 'cv::createGaussianKernels'

2025-05-17 22:54:57,474 - face_swap - INFO - 进度: 70.2% 处理帧 134/191
2025-05-17 22:54:58,845 - face_swap - ERROR - 颜色平衡调整出错: OpenCV(4.11.0) D:\a\opencv-python\opencv-python\opencv\modules\imgproc\src\smooth.dispatch.cpp:294: error: (-215:Assertion failed) ksize.width > 0 && ksize.width % 2 == 1 && ksize.height > 0 && ksize.height % 2 == 1 in function 'cv::createGaussianKernels'

2025-05-17 22:54:58,884 - face_swap - INFO - 进度: 70.7% 处理帧 135/191
2025-05-17 22:55:00,177 - face_swap - ERROR - 颜色平衡调整出错: OpenCV(4.11.0) D:\a\opencv-python\opencv-python\opencv\modules\imgproc\src\smooth.dispatch.cpp:294: error: (-215:Assertion failed) ksize.width > 0 && ksize.width % 2 == 1 && ksize.height > 0 && ksize.height % 2 == 1 in function 'cv::createGaussianKernels'

2025-05-17 22:55:00,213 - face_swap - INFO - 进度: 71.2% 处理帧 136/191
2025-05-17 22:55:01,760 - face_swap - ERROR - 颜色平衡调整出错: OpenCV(4.11.0) D:\a\opencv-python\opencv-python\opencv\modules\imgproc\src\smooth.dispatch.cpp:294: error: (-215:Assertion failed) ksize.width > 0 && ksize.width % 2 == 1 && ksize.height > 0 && ksize.height % 2 == 1 in function 'cv::createGaussianKernels'

2025-05-17 22:55:01,804 - face_swap - INFO - 进度: 71.7% 处理帧 137/191
2025-05-17 22:55:03,065 - face_swap - ERROR - 颜色平衡调整出错: OpenCV(4.11.0) D:\a\opencv-python\opencv-python\opencv\modules\imgproc\src\smooth.dispatch.cpp:294: error: (-215:Assertion failed) ksize.width > 0 && ksize.width % 2 == 1 && ksize.height > 0 && ksize.height % 2 == 1 in function 'cv::createGaussianKernels'

2025-05-17 22:55:03,099 - face_swap - INFO - 进度: 72.3% 处理帧 138/191
2025-05-17 22:55:04,629 - face_swap - ERROR - 颜色平衡调整出错: OpenCV(4.11.0) D:\a\opencv-python\opencv-python\opencv\modules\imgproc\src\smooth.dispatch.cpp:294: error: (-215:Assertion failed) ksize.width > 0 && ksize.width % 2 == 1 && ksize.height > 0 && ksize.height % 2 == 1 in function 'cv::createGaussianKernels'

2025-05-17 22:55:04,667 - face_swap - INFO - 进度: 72.8% 处理帧 139/191
2025-05-17 22:55:05,792 - face_swap - ERROR - 颜色平衡调整出错: OpenCV(4.11.0) D:\a\opencv-python\opencv-python\opencv\modules\imgproc\src\smooth.dispatch.cpp:294: error: (-215:Assertion failed) ksize.width > 0 && ksize.width % 2 == 1 && ksize.height > 0 && ksize.height % 2 == 1 in function 'cv::createGaussianKernels'

2025-05-17 22:55:05,827 - face_swap - INFO - 进度: 73.3% 处理帧 140/191
2025-05-17 22:55:07,213 - face_swap - ERROR - 颜色平衡调整出错: OpenCV(4.11.0) D:\a\opencv-python\opencv-python\opencv\modules\imgproc\src\smooth.dispatch.cpp:294: error: (-215:Assertion failed) ksize.width > 0 && ksize.width % 2 == 1 && ksize.height > 0 && ksize.height % 2 == 1 in function 'cv::createGaussianKernels'

2025-05-17 22:55:07,270 - face_swap - INFO - 进度: 73.8% 处理帧 141/191
2025-05-17 22:55:08,608 - face_swap - ERROR - 颜色平衡调整出错: OpenCV(4.11.0) D:\a\opencv-python\opencv-python\opencv\modules\imgproc\src\smooth.dispatch.cpp:294: error: (-215:Assertion failed) ksize.width > 0 && ksize.width % 2 == 1 && ksize.height > 0 && ksize.height % 2 == 1 in function 'cv::createGaussianKernels'

2025-05-17 22:55:08,647 - face_swap - INFO - 进度: 74.3% 处理帧 142/191
2025-05-17 22:55:09,940 - face_swap - ERROR - 颜色平衡调整出错: OpenCV(4.11.0) D:\a\opencv-python\opencv-python\opencv\modules\imgproc\src\smooth.dispatch.cpp:294: error: (-215:Assertion failed) ksize.width > 0 && ksize.width % 2 == 1 && ksize.height > 0 && ksize.height % 2 == 1 in function 'cv::createGaussianKernels'

2025-05-17 22:55:09,980 - face_swap - INFO - 进度: 74.9% 处理帧 143/191
2025-05-17 22:55:11,497 - face_swap - ERROR - 颜色平衡调整出错: OpenCV(4.11.0) D:\a\opencv-python\opencv-python\opencv\modules\imgproc\src\smooth.dispatch.cpp:294: error: (-215:Assertion failed) ksize.width > 0 && ksize.width % 2 == 1 && ksize.height > 0 && ksize.height % 2 == 1 in function 'cv::createGaussianKernels'

2025-05-17 22:55:11,556 - face_swap - INFO - 进度: 75.4% 处理帧 144/191
2025-05-17 22:55:12,940 - face_swap - ERROR - 颜色平衡调整出错: OpenCV(4.11.0) D:\a\opencv-python\opencv-python\opencv\modules\imgproc\src\smooth.dispatch.cpp:294: error: (-215:Assertion failed) ksize.width > 0 && ksize.width % 2 == 1 && ksize.height > 0 && ksize.height % 2 == 1 in function 'cv::createGaussianKernels'

2025-05-17 22:55:12,981 - face_swap - INFO - 进度: 75.9% 处理帧 145/191
2025-05-17 22:55:14,518 - face_swap - ERROR - 颜色平衡调整出错: OpenCV(4.11.0) D:\a\opencv-python\opencv-python\opencv\modules\imgproc\src\smooth.dispatch.cpp:294: error: (-215:Assertion failed) ksize.width > 0 && ksize.width % 2 == 1 && ksize.height > 0 && ksize.height % 2 == 1 in function 'cv::createGaussianKernels'

2025-05-17 22:55:14,573 - face_swap - INFO - 进度: 76.4% 处理帧 146/191
2025-05-17 22:55:15,724 - face_swap - ERROR - 颜色平衡调整出错: OpenCV(4.11.0) D:\a\opencv-python\opencv-python\opencv\modules\imgproc\src\smooth.dispatch.cpp:294: error: (-215:Assertion failed) ksize.width > 0 && ksize.width % 2 == 1 && ksize.height > 0 && ksize.height % 2 == 1 in function 'cv::createGaussianKernels'

2025-05-17 22:55:15,766 - face_swap - INFO - 进度: 77.0% 处理帧 147/191
2025-05-17 22:55:17,312 - face_swap - ERROR - 颜色平衡调整出错: OpenCV(4.11.0) D:\a\opencv-python\opencv-python\opencv\modules\imgproc\src\smooth.dispatch.cpp:294: error: (-215:Assertion failed) ksize.width > 0 && ksize.width % 2 == 1 && ksize.height > 0 && ksize.height % 2 == 1 in function 'cv::createGaussianKernels'

2025-05-17 22:55:17,358 - face_swap - INFO - 进度: 77.5% 处理帧 148/191
2025-05-17 22:55:18,547 - face_swap - ERROR - 颜色平衡调整出错: OpenCV(4.11.0) D:\a\opencv-python\opencv-python\opencv\modules\imgproc\src\smooth.dispatch.cpp:294: error: (-215:Assertion failed) ksize.width > 0 && ksize.width % 2 == 1 && ksize.height > 0 && ksize.height % 2 == 1 in function 'cv::createGaussianKernels'

2025-05-17 22:55:18,585 - face_swap - INFO - 进度: 78.0% 处理帧 149/191
2025-05-17 22:55:20,265 - face_swap - ERROR - 颜色平衡调整出错: OpenCV(4.11.0) D:\a\opencv-python\opencv-python\opencv\modules\imgproc\src\smooth.dispatch.cpp:294: error: (-215:Assertion failed) ksize.width > 0 && ksize.width % 2 == 1 && ksize.height > 0 && ksize.height % 2 == 1 in function 'cv::createGaussianKernels'

2025-05-17 22:55:20,322 - face_swap - INFO - 进度: 78.5% 处理帧 150/191
2025-05-17 22:55:21,636 - face_swap - ERROR - 颜色平衡调整出错: OpenCV(4.11.0) D:\a\opencv-python\opencv-python\opencv\modules\imgproc\src\smooth.dispatch.cpp:294: error: (-215:Assertion failed) ksize.width > 0 && ksize.width % 2 == 1 && ksize.height > 0 && ksize.height % 2 == 1 in function 'cv::createGaussianKernels'

2025-05-17 22:55:21,672 - face_swap - INFO - 进度: 79.1% 处理帧 151/191
2025-05-17 22:55:23,023 - face_swap - ERROR - 颜色平衡调整出错: OpenCV(4.11.0) D:\a\opencv-python\opencv-python\opencv\modules\imgproc\src\smooth.dispatch.cpp:294: error: (-215:Assertion failed) ksize.width > 0 && ksize.width % 2 == 1 && ksize.height > 0 && ksize.height % 2 == 1 in function 'cv::createGaussianKernels'

2025-05-17 22:55:23,058 - face_swap - INFO - 进度: 79.6% 处理帧 152/191
2025-05-17 22:55:24,328 - face_swap - ERROR - 颜色平衡调整出错: OpenCV(4.11.0) D:\a\opencv-python\opencv-python\opencv\modules\imgproc\src\smooth.dispatch.cpp:294: error: (-215:Assertion failed) ksize.width > 0 && ksize.width % 2 == 1 && ksize.height > 0 && ksize.height % 2 == 1 in function 'cv::createGaussianKernels'

2025-05-17 22:55:24,368 - face_swap - INFO - 进度: 80.1% 处理帧 153/191
2025-05-17 22:55:25,809 - face_swap - ERROR - 颜色平衡调整出错: OpenCV(4.11.0) D:\a\opencv-python\opencv-python\opencv\modules\imgproc\src\smooth.dispatch.cpp:294: error: (-215:Assertion failed) ksize.width > 0 && ksize.width % 2 == 1 && ksize.height > 0 && ksize.height % 2 == 1 in function 'cv::createGaussianKernels'

2025-05-17 22:55:25,843 - face_swap - INFO - 进度: 80.6% 处理帧 154/191
2025-05-17 22:55:27,318 - face_swap - ERROR - 颜色平衡调整出错: OpenCV(4.11.0) D:\a\opencv-python\opencv-python\opencv\modules\imgproc\src\smooth.dispatch.cpp:294: error: (-215:Assertion failed) ksize.width > 0 && ksize.width % 2 == 1 && ksize.height > 0 && ksize.height % 2 == 1 in function 'cv::createGaussianKernels'

2025-05-17 22:55:27,357 - face_swap - INFO - 进度: 81.2% 处理帧 155/191
2025-05-17 22:55:28,685 - face_swap - ERROR - 颜色平衡调整出错: OpenCV(4.11.0) D:\a\opencv-python\opencv-python\opencv\modules\imgproc\src\smooth.dispatch.cpp:294: error: (-215:Assertion failed) ksize.width > 0 && ksize.width % 2 == 1 && ksize.height > 0 && ksize.height % 2 == 1 in function 'cv::createGaussianKernels'

2025-05-17 22:55:28,722 - face_swap - INFO - 进度: 81.7% 处理帧 156/191
2025-05-17 22:55:29,983 - face_swap - ERROR - 颜色平衡调整出错: OpenCV(4.11.0) D:\a\opencv-python\opencv-python\opencv\modules\imgproc\src\smooth.dispatch.cpp:294: error: (-215:Assertion failed) ksize.width > 0 && ksize.width % 2 == 1 && ksize.height > 0 && ksize.height % 2 == 1 in function 'cv::createGaussianKernels'

2025-05-17 22:55:30,041 - face_swap - INFO - 进度: 82.2% 处理帧 157/191
2025-05-17 22:55:31,369 - face_swap - ERROR - 颜色平衡调整出错: OpenCV(4.11.0) D:\a\opencv-python\opencv-python\opencv\modules\imgproc\src\smooth.dispatch.cpp:294: error: (-215:Assertion failed) ksize.width > 0 && ksize.width % 2 == 1 && ksize.height > 0 && ksize.height % 2 == 1 in function 'cv::createGaussianKernels'

2025-05-17 22:55:31,409 - face_swap - INFO - 进度: 82.7% 处理帧 158/191
2025-05-17 22:55:32,928 - face_swap - ERROR - 颜色平衡调整出错: OpenCV(4.11.0) D:\a\opencv-python\opencv-python\opencv\modules\imgproc\src\smooth.dispatch.cpp:294: error: (-215:Assertion failed) ksize.width > 0 && ksize.width % 2 == 1 && ksize.height > 0 && ksize.height % 2 == 1 in function 'cv::createGaussianKernels'

2025-05-17 22:55:32,974 - face_swap - INFO - 进度: 83.2% 处理帧 159/191
2025-05-17 22:55:34,633 - face_swap - ERROR - 颜色平衡调整出错: OpenCV(4.11.0) D:\a\opencv-python\opencv-python\opencv\modules\imgproc\src\smooth.dispatch.cpp:294: error: (-215:Assertion failed) ksize.width > 0 && ksize.width % 2 == 1 && ksize.height > 0 && ksize.height % 2 == 1 in function 'cv::createGaussianKernels'

2025-05-17 22:55:34,694 - face_swap - INFO - 进度: 83.8% 处理帧 160/191
2025-05-17 22:55:36,177 - face_swap - ERROR - 颜色平衡调整出错: OpenCV(4.11.0) D:\a\opencv-python\opencv-python\opencv\modules\imgproc\src\smooth.dispatch.cpp:294: error: (-215:Assertion failed) ksize.width > 0 && ksize.width % 2 == 1 && ksize.height > 0 && ksize.height % 2 == 1 in function 'cv::createGaussianKernels'

2025-05-17 22:55:36,223 - face_swap - INFO - 进度: 84.3% 处理帧 161/191
2025-05-17 22:55:37,688 - face_swap - ERROR - 颜色平衡调整出错: OpenCV(4.11.0) D:\a\opencv-python\opencv-python\opencv\modules\imgproc\src\smooth.dispatch.cpp:294: error: (-215:Assertion failed) ksize.width > 0 && ksize.width % 2 == 1 && ksize.height > 0 && ksize.height % 2 == 1 in function 'cv::createGaussianKernels'

2025-05-17 22:55:37,724 - face_swap - INFO - 进度: 84.8% 处理帧 162/191
2025-05-17 22:55:38,776 - face_swap - ERROR - 颜色平衡调整出错: OpenCV(4.11.0) D:\a\opencv-python\opencv-python\opencv\modules\imgproc\src\smooth.dispatch.cpp:294: error: (-215:Assertion failed) ksize.width > 0 && ksize.width % 2 == 1 && ksize.height > 0 && ksize.height % 2 == 1 in function 'cv::createGaussianKernels'

2025-05-17 22:55:38,815 - face_swap - INFO - 进度: 85.3% 处理帧 163/191
2025-05-17 22:55:40,560 - face_swap - ERROR - 颜色平衡调整出错: OpenCV(4.11.0) D:\a\opencv-python\opencv-python\opencv\modules\imgproc\src\smooth.dispatch.cpp:294: error: (-215:Assertion failed) ksize.width > 0 && ksize.width % 2 == 1 && ksize.height > 0 && ksize.height % 2 == 1 in function 'cv::createGaussianKernels'

2025-05-17 22:55:40,661 - face_swap - INFO - 进度: 85.9% 处理帧 164/191
2025-05-17 22:55:42,050 - face_swap - ERROR - 颜色平衡调整出错: OpenCV(4.11.0) D:\a\opencv-python\opencv-python\opencv\modules\imgproc\src\smooth.dispatch.cpp:294: error: (-215:Assertion failed) ksize.width > 0 && ksize.width % 2 == 1 && ksize.height > 0 && ksize.height % 2 == 1 in function 'cv::createGaussianKernels'

2025-05-17 22:55:42,096 - face_swap - INFO - 进度: 86.4% 处理帧 165/191
2025-05-17 22:55:43,704 - face_swap - ERROR - 颜色平衡调整出错: OpenCV(4.11.0) D:\a\opencv-python\opencv-python\opencv\modules\imgproc\src\smooth.dispatch.cpp:294: error: (-215:Assertion failed) ksize.width > 0 && ksize.width % 2 == 1 && ksize.height > 0 && ksize.height % 2 == 1 in function 'cv::createGaussianKernels'

2025-05-17 22:55:43,746 - face_swap - INFO - 进度: 86.9% 处理帧 166/191
2025-05-17 22:55:44,922 - face_swap - ERROR - 颜色平衡调整出错: OpenCV(4.11.0) D:\a\opencv-python\opencv-python\opencv\modules\imgproc\src\smooth.dispatch.cpp:294: error: (-215:Assertion failed) ksize.width > 0 && ksize.width % 2 == 1 && ksize.height > 0 && ksize.height % 2 == 1 in function 'cv::createGaussianKernels'

2025-05-17 22:55:44,958 - face_swap - INFO - 进度: 87.4% 处理帧 167/191
2025-05-17 22:55:46,441 - face_swap - ERROR - 颜色平衡调整出错: OpenCV(4.11.0) D:\a\opencv-python\opencv-python\opencv\modules\imgproc\src\smooth.dispatch.cpp:294: error: (-215:Assertion failed) ksize.width > 0 && ksize.width % 2 == 1 && ksize.height > 0 && ksize.height % 2 == 1 in function 'cv::createGaussianKernels'

2025-05-17 22:55:46,487 - face_swap - INFO - 进度: 88.0% 处理帧 168/191
2025-05-17 22:55:48,032 - face_swap - ERROR - 颜色平衡调整出错: OpenCV(4.11.0) D:\a\opencv-python\opencv-python\opencv\modules\imgproc\src\smooth.dispatch.cpp:294: error: (-215:Assertion failed) ksize.width > 0 && ksize.width % 2 == 1 && ksize.height > 0 && ksize.height % 2 == 1 in function 'cv::createGaussianKernels'

2025-05-17 22:55:48,069 - face_swap - INFO - 进度: 88.5% 处理帧 169/191
2025-05-17 22:55:49,100 - face_swap - ERROR - 颜色平衡调整出错: OpenCV(4.11.0) D:\a\opencv-python\opencv-python\opencv\modules\imgproc\src\smooth.dispatch.cpp:294: error: (-215:Assertion failed) ksize.width > 0 && ksize.width % 2 == 1 && ksize.height > 0 && ksize.height % 2 == 1 in function 'cv::createGaussianKernels'

2025-05-17 22:55:49,192 - face_swap - INFO - 进度: 89.0% 处理帧 170/191
2025-05-17 22:55:50,929 - face_swap - ERROR - 颜色平衡调整出错: OpenCV(4.11.0) D:\a\opencv-python\opencv-python\opencv\modules\imgproc\src\smooth.dispatch.cpp:294: error: (-215:Assertion failed) ksize.width > 0 && ksize.width % 2 == 1 && ksize.height > 0 && ksize.height % 2 == 1 in function 'cv::createGaussianKernels'

2025-05-17 22:55:50,967 - face_swap - INFO - 进度: 89.5% 处理帧 171/191
2025-05-17 22:55:52,012 - face_swap - ERROR - 颜色平衡调整出错: OpenCV(4.11.0) D:\a\opencv-python\opencv-python\opencv\modules\imgproc\src\smooth.dispatch.cpp:294: error: (-215:Assertion failed) ksize.width > 0 && ksize.width % 2 == 1 && ksize.height > 0 && ksize.height % 2 == 1 in function 'cv::createGaussianKernels'

2025-05-17 22:55:52,056 - face_swap - INFO - 进度: 90.1% 处理帧 172/191
2025-05-17 22:55:53,955 - face_swap - ERROR - 颜色平衡调整出错: OpenCV(4.11.0) D:\a\opencv-python\opencv-python\opencv\modules\imgproc\src\smooth.dispatch.cpp:294: error: (-215:Assertion failed) ksize.width > 0 && ksize.width % 2 == 1 && ksize.height > 0 && ksize.height % 2 == 1 in function 'cv::createGaussianKernels'

2025-05-17 22:55:54,047 - face_swap - INFO - 进度: 90.6% 处理帧 173/191
2025-05-17 22:55:55,080 - face_swap - ERROR - 颜色平衡调整出错: OpenCV(4.11.0) D:\a\opencv-python\opencv-python\opencv\modules\imgproc\src\smooth.dispatch.cpp:294: error: (-215:Assertion failed) ksize.width > 0 && ksize.width % 2 == 1 && ksize.height > 0 && ksize.height % 2 == 1 in function 'cv::createGaussianKernels'

2025-05-17 22:55:55,121 - face_swap - INFO - 进度: 91.1% 处理帧 174/191
2025-05-17 22:55:56,780 - face_swap - ERROR - 颜色平衡调整出错: OpenCV(4.11.0) D:\a\opencv-python\opencv-python\opencv\modules\imgproc\src\smooth.dispatch.cpp:294: error: (-215:Assertion failed) ksize.width > 0 && ksize.width % 2 == 1 && ksize.height > 0 && ksize.height % 2 == 1 in function 'cv::createGaussianKernels'

2025-05-17 22:55:56,828 - face_swap - INFO - 进度: 91.6% 处理帧 175/191
2025-05-17 22:55:57,971 - face_swap - ERROR - 颜色平衡调整出错: OpenCV(4.11.0) D:\a\opencv-python\opencv-python\opencv\modules\imgproc\src\smooth.dispatch.cpp:294: error: (-215:Assertion failed) ksize.width > 0 && ksize.width % 2 == 1 && ksize.height > 0 && ksize.height % 2 == 1 in function 'cv::createGaussianKernels'

2025-05-17 22:55:58,003 - face_swap - INFO - 进度: 92.1% 处理帧 176/191
2025-05-17 22:55:59,574 - face_swap - ERROR - 颜色平衡调整出错: OpenCV(4.11.0) D:\a\opencv-python\opencv-python\opencv\modules\imgproc\src\smooth.dispatch.cpp:294: error: (-215:Assertion failed) ksize.width > 0 && ksize.width % 2 == 1 && ksize.height > 0 && ksize.height % 2 == 1 in function 'cv::createGaussianKernels'

2025-05-17 22:55:59,615 - face_swap - INFO - 进度: 92.7% 处理帧 177/191
2025-05-17 22:56:00,916 - face_swap - ERROR - 颜色平衡调整出错: OpenCV(4.11.0) D:\a\opencv-python\opencv-python\opencv\modules\imgproc\src\smooth.dispatch.cpp:294: error: (-215:Assertion failed) ksize.width > 0 && ksize.width % 2 == 1 && ksize.height > 0 && ksize.height % 2 == 1 in function 'cv::createGaussianKernels'

2025-05-17 22:56:00,953 - face_swap - INFO - 进度: 93.2% 处理帧 178/191
2025-05-17 22:56:02,854 - face_swap - ERROR - 颜色平衡调整出错: OpenCV(4.11.0) D:\a\opencv-python\opencv-python\opencv\modules\imgproc\src\smooth.dispatch.cpp:294: error: (-215:Assertion failed) ksize.width > 0 && ksize.width % 2 == 1 && ksize.height > 0 && ksize.height % 2 == 1 in function 'cv::createGaussianKernels'

2025-05-17 22:56:02,915 - face_swap - INFO - 进度: 93.7% 处理帧 179/191
2025-05-17 22:56:04,052 - face_swap - ERROR - 颜色平衡调整出错: OpenCV(4.11.0) D:\a\opencv-python\opencv-python\opencv\modules\imgproc\src\smooth.dispatch.cpp:294: error: (-215:Assertion failed) ksize.width > 0 && ksize.width % 2 == 1 && ksize.height > 0 && ksize.height % 2 == 1 in function 'cv::createGaussianKernels'

2025-05-17 22:56:04,092 - face_swap - INFO - 进度: 94.2% 处理帧 180/191
2025-05-17 22:56:05,887 - face_swap - ERROR - 颜色平衡调整出错: OpenCV(4.11.0) D:\a\opencv-python\opencv-python\opencv\modules\imgproc\src\smooth.dispatch.cpp:294: error: (-215:Assertion failed) ksize.width > 0 && ksize.width % 2 == 1 && ksize.height > 0 && ksize.height % 2 == 1 in function 'cv::createGaussianKernels'

2025-05-17 22:56:05,927 - face_swap - INFO - 进度: 94.8% 处理帧 181/191
2025-05-17 22:56:07,045 - face_swap - ERROR - 颜色平衡调整出错: OpenCV(4.11.0) D:\a\opencv-python\opencv-python\opencv\modules\imgproc\src\smooth.dispatch.cpp:294: error: (-215:Assertion failed) ksize.width > 0 && ksize.width % 2 == 1 && ksize.height > 0 && ksize.height % 2 == 1 in function 'cv::createGaussianKernels'

2025-05-17 22:56:07,094 - face_swap - INFO - 进度: 95.3% 处理帧 182/191
2025-05-17 22:56:08,911 - face_swap - ERROR - 颜色平衡调整出错: OpenCV(4.11.0) D:\a\opencv-python\opencv-python\opencv\modules\imgproc\src\smooth.dispatch.cpp:294: error: (-215:Assertion failed) ksize.width > 0 && ksize.width % 2 == 1 && ksize.height > 0 && ksize.height % 2 == 1 in function 'cv::createGaussianKernels'

2025-05-17 22:56:08,948 - face_swap - INFO - 进度: 95.8% 处理帧 183/191
2025-05-17 22:56:10,368 - face_swap - ERROR - 颜色平衡调整出错: OpenCV(4.11.0) D:\a\opencv-python\opencv-python\opencv\modules\imgproc\src\smooth.dispatch.cpp:294: error: (-215:Assertion failed) ksize.width > 0 && ksize.width % 2 == 1 && ksize.height > 0 && ksize.height % 2 == 1 in function 'cv::createGaussianKernels'

2025-05-17 22:56:10,402 - face_swap - INFO - 进度: 96.3% 处理帧 184/191
2025-05-17 22:56:12,090 - face_swap - ERROR - 颜色平衡调整出错: OpenCV(4.11.0) D:\a\opencv-python\opencv-python\opencv\modules\imgproc\src\smooth.dispatch.cpp:294: error: (-215:Assertion failed) ksize.width > 0 && ksize.width % 2 == 1 && ksize.height > 0 && ksize.height % 2 == 1 in function 'cv::createGaussianKernels'

2025-05-17 22:56:12,150 - face_swap - INFO - 进度: 96.9% 处理帧 185/191
2025-05-17 22:56:13,532 - face_swap - ERROR - 颜色平衡调整出错: OpenCV(4.11.0) D:\a\opencv-python\opencv-python\opencv\modules\imgproc\src\smooth.dispatch.cpp:294: error: (-215:Assertion failed) ksize.width > 0 && ksize.width % 2 == 1 && ksize.height > 0 && ksize.height % 2 == 1 in function 'cv::createGaussianKernels'

2025-05-17 22:56:13,570 - face_swap - INFO - 进度: 97.4% 处理帧 186/191
2025-05-17 22:56:15,186 - face_swap - ERROR - 颜色平衡调整出错: OpenCV(4.11.0) D:\a\opencv-python\opencv-python\opencv\modules\imgproc\src\smooth.dispatch.cpp:294: error: (-215:Assertion failed) ksize.width > 0 && ksize.width % 2 == 1 && ksize.height > 0 && ksize.height % 2 == 1 in function 'cv::createGaussianKernels'

2025-05-17 22:56:15,221 - face_swap - INFO - 进度: 97.9% 处理帧 187/191
2025-05-17 22:56:17,269 - face_swap - ERROR - 颜色平衡调整出错: OpenCV(4.11.0) D:\a\opencv-python\opencv-python\opencv\modules\imgproc\src\smooth.dispatch.cpp:294: error: (-215:Assertion failed) ksize.width > 0 && ksize.width % 2 == 1 && ksize.height > 0 && ksize.height % 2 == 1 in function 'cv::createGaussianKernels'

2025-05-17 22:56:17,330 - face_swap - INFO - 进度: 98.4% 处理帧 188/191
2025-05-17 22:56:18,662 - face_swap - ERROR - 颜色平衡调整出错: OpenCV(4.11.0) D:\a\opencv-python\opencv-python\opencv\modules\imgproc\src\smooth.dispatch.cpp:294: error: (-215:Assertion failed) ksize.width > 0 && ksize.width % 2 == 1 && ksize.height > 0 && ksize.height % 2 == 1 in function 'cv::createGaussianKernels'

2025-05-17 22:56:18,699 - face_swap - INFO - 进度: 99.0% 处理帧 189/191
2025-05-17 22:56:20,176 - face_swap - ERROR - 颜色平衡调整出错: OpenCV(4.11.0) D:\a\opencv-python\opencv-python\opencv\modules\imgproc\src\smooth.dispatch.cpp:294: error: (-215:Assertion failed) ksize.width > 0 && ksize.width % 2 == 1 && ksize.height > 0 && ksize.height % 2 == 1 in function 'cv::createGaussianKernels'

2025-05-17 22:56:20,216 - face_swap - INFO - 进度: 99.5% 处理帧 190/191
2025-05-17 22:56:22,089 - face_swap - ERROR - 颜色平衡调整出错: OpenCV(4.11.0) D:\a\opencv-python\opencv-python\opencv\modules\imgproc\src\smooth.dispatch.cpp:294: error: (-215:Assertion failed) ksize.width > 0 && ksize.width % 2 == 1 && ksize.height > 0 && ksize.height % 2 == 1 in function 'cv::createGaussianKernels'

2025-05-17 22:56:22,130 - face_swap - INFO - 进度: 100.0% 处理帧 191/191
2025-05-17 22:56:22,225 - face_swap - INFO - 状态: 正在处理视频... 191/191 帧
2025-05-17 22:56:22,248 - face_swap - INFO - 处理进度: 191/191 (100.0%)
2025-05-17 22:56:23,259 - face_swap - ERROR - 颜色平衡调整出错: OpenCV(4.11.0) D:\a\opencv-python\opencv-python\opencv\modules\imgproc\src\smooth.dispatch.cpp:294: error: (-215:Assertion failed) ksize.width > 0 && ksize.width % 2 == 1 && ksize.height > 0 && ksize.height % 2 == 1 in function 'cv::createGaussianKernels'

2025-05-17 22:56:25,094 - face_swap - ERROR - 颜色平衡调整出错: OpenCV(4.11.0) D:\a\opencv-python\opencv-python\opencv\modules\imgproc\src\smooth.dispatch.cpp:294: error: (-215:Assertion failed) ksize.width > 0 && ksize.width % 2 == 1 && ksize.height > 0 && ksize.height % 2 == 1 in function 'cv::createGaussianKernels'

2025-05-17 22:56:26,449 - face_swap - ERROR - 颜色平衡调整出错: OpenCV(4.11.0) D:\a\opencv-python\opencv-python\opencv\modules\imgproc\src\smooth.dispatch.cpp:294: error: (-215:Assertion failed) ksize.width > 0 && ksize.width % 2 == 1 && ksize.height > 0 && ksize.height % 2 == 1 in function 'cv::createGaussianKernels'

2025-05-17 22:56:27,759 - face_swap - ERROR - 颜色平衡调整出错: OpenCV(4.11.0) D:\a\opencv-python\opencv-python\opencv\modules\imgproc\src\smooth.dispatch.cpp:294: error: (-215:Assertion failed) ksize.width > 0 && ksize.width % 2 == 1 && ksize.height > 0 && ksize.height % 2 == 1 in function 'cv::createGaussianKernels'

2025-05-17 22:56:29,665 - face_swap - ERROR - 颜色平衡调整出错: OpenCV(4.11.0) D:\a\opencv-python\opencv-python\opencv\modules\imgproc\src\smooth.dispatch.cpp:294: error: (-215:Assertion failed) ksize.width > 0 && ksize.width % 2 == 1 && ksize.height > 0 && ksize.height % 2 == 1 in function 'cv::createGaussianKernels'

2025-05-17 22:56:30,473 - face_swap - ERROR - 颜色平衡调整出错: OpenCV(4.11.0) D:\a\opencv-python\opencv-python\opencv\modules\imgproc\src\smooth.dispatch.cpp:294: error: (-215:Assertion failed) ksize.width > 0 && ksize.width % 2 == 1 && ksize.height > 0 && ksize.height % 2 == 1 in function 'cv::createGaussianKernels'

2025-05-17 22:56:31,266 - face_swap - ERROR - 颜色平衡调整出错: OpenCV(4.11.0) D:\a\opencv-python\opencv-python\opencv\modules\imgproc\src\smooth.dispatch.cpp:294: error: (-215:Assertion failed) ksize.width > 0 && ksize.width % 2 == 1 && ksize.height > 0 && ksize.height % 2 == 1 in function 'cv::createGaussianKernels'

2025-05-17 22:56:31,352 - face_swap - INFO - 状态: 处理完成!
2025-05-17 22:56:31,353 - face_swap - INFO - 进度: 100.0% 完成
2025-05-17 22:56:31,353 - face_swap - INFO - 视频处理完成: e:\face\output_videos\MV_20250411_190055_face_swap_1747493524.mp4
