2025-04-23 16:23:00,314 - face_swap - INFO - 成功导入 requests 库
2025-04-23 16:23:00,521 - face_swap - INFO - 成功导入基础图像处理库 cv2 和 numpy
2025-04-23 16:23:00,601 - face_swap - INFO - 成功导入 dlib 库
2025-04-23 16:23:00,628 - face_swap - INFO - 成功导入 PIL 库
2025-04-23 16:23:00,637 - face_swap - INFO - 成功导入 tkinter 库
2025-04-23 16:23:00,691 - face_swap - INFO - 成功导入 onnxruntime 模块
2025-04-23 16:23:00,691 - face_swap - WARNING - insightface 模块导入失败: No module named 'insightface'
2025-04-23 16:23:00,691 - face_swap - WARNING - 高级人脸替换功能将不可用，请安装 insightface 库以启用全部功能
2025-04-23 16:23:00,691 - face_swap - WARNING - 安装方法: 先安装 Visual C++ 构建工具，然后运行：pip install insightface
2025-04-23 16:23:01,307 - face_swap - INFO - 成功导入 torch 模块
2025-04-23 16:23:01,456 - face_swap - INFO - 成功导入视频处理相关模块
2025-04-23 16:23:01,456 - face_swap - INFO - 所有基础模块已成功导入
2025-04-23 16:23:01,534 - face_swap - INFO - 级联分类器路径: e:\face\models\haarcascade_frontalface_default.xml, 是否存在: True
2025-04-23 16:23:01,557 - face_swap - INFO - 成功加载级联分类器
2025-04-23 16:23:01,766 - face_swap - INFO - 成功初始化dlib人脸检测器
2025-04-23 16:23:02,564 - face_swap - INFO - 成功加载特征点预测模型
2025-04-23 16:23:02,564 - face_swap - WARNING - insightface 模块不可用，无法使用 inswapper 模型
2025-04-23 16:23:02,564 - face_swap - WARNING - 警告: 未找到 FaceShifter 模型文件: e:\face\models\faceshifter_ffhq.pth
2025-04-23 16:23:07,264 - face_swap - INFO - 开始下载 FaceShifter 模型...
2025-04-23 16:23:07,303 - urllib3.connectionpool - WARNING - Retrying (Retry(total=2, connect=None, read=None, redirect=None, status=None)) after connection broken by 'SSLError(SSLCertVerificationError(1, '[SSL: CERTIFICATE_VERIFY_FAILED] certificate verify failed: unable to get local issuer certificate (_ssl.c:1147)'))': /datasets/microsoft/FaceShifter/resolve/main/faceshifter_ffhq.pth
2025-04-23 16:23:07,322 - urllib3.connectionpool - WARNING - Retrying (Retry(total=1, connect=None, read=None, redirect=None, status=None)) after connection broken by 'SSLError(SSLCertVerificationError(1, '[SSL: CERTIFICATE_VERIFY_FAILED] certificate verify failed: unable to get local issuer certificate (_ssl.c:1147)'))': /datasets/microsoft/FaceShifter/resolve/main/faceshifter_ffhq.pth
2025-04-23 16:23:07,345 - urllib3.connectionpool - WARNING - Retrying (Retry(total=0, connect=None, read=None, redirect=None, status=None)) after connection broken by 'SSLError(SSLCertVerificationError(1, '[SSL: CERTIFICATE_VERIFY_FAILED] certificate verify failed: unable to get local issuer certificate (_ssl.c:1147)'))': /datasets/microsoft/FaceShifter/resolve/main/faceshifter_ffhq.pth
2025-04-23 16:23:07,380 - face_swap - WARNING - 获取文件大小时出错: HTTPSConnectionPool(host='huggingface.co', port=443): Max retries exceeded with url: /datasets/microsoft/FaceShifter/resolve/main/faceshifter_ffhq.pth (Caused by SSLError(SSLCertVerificationError(1, '[SSL: CERTIFICATE_VERIFY_FAILED] certificate verify failed: unable to get local issuer certificate (_ssl.c:1147)')))
2025-04-23 16:23:07,397 - urllib3.connectionpool - WARNING - Retrying (Retry(total=2, connect=None, read=None, redirect=None, status=None)) after connection broken by 'SSLError(SSLCertVerificationError(1, '[SSL: CERTIFICATE_VERIFY_FAILED] certificate verify failed: unable to get local issuer certificate (_ssl.c:1147)'))': /datasets/microsoft/FaceShifter/resolve/main/faceshifter_ffhq.pth
2025-04-23 16:23:07,428 - urllib3.connectionpool - WARNING - Retrying (Retry(total=1, connect=None, read=None, redirect=None, status=None)) after connection broken by 'SSLError(SSLCertVerificationError(1, '[SSL: CERTIFICATE_VERIFY_FAILED] certificate verify failed: unable to get local issuer certificate (_ssl.c:1147)'))': /datasets/microsoft/FaceShifter/resolve/main/faceshifter_ffhq.pth
2025-04-23 16:23:07,458 - urllib3.connectionpool - WARNING - Retrying (Retry(total=0, connect=None, read=None, redirect=None, status=None)) after connection broken by 'SSLError(SSLCertVerificationError(1, '[SSL: CERTIFICATE_VERIFY_FAILED] certificate verify failed: unable to get local issuer certificate (_ssl.c:1147)'))': /datasets/microsoft/FaceShifter/resolve/main/faceshifter_ffhq.pth
2025-04-23 16:23:07,471 - face_swap - ERROR - 下载请求失败: HTTPSConnectionPool(host='huggingface.co', port=443): Max retries exceeded with url: /datasets/microsoft/FaceShifter/resolve/main/faceshifter_ffhq.pth (Caused by SSLError(SSLCertVerificationError(1, '[SSL: CERTIFICATE_VERIFY_FAILED] certificate verify failed: unable to get local issuer certificate (_ssl.c:1147)')))
