2025-04-29 09:00:47,838 - face_swap_cli - INFO - 正在初始化模型...
2025-04-29 09:00:47,868 - face_swap_cli - INFO - 成功加载级联分类器
2025-04-29 09:00:48,715 - face_swap_cli - INFO - 成功加载特征点预测模型
2025-04-29 09:00:48,726 - face_swap_cli - WARNING - 使用download=False初始化失败: HTTPSConnectionPool(host='github.com', port=443): Max retries exceeded with url: /deepinsight/insightface/releases/download/v0.7/buffalo_l.zip (Caused by SSLError(SSLCertVerificationError(1, '[SSL: CERTIFICATE_VERIFY_FAILED] certificate verify failed: unable to get local issuer certificate (_ssl.c:1147)')))
2025-04-29 09:00:48,727 - face_swap_cli - WARNING - 无法找到buffalo_l/onnx目录，人脸分析器初始化失败
2025-04-29 09:00:50,142 - face_swap_cli - INFO - 成功加载InsightFace ONNX模型: e:\face\models\inswapper_128.onnx
2025-04-29 09:00:50,311 - face_swap_cli - INFO - 开始处理视频: E:\face\data\input_videos\Video_1728365311307.mp4
2025-04-29 09:00:50,377 - face_swap_cli - WARNING - 未在视频帧中检测到人脸
2025-04-29 09:00:50,383 - face_swap_cli - INFO - 正在保存结果视频到: E:\face\output_videos\result.mp4
2025-04-29 09:00:50,571 - face_swap_cli - WARNING - 未在视频帧中检测到人脸
2025-04-29 09:00:50,640 - face_swap_cli - WARNING - 未在视频帧中检测到人脸
2025-04-29 09:00:50,711 - face_swap_cli - WARNING - 未在视频帧中检测到人脸
2025-04-29 09:00:50,776 - face_swap_cli - WARNING - 未在视频帧中检测到人脸
2025-04-29 09:00:50,831 - face_swap_cli - WARNING - 未在视频帧中检测到人脸
2025-04-29 09:00:50,905 - face_swap_cli - WARNING - 未在视频帧中检测到人脸
2025-04-29 09:00:50,971 - face_swap_cli - WARNING - 未在视频帧中检测到人脸
2025-04-29 09:00:51,033 - face_swap_cli - WARNING - 未在视频帧中检测到人脸
2025-04-29 09:00:51,097 - face_swap_cli - WARNING - 未在视频帧中检测到人脸
2025-04-29 09:00:51,166 - face_swap_cli - WARNING - 未在视频帧中检测到人脸
2025-04-29 09:00:51,227 - face_swap_cli - WARNING - 未在视频帧中检测到人脸
2025-04-29 09:00:51,300 - face_swap_cli - WARNING - 未在视频帧中检测到人脸
2025-04-29 09:00:51,383 - face_swap_cli - WARNING - 未在视频帧中检测到人脸
2025-04-29 09:00:51,490 - face_swap_cli - WARNING - 未在视频帧中检测到人脸
2025-04-29 09:00:51,616 - face_swap_cli - WARNING - 未在视频帧中检测到人脸
2025-04-29 09:00:51,704 - face_swap_cli - WARNING - 未在视频帧中检测到人脸
2025-04-29 09:00:51,773 - face_swap_cli - WARNING - 未在视频帧中检测到人脸
2025-04-29 09:00:51,846 - face_swap_cli - WARNING - 未在视频帧中检测到人脸
2025-04-29 09:00:51,910 - face_swap_cli - WARNING - 未在视频帧中检测到人脸
2025-04-29 09:00:51,976 - face_swap_cli - WARNING - 未在视频帧中检测到人脸
2025-04-29 09:00:52,041 - face_swap_cli - WARNING - 未在视频帧中检测到人脸
2025-04-29 09:00:52,103 - face_swap_cli - WARNING - 未在视频帧中检测到人脸
2025-04-29 09:00:52,175 - face_swap_cli - WARNING - 未在视频帧中检测到人脸
2025-04-29 09:00:52,242 - face_swap_cli - WARNING - 未在视频帧中检测到人脸
2025-04-29 09:00:52,306 - face_swap_cli - WARNING - 未在视频帧中检测到人脸
2025-04-29 09:00:52,371 - face_swap_cli - WARNING - 未在视频帧中检测到人脸
2025-04-29 09:00:52,433 - face_swap_cli - WARNING - 未在视频帧中检测到人脸
2025-04-29 09:00:52,498 - face_swap_cli - WARNING - 未在视频帧中检测到人脸
2025-04-29 09:00:52,562 - face_swap_cli - WARNING - 未在视频帧中检测到人脸
2025-04-29 09:00:52,627 - face_swap_cli - WARNING - 未在视频帧中检测到人脸
2025-04-29 09:00:52,691 - face_swap_cli - WARNING - 未在视频帧中检测到人脸
2025-04-29 09:00:52,754 - face_swap_cli - WARNING - 未在视频帧中检测到人脸
2025-04-29 09:00:52,818 - face_swap_cli - WARNING - 未在视频帧中检测到人脸
2025-04-29 09:00:52,881 - face_swap_cli - WARNING - 未在视频帧中检测到人脸
2025-04-29 09:00:52,943 - face_swap_cli - WARNING - 未在视频帧中检测到人脸
2025-04-29 09:00:53,006 - face_swap_cli - WARNING - 未在视频帧中检测到人脸
2025-04-29 09:00:53,072 - face_swap_cli - WARNING - 未在视频帧中检测到人脸
2025-04-29 09:00:53,135 - face_swap_cli - WARNING - 未在视频帧中检测到人脸
2025-04-29 09:00:53,202 - face_swap_cli - WARNING - 未在视频帧中检测到人脸
2025-04-29 09:00:53,265 - face_swap_cli - WARNING - 未在视频帧中检测到人脸
2025-04-29 09:00:53,330 - face_swap_cli - WARNING - 未在视频帧中检测到人脸
2025-04-29 09:00:53,398 - face_swap_cli - WARNING - 未在视频帧中检测到人脸
2025-04-29 09:00:53,457 - face_swap_cli - WARNING - 未在视频帧中检测到人脸
2025-04-29 09:00:53,524 - face_swap_cli - WARNING - 未在视频帧中检测到人脸
2025-04-29 09:00:53,592 - face_swap_cli - WARNING - 未在视频帧中检测到人脸
2025-04-29 09:00:53,653 - face_swap_cli - WARNING - 未在视频帧中检测到人脸
2025-04-29 09:00:53,718 - face_swap_cli - WARNING - 未在视频帧中检测到人脸
2025-04-29 09:00:53,783 - face_swap_cli - WARNING - 未在视频帧中检测到人脸
2025-04-29 09:00:53,848 - face_swap_cli - WARNING - 未在视频帧中检测到人脸
2025-04-29 09:00:53,912 - face_swap_cli - WARNING - 未在视频帧中检测到人脸
2025-04-29 09:00:53,978 - face_swap_cli - WARNING - 未在视频帧中检测到人脸
2025-04-29 09:00:54,042 - face_swap_cli - WARNING - 未在视频帧中检测到人脸
2025-04-29 09:00:54,105 - face_swap_cli - WARNING - 未在视频帧中检测到人脸
2025-04-29 09:00:54,167 - face_swap_cli - WARNING - 未在视频帧中检测到人脸
2025-04-29 09:00:54,229 - face_swap_cli - WARNING - 未在视频帧中检测到人脸
2025-04-29 09:00:54,293 - face_swap_cli - WARNING - 未在视频帧中检测到人脸
2025-04-29 09:00:54,358 - face_swap_cli - WARNING - 未在视频帧中检测到人脸
2025-04-29 09:00:54,422 - face_swap_cli - WARNING - 未在视频帧中检测到人脸
2025-04-29 09:00:54,488 - face_swap_cli - WARNING - 未在视频帧中检测到人脸
2025-04-29 09:00:54,552 - face_swap_cli - WARNING - 未在视频帧中检测到人脸
2025-04-29 09:00:54,625 - face_swap_cli - WARNING - 未在视频帧中检测到人脸
2025-04-29 09:00:54,694 - face_swap_cli - WARNING - 未在视频帧中检测到人脸
2025-04-29 09:00:54,756 - face_swap_cli - WARNING - 未在视频帧中检测到人脸
2025-04-29 09:00:54,821 - face_swap_cli - WARNING - 未在视频帧中检测到人脸
2025-04-29 09:00:54,883 - face_swap_cli - WARNING - 未在视频帧中检测到人脸
2025-04-29 09:00:54,945 - face_swap_cli - WARNING - 未在视频帧中检测到人脸
2025-04-29 09:00:55,014 - face_swap_cli - WARNING - 未在视频帧中检测到人脸
2025-04-29 09:00:55,076 - face_swap_cli - WARNING - 未在视频帧中检测到人脸
2025-04-29 09:00:55,140 - face_swap_cli - WARNING - 未在视频帧中检测到人脸
2025-04-29 09:00:55,203 - face_swap_cli - WARNING - 未在视频帧中检测到人脸
2025-04-29 09:00:55,266 - face_swap_cli - WARNING - 未在视频帧中检测到人脸
2025-04-29 09:00:55,331 - face_swap_cli - WARNING - 未在视频帧中检测到人脸
2025-04-29 09:00:55,393 - face_swap_cli - WARNING - 未在视频帧中检测到人脸
2025-04-29 09:00:55,456 - face_swap_cli - WARNING - 未在视频帧中检测到人脸
2025-04-29 09:00:55,519 - face_swap_cli - WARNING - 未在视频帧中检测到人脸
2025-04-29 09:00:55,579 - face_swap_cli - WARNING - 未在视频帧中检测到人脸
2025-04-29 09:00:55,641 - face_swap_cli - WARNING - 未在视频帧中检测到人脸
2025-04-29 09:00:55,703 - face_swap_cli - WARNING - 未在视频帧中检测到人脸
2025-04-29 09:00:55,764 - face_swap_cli - WARNING - 未在视频帧中检测到人脸
2025-04-29 09:00:55,829 - face_swap_cli - WARNING - 未在视频帧中检测到人脸
2025-04-29 09:00:55,892 - face_swap_cli - WARNING - 未在视频帧中检测到人脸
2025-04-29 09:00:55,955 - face_swap_cli - WARNING - 未在视频帧中检测到人脸
2025-04-29 09:00:56,020 - face_swap_cli - WARNING - 未在视频帧中检测到人脸
2025-04-29 09:00:56,084 - face_swap_cli - WARNING - 未在视频帧中检测到人脸
2025-04-29 09:00:56,147 - face_swap_cli - WARNING - 未在视频帧中检测到人脸
2025-04-29 09:00:56,210 - face_swap_cli - WARNING - 未在视频帧中检测到人脸
2025-04-29 09:00:56,286 - face_swap_cli - WARNING - 未在视频帧中检测到人脸
2025-04-29 09:00:56,465 - face_swap_cli - WARNING - 未在视频帧中检测到人脸
2025-04-29 09:00:56,584 - face_swap_cli - WARNING - 未在视频帧中检测到人脸
2025-04-29 09:00:56,701 - face_swap_cli - WARNING - 未在视频帧中检测到人脸
2025-04-29 09:00:56,818 - face_swap_cli - WARNING - 未在视频帧中检测到人脸
2025-04-29 09:00:56,930 - face_swap_cli - WARNING - 未在视频帧中检测到人脸
2025-04-29 09:00:57,045 - face_swap_cli - WARNING - 未在视频帧中检测到人脸
2025-04-29 09:00:57,225 - face_swap_cli - WARNING - 未在视频帧中检测到人脸
2025-04-29 09:00:57,376 - face_swap_cli - WARNING - 未在视频帧中检测到人脸
2025-04-29 09:00:57,517 - face_swap_cli - WARNING - 未在视频帧中检测到人脸
2025-04-29 09:00:57,689 - face_swap_cli - WARNING - 未在视频帧中检测到人脸
2025-04-29 09:00:57,830 - face_swap_cli - WARNING - 未在视频帧中检测到人脸
2025-04-29 09:00:57,940 - face_swap_cli - WARNING - 未在视频帧中检测到人脸
2025-04-29 09:00:58,050 - face_swap_cli - WARNING - 未在视频帧中检测到人脸
2025-04-29 09:00:58,206 - face_swap_cli - WARNING - 未在视频帧中检测到人脸
2025-04-29 09:00:58,331 - face_swap_cli - WARNING - 未在视频帧中检测到人脸
2025-04-29 09:00:58,441 - face_swap_cli - WARNING - 未在视频帧中检测到人脸
2025-04-29 09:00:58,566 - face_swap_cli - WARNING - 未在视频帧中检测到人脸
2025-04-29 09:00:58,754 - face_swap_cli - WARNING - 未在视频帧中检测到人脸
2025-04-29 09:00:58,910 - face_swap_cli - WARNING - 未在视频帧中检测到人脸
2025-04-29 09:00:59,083 - face_swap_cli - WARNING - 未在视频帧中检测到人脸
2025-04-29 09:00:59,255 - face_swap_cli - WARNING - 未在视频帧中检测到人脸
2025-04-29 09:00:59,442 - face_swap_cli - WARNING - 未在视频帧中检测到人脸
2025-04-29 09:00:59,567 - face_swap_cli - WARNING - 未在视频帧中检测到人脸
2025-04-29 09:00:59,724 - face_swap_cli - WARNING - 未在视频帧中检测到人脸
2025-04-29 09:00:59,881 - face_swap_cli - WARNING - 未在视频帧中检测到人脸
2025-04-29 09:01:00,084 - face_swap_cli - WARNING - 未在视频帧中检测到人脸
2025-04-29 09:01:00,303 - face_swap_cli - WARNING - 未在视频帧中检测到人脸
2025-04-29 09:01:00,523 - face_swap_cli - WARNING - 未在视频帧中检测到人脸
2025-04-29 09:01:00,679 - face_swap_cli - WARNING - 未在视频帧中检测到人脸
2025-04-29 09:01:00,929 - face_swap_cli - WARNING - 未在视频帧中检测到人脸
2025-04-29 09:01:01,101 - face_swap_cli - WARNING - 未在视频帧中检测到人脸
2025-04-29 09:01:01,352 - face_swap_cli - WARNING - 未在视频帧中检测到人脸
2025-04-29 09:01:01,602 - face_swap_cli - WARNING - 未在视频帧中检测到人脸
2025-04-29 09:01:01,869 - face_swap_cli - WARNING - 未在视频帧中检测到人脸
2025-04-29 09:01:02,198 - face_swap_cli - WARNING - 未在视频帧中检测到人脸
2025-04-29 09:01:02,272 - face_swap_cli - WARNING - 未在视频帧中检测到人脸
2025-04-29 09:01:02,332 - face_swap_cli - WARNING - 未在视频帧中检测到人脸
2025-04-29 09:01:02,396 - face_swap_cli - WARNING - 未在视频帧中检测到人脸
2025-04-29 09:01:02,457 - face_swap_cli - WARNING - 未在视频帧中检测到人脸
2025-04-29 09:01:02,519 - face_swap_cli - WARNING - 未在视频帧中检测到人脸
2025-04-29 09:01:02,575 - face_swap_cli - WARNING - 未在视频帧中检测到人脸
2025-04-29 09:01:02,634 - face_swap_cli - WARNING - 未在视频帧中检测到人脸
2025-04-29 09:01:02,701 - face_swap_cli - WARNING - 未在视频帧中检测到人脸
2025-04-29 09:01:02,762 - face_swap_cli - WARNING - 未在视频帧中检测到人脸
2025-04-29 09:01:02,824 - face_swap_cli - WARNING - 未在视频帧中检测到人脸
2025-04-29 09:01:02,887 - face_swap_cli - WARNING - 未在视频帧中检测到人脸
2025-04-29 09:01:02,957 - face_swap_cli - WARNING - 未在视频帧中检测到人脸
2025-04-29 09:01:03,022 - face_swap_cli - WARNING - 未在视频帧中检测到人脸
2025-04-29 09:01:03,075 - face_swap_cli - WARNING - 未在视频帧中检测到人脸
2025-04-29 09:01:03,148 - face_swap_cli - WARNING - 未在视频帧中检测到人脸
2025-04-29 09:01:03,213 - face_swap_cli - WARNING - 未在视频帧中检测到人脸
2025-04-29 09:01:03,272 - face_swap_cli - WARNING - 未在视频帧中检测到人脸
2025-04-29 09:01:03,338 - face_swap_cli - WARNING - 未在视频帧中检测到人脸
2025-04-29 09:01:03,402 - face_swap_cli - WARNING - 未在视频帧中检测到人脸
2025-04-29 09:01:03,463 - face_swap_cli - WARNING - 未在视频帧中检测到人脸
2025-04-29 09:01:03,519 - face_swap_cli - WARNING - 未在视频帧中检测到人脸
2025-04-29 09:01:03,588 - face_swap_cli - WARNING - 未在视频帧中检测到人脸
2025-04-29 09:01:03,651 - face_swap_cli - WARNING - 未在视频帧中检测到人脸
2025-04-29 09:01:03,713 - face_swap_cli - WARNING - 未在视频帧中检测到人脸
2025-04-29 09:01:03,762 - face_swap_cli - WARNING - 未在视频帧中检测到人脸
2025-04-29 09:01:03,832 - face_swap_cli - WARNING - 未在视频帧中检测到人脸
2025-04-29 09:01:03,912 - face_swap_cli - WARNING - 未在视频帧中检测到人脸
2025-04-29 09:01:03,984 - face_swap_cli - WARNING - 未在视频帧中检测到人脸
2025-04-29 09:01:04,040 - face_swap_cli - WARNING - 未在视频帧中检测到人脸
2025-04-29 09:01:04,109 - face_swap_cli - WARNING - 未在视频帧中检测到人脸
2025-04-29 09:01:04,179 - face_swap_cli - WARNING - 未在视频帧中检测到人脸
2025-04-29 09:01:04,241 - face_swap_cli - WARNING - 未在视频帧中检测到人脸
2025-04-29 09:01:04,297 - face_swap_cli - WARNING - 未在视频帧中检测到人脸
2025-04-29 09:01:04,359 - face_swap_cli - WARNING - 未在视频帧中检测到人脸
2025-04-29 09:01:04,422 - face_swap_cli - WARNING - 未在视频帧中检测到人脸
2025-04-29 09:01:04,485 - face_swap_cli - WARNING - 未在视频帧中检测到人脸
2025-04-29 09:01:04,551 - face_swap_cli - WARNING - 未在视频帧中检测到人脸
2025-04-29 09:01:04,616 - face_swap_cli - WARNING - 未在视频帧中检测到人脸
2025-04-29 09:01:04,672 - face_swap_cli - WARNING - 未在视频帧中检测到人脸
2025-04-29 09:01:04,732 - face_swap_cli - WARNING - 未在视频帧中检测到人脸
2025-04-29 09:01:04,797 - face_swap_cli - WARNING - 未在视频帧中检测到人脸
2025-04-29 09:01:04,867 - face_swap_cli - WARNING - 未在视频帧中检测到人脸
2025-04-29 09:01:04,930 - face_swap_cli - WARNING - 未在视频帧中检测到人脸
2025-04-29 09:01:04,991 - face_swap_cli - WARNING - 未在视频帧中检测到人脸
2025-04-29 09:01:05,047 - face_swap_cli - WARNING - 未在视频帧中检测到人脸
2025-04-29 09:01:05,116 - face_swap_cli - WARNING - 未在视频帧中检测到人脸
2025-04-29 09:01:05,181 - face_swap_cli - WARNING - 未在视频帧中检测到人脸
2025-04-29 09:01:05,248 - face_swap_cli - WARNING - 未在视频帧中检测到人脸
2025-04-29 09:01:05,311 - face_swap_cli - WARNING - 未在视频帧中检测到人脸
2025-04-29 09:01:05,359 - face_swap_cli - WARNING - 未在视频帧中检测到人脸
2025-04-29 09:01:05,433 - face_swap_cli - WARNING - 未在视频帧中检测到人脸
2025-04-29 09:01:05,498 - face_swap_cli - WARNING - 未在视频帧中检测到人脸
2025-04-29 09:01:05,554 - face_swap_cli - WARNING - 未在视频帧中检测到人脸
2025-04-29 09:01:05,616 - face_swap_cli - WARNING - 未在视频帧中检测到人脸
2025-04-29 09:01:05,673 - face_swap_cli - WARNING - 未在视频帧中检测到人脸
2025-04-29 09:01:05,734 - face_swap_cli - WARNING - 未在视频帧中检测到人脸
2025-04-29 09:01:05,808 - face_swap_cli - WARNING - 未在视频帧中检测到人脸
2025-04-29 09:01:05,866 - face_swap_cli - WARNING - 未在视频帧中检测到人脸
2025-04-29 09:01:05,931 - face_swap_cli - WARNING - 未在视频帧中检测到人脸
2025-04-29 09:01:05,994 - face_swap_cli - WARNING - 未在视频帧中检测到人脸
2025-04-29 09:01:06,049 - face_swap_cli - WARNING - 未在视频帧中检测到人脸
2025-04-29 09:01:06,118 - face_swap_cli - WARNING - 未在视频帧中检测到人脸
2025-04-29 09:01:06,179 - face_swap_cli - WARNING - 未在视频帧中检测到人脸
2025-04-29 09:01:06,245 - face_swap_cli - WARNING - 未在视频帧中检测到人脸
2025-04-29 09:01:06,307 - face_swap_cli - WARNING - 未在视频帧中检测到人脸
2025-04-29 09:01:06,366 - face_swap_cli - WARNING - 未在视频帧中检测到人脸
2025-04-29 09:01:06,422 - face_swap_cli - WARNING - 未在视频帧中检测到人脸
2025-04-29 09:01:06,482 - face_swap_cli - WARNING - 未在视频帧中检测到人脸
2025-04-29 09:01:06,554 - face_swap_cli - WARNING - 未在视频帧中检测到人脸
2025-04-29 09:01:06,610 - face_swap_cli - WARNING - 未在视频帧中检测到人脸
2025-04-29 09:01:06,672 - face_swap_cli - WARNING - 未在视频帧中检测到人脸
2025-04-29 09:01:06,741 - face_swap_cli - WARNING - 未在视频帧中检测到人脸
2025-04-29 09:01:06,741 - py.warnings - WARNING - E:\anaconda\envs\face_swap\lib\site-packages\moviepy\video\io\ffmpeg_reader.py:123: UserWarning: Warning: in file E:\face\data\input_videos\Video_1728365311307.mp4, 2211840 bytes wanted but 0 bytes read,at frame 194/195, at time 3.96/3.96 sec. Using the last valid frame instead.
  warnings.warn("Warning: in file %s, "%(self.filename)+

2025-04-29 09:01:06,804 - face_swap_cli - WARNING - 未在视频帧中检测到人脸
2025-04-29 09:01:06,873 - face_swap_cli - INFO - 视频处理完成: E:\face\output_videos\result.mp4
