2025-04-29 08:24:55,625 - face_swap_cli - INFO - 正在初始化模型...
2025-04-29 08:24:55,638 - face_swap_cli - INFO - 成功加载级联分类器
2025-04-29 08:24:56,485 - face_swap_cli - INFO - 成功加载特征点预测模型
2025-04-29 08:24:56,501 - face_swap_cli - WARNING - 使用download=False初始化失败: HTTPSConnectionPool(host='github.com', port=443): Max retries exceeded with url: /deepinsight/insightface/releases/download/v0.7/buffalo_l.zip (Caused by SSLError(SSLCertVerificationError(1, '[SSL: CERTIFICATE_VERIFY_FAILED] certificate verify failed: unable to get local issuer certificate (_ssl.c:1147)')))
2025-04-29 08:24:56,502 - face_swap_cli - WARNING - 无法找到buffalo_l/onnx目录，人脸分析器初始化失败
2025-04-29 08:24:57,930 - face_swap_cli - INFO - 成功加载InsightFace ONNX模型: E:\face\models\inswapper_128.onnx
2025-04-29 08:24:58,152 - face_swap_cli - INFO - 开始处理视频: E:\face\data\input_videos\Video_1728365311307.mp4
2025-04-29 08:24:58,167 - face_swap_cli - ERROR - InsightFace模型未初始化
2025-04-29 08:24:58,167 - face_swap_cli - INFO - 正在保存结果视频到: E:\face\output_videos\result.mp4
2025-04-29 08:24:58,300 - face_swap_cli - ERROR - InsightFace模型未初始化
2025-04-29 08:24:58,326 - face_swap_cli - ERROR - InsightFace模型未初始化
2025-04-29 08:24:58,336 - face_swap_cli - ERROR - InsightFace模型未初始化
2025-04-29 08:24:58,349 - face_swap_cli - ERROR - InsightFace模型未初始化
2025-04-29 08:24:58,360 - face_swap_cli - ERROR - InsightFace模型未初始化
2025-04-29 08:24:58,382 - face_swap_cli - ERROR - InsightFace模型未初始化
2025-04-29 08:24:58,395 - face_swap_cli - ERROR - InsightFace模型未初始化
2025-04-29 08:24:58,420 - face_swap_cli - ERROR - InsightFace模型未初始化
2025-04-29 08:24:58,439 - face_swap_cli - ERROR - InsightFace模型未初始化
2025-04-29 08:24:58,453 - face_swap_cli - ERROR - InsightFace模型未初始化
2025-04-29 08:24:58,472 - face_swap_cli - ERROR - InsightFace模型未初始化
2025-04-29 08:24:58,488 - face_swap_cli - ERROR - InsightFace模型未初始化
2025-04-29 08:24:58,506 - face_swap_cli - ERROR - InsightFace模型未初始化
2025-04-29 08:24:58,522 - face_swap_cli - ERROR - InsightFace模型未初始化
2025-04-29 08:24:58,538 - face_swap_cli - ERROR - InsightFace模型未初始化
2025-04-29 08:24:58,549 - face_swap_cli - ERROR - InsightFace模型未初始化
2025-04-29 08:24:58,566 - face_swap_cli - ERROR - InsightFace模型未初始化
2025-04-29 08:24:58,579 - face_swap_cli - ERROR - InsightFace模型未初始化
2025-04-29 08:24:58,591 - face_swap_cli - ERROR - InsightFace模型未初始化
2025-04-29 08:24:58,613 - face_swap_cli - ERROR - InsightFace模型未初始化
2025-04-29 08:24:58,628 - face_swap_cli - ERROR - InsightFace模型未初始化
2025-04-29 08:24:58,640 - face_swap_cli - ERROR - InsightFace模型未初始化
2025-04-29 08:24:58,650 - face_swap_cli - ERROR - InsightFace模型未初始化
2025-04-29 08:24:58,663 - face_swap_cli - ERROR - InsightFace模型未初始化
2025-04-29 08:24:58,676 - face_swap_cli - ERROR - InsightFace模型未初始化
2025-04-29 08:24:58,689 - face_swap_cli - ERROR - InsightFace模型未初始化
2025-04-29 08:24:58,703 - face_swap_cli - ERROR - InsightFace模型未初始化
2025-04-29 08:24:58,719 - face_swap_cli - ERROR - InsightFace模型未初始化
2025-04-29 08:24:58,731 - face_swap_cli - ERROR - InsightFace模型未初始化
2025-04-29 08:24:58,745 - face_swap_cli - ERROR - InsightFace模型未初始化
2025-04-29 08:24:58,760 - face_swap_cli - ERROR - InsightFace模型未初始化
2025-04-29 08:24:58,775 - face_swap_cli - ERROR - InsightFace模型未初始化
2025-04-29 08:24:58,787 - face_swap_cli - ERROR - InsightFace模型未初始化
2025-04-29 08:24:58,802 - face_swap_cli - ERROR - InsightFace模型未初始化
2025-04-29 08:24:58,815 - face_swap_cli - ERROR - InsightFace模型未初始化
2025-04-29 08:24:58,829 - face_swap_cli - ERROR - InsightFace模型未初始化
2025-04-29 08:24:58,838 - face_swap_cli - ERROR - InsightFace模型未初始化
2025-04-29 08:24:58,854 - face_swap_cli - ERROR - InsightFace模型未初始化
2025-04-29 08:24:58,876 - face_swap_cli - ERROR - InsightFace模型未初始化
2025-04-29 08:24:58,887 - face_swap_cli - ERROR - InsightFace模型未初始化
2025-04-29 08:24:58,910 - face_swap_cli - ERROR - InsightFace模型未初始化
2025-04-29 08:24:58,926 - face_swap_cli - ERROR - InsightFace模型未初始化
2025-04-29 08:24:58,936 - face_swap_cli - ERROR - InsightFace模型未初始化
2025-04-29 08:24:58,948 - face_swap_cli - ERROR - InsightFace模型未初始化
2025-04-29 08:24:58,967 - face_swap_cli - ERROR - InsightFace模型未初始化
2025-04-29 08:24:58,981 - face_swap_cli - ERROR - InsightFace模型未初始化
2025-04-29 08:24:58,994 - face_swap_cli - ERROR - InsightFace模型未初始化
2025-04-29 08:24:59,007 - face_swap_cli - ERROR - InsightFace模型未初始化
2025-04-29 08:24:59,019 - face_swap_cli - ERROR - InsightFace模型未初始化
2025-04-29 08:24:59,032 - face_swap_cli - ERROR - InsightFace模型未初始化
2025-04-29 08:24:59,039 - face_swap_cli - ERROR - InsightFace模型未初始化
2025-04-29 08:24:59,059 - face_swap_cli - ERROR - InsightFace模型未初始化
2025-04-29 08:24:59,073 - face_swap_cli - ERROR - InsightFace模型未初始化
2025-04-29 08:24:59,087 - face_swap_cli - ERROR - InsightFace模型未初始化
2025-04-29 08:24:59,100 - face_swap_cli - ERROR - InsightFace模型未初始化
2025-04-29 08:24:59,111 - face_swap_cli - ERROR - InsightFace模型未初始化
2025-04-29 08:24:59,128 - face_swap_cli - ERROR - InsightFace模型未初始化
2025-04-29 08:24:59,141 - face_swap_cli - ERROR - InsightFace模型未初始化
2025-04-29 08:24:59,146 - face_swap_cli - ERROR - InsightFace模型未初始化
2025-04-29 08:24:59,168 - face_swap_cli - ERROR - InsightFace模型未初始化
2025-04-29 08:24:59,183 - face_swap_cli - ERROR - InsightFace模型未初始化
2025-04-29 08:24:59,198 - face_swap_cli - ERROR - InsightFace模型未初始化
2025-04-29 08:24:59,211 - face_swap_cli - ERROR - InsightFace模型未初始化
2025-04-29 08:24:59,225 - face_swap_cli - ERROR - InsightFace模型未初始化
2025-04-29 08:24:59,238 - face_swap_cli - ERROR - InsightFace模型未初始化
2025-04-29 08:24:59,253 - face_swap_cli - ERROR - InsightFace模型未初始化
2025-04-29 08:24:59,267 - face_swap_cli - ERROR - InsightFace模型未初始化
2025-04-29 08:24:59,279 - face_swap_cli - ERROR - InsightFace模型未初始化
2025-04-29 08:24:59,292 - face_swap_cli - ERROR - InsightFace模型未初始化
2025-04-29 08:24:59,309 - face_swap_cli - ERROR - InsightFace模型未初始化
2025-04-29 08:24:59,320 - face_swap_cli - ERROR - InsightFace模型未初始化
2025-04-29 08:24:59,334 - face_swap_cli - ERROR - InsightFace模型未初始化
2025-04-29 08:24:59,340 - face_swap_cli - ERROR - InsightFace模型未初始化
2025-04-29 08:24:59,360 - face_swap_cli - ERROR - InsightFace模型未初始化
2025-04-29 08:24:59,373 - face_swap_cli - ERROR - InsightFace模型未初始化
2025-04-29 08:24:59,387 - face_swap_cli - ERROR - InsightFace模型未初始化
2025-04-29 08:24:59,399 - face_swap_cli - ERROR - InsightFace模型未初始化
2025-04-29 08:24:59,412 - face_swap_cli - ERROR - InsightFace模型未初始化
2025-04-29 08:24:59,426 - face_swap_cli - ERROR - InsightFace模型未初始化
2025-04-29 08:24:59,442 - face_swap_cli - ERROR - InsightFace模型未初始化
2025-04-29 08:24:59,457 - face_swap_cli - ERROR - InsightFace模型未初始化
2025-04-29 08:24:59,470 - face_swap_cli - ERROR - InsightFace模型未初始化
2025-04-29 08:24:59,480 - face_swap_cli - ERROR - InsightFace模型未初始化
2025-04-29 08:24:59,496 - face_swap_cli - ERROR - InsightFace模型未初始化
2025-04-29 08:24:59,509 - face_swap_cli - ERROR - InsightFace模型未初始化
2025-04-29 08:24:59,523 - face_swap_cli - ERROR - InsightFace模型未初始化
2025-04-29 08:24:59,536 - face_swap_cli - ERROR - InsightFace模型未初始化
2025-04-29 08:24:59,550 - face_swap_cli - ERROR - InsightFace模型未初始化
2025-04-29 08:24:59,564 - face_swap_cli - ERROR - InsightFace模型未初始化
2025-04-29 08:24:59,577 - face_swap_cli - ERROR - InsightFace模型未初始化
2025-04-29 08:24:59,588 - face_swap_cli - ERROR - InsightFace模型未初始化
2025-04-29 08:24:59,601 - face_swap_cli - ERROR - InsightFace模型未初始化
2025-04-29 08:24:59,615 - face_swap_cli - ERROR - InsightFace模型未初始化
2025-04-29 08:24:59,628 - face_swap_cli - ERROR - InsightFace模型未初始化
2025-04-29 08:24:59,641 - face_swap_cli - ERROR - InsightFace模型未初始化
2025-04-29 08:24:59,646 - face_swap_cli - ERROR - InsightFace模型未初始化
2025-04-29 08:24:59,667 - face_swap_cli - ERROR - InsightFace模型未初始化
2025-04-29 08:24:59,679 - face_swap_cli - ERROR - InsightFace模型未初始化
2025-04-29 08:24:59,692 - face_swap_cli - ERROR - InsightFace模型未初始化
2025-04-29 08:24:59,705 - face_swap_cli - ERROR - InsightFace模型未初始化
2025-04-29 08:24:59,719 - face_swap_cli - ERROR - InsightFace模型未初始化
2025-04-29 08:24:59,728 - face_swap_cli - ERROR - InsightFace模型未初始化
2025-04-29 08:24:59,747 - face_swap_cli - ERROR - InsightFace模型未初始化
2025-04-29 08:24:59,761 - face_swap_cli - ERROR - InsightFace模型未初始化
2025-04-29 08:24:59,775 - face_swap_cli - ERROR - InsightFace模型未初始化
2025-04-29 08:24:59,788 - face_swap_cli - ERROR - InsightFace模型未初始化
2025-04-29 08:24:59,800 - face_swap_cli - ERROR - InsightFace模型未初始化
2025-04-29 08:24:59,812 - face_swap_cli - ERROR - InsightFace模型未初始化
2025-04-29 08:24:59,829 - face_swap_cli - ERROR - InsightFace模型未初始化
2025-04-29 08:24:59,842 - face_swap_cli - ERROR - InsightFace模型未初始化
2025-04-29 08:24:59,855 - face_swap_cli - ERROR - InsightFace模型未初始化
2025-04-29 08:24:59,867 - face_swap_cli - ERROR - InsightFace模型未初始化
2025-04-29 08:24:59,881 - face_swap_cli - ERROR - InsightFace模型未初始化
2025-04-29 08:24:59,893 - face_swap_cli - ERROR - InsightFace模型未初始化
2025-04-29 08:24:59,905 - face_swap_cli - ERROR - InsightFace模型未初始化
2025-04-29 08:24:59,918 - face_swap_cli - ERROR - InsightFace模型未初始化
2025-04-29 08:24:59,930 - face_swap_cli - ERROR - InsightFace模型未初始化
2025-04-29 08:24:59,941 - face_swap_cli - ERROR - InsightFace模型未初始化
2025-04-29 08:24:59,953 - face_swap_cli - ERROR - InsightFace模型未初始化
2025-04-29 08:24:59,966 - face_swap_cli - ERROR - InsightFace模型未初始化
2025-04-29 08:24:59,979 - face_swap_cli - ERROR - InsightFace模型未初始化
2025-04-29 08:24:59,990 - face_swap_cli - ERROR - InsightFace模型未初始化
2025-04-29 08:25:00,004 - face_swap_cli - ERROR - InsightFace模型未初始化
2025-04-29 08:25:00,020 - face_swap_cli - ERROR - InsightFace模型未初始化
2025-04-29 08:25:00,033 - face_swap_cli - ERROR - InsightFace模型未初始化
2025-04-29 08:25:00,045 - face_swap_cli - ERROR - InsightFace模型未初始化
2025-04-29 08:25:00,058 - face_swap_cli - ERROR - InsightFace模型未初始化
2025-04-29 08:25:00,068 - face_swap_cli - ERROR - InsightFace模型未初始化
2025-04-29 08:25:00,082 - face_swap_cli - ERROR - InsightFace模型未初始化
2025-04-29 08:25:00,093 - face_swap_cli - ERROR - InsightFace模型未初始化
2025-04-29 08:25:00,106 - face_swap_cli - ERROR - InsightFace模型未初始化
2025-04-29 08:25:00,119 - face_swap_cli - ERROR - InsightFace模型未初始化
2025-04-29 08:25:00,130 - face_swap_cli - ERROR - InsightFace模型未初始化
2025-04-29 08:25:00,144 - face_swap_cli - ERROR - InsightFace模型未初始化
2025-04-29 08:25:00,156 - face_swap_cli - ERROR - InsightFace模型未初始化
2025-04-29 08:25:00,168 - face_swap_cli - ERROR - InsightFace模型未初始化
2025-04-29 08:25:00,182 - face_swap_cli - ERROR - InsightFace模型未初始化
2025-04-29 08:25:00,194 - face_swap_cli - ERROR - InsightFace模型未初始化
2025-04-29 08:25:00,208 - face_swap_cli - ERROR - InsightFace模型未初始化
2025-04-29 08:25:00,223 - face_swap_cli - ERROR - InsightFace模型未初始化
2025-04-29 08:25:00,235 - face_swap_cli - ERROR - InsightFace模型未初始化
2025-04-29 08:25:00,246 - face_swap_cli - ERROR - InsightFace模型未初始化
2025-04-29 08:25:00,259 - face_swap_cli - ERROR - InsightFace模型未初始化
2025-04-29 08:25:00,274 - face_swap_cli - ERROR - InsightFace模型未初始化
2025-04-29 08:25:00,287 - face_swap_cli - ERROR - InsightFace模型未初始化
2025-04-29 08:25:00,298 - face_swap_cli - ERROR - InsightFace模型未初始化
2025-04-29 08:25:00,312 - face_swap_cli - ERROR - InsightFace模型未初始化
2025-04-29 08:25:00,324 - face_swap_cli - ERROR - InsightFace模型未初始化
2025-04-29 08:25:00,336 - face_swap_cli - ERROR - InsightFace模型未初始化
2025-04-29 08:25:00,350 - face_swap_cli - ERROR - InsightFace模型未初始化
2025-04-29 08:25:00,363 - face_swap_cli - ERROR - InsightFace模型未初始化
2025-04-29 08:25:00,376 - face_swap_cli - ERROR - InsightFace模型未初始化
2025-04-29 08:25:00,389 - face_swap_cli - ERROR - InsightFace模型未初始化
2025-04-29 08:25:00,400 - face_swap_cli - ERROR - InsightFace模型未初始化
2025-04-29 08:25:00,411 - face_swap_cli - ERROR - InsightFace模型未初始化
2025-04-29 08:25:00,423 - face_swap_cli - ERROR - InsightFace模型未初始化
2025-04-29 08:25:00,435 - face_swap_cli - ERROR - InsightFace模型未初始化
2025-04-29 08:25:00,447 - face_swap_cli - ERROR - InsightFace模型未初始化
2025-04-29 08:25:00,458 - face_swap_cli - ERROR - InsightFace模型未初始化
2025-04-29 08:25:00,471 - face_swap_cli - ERROR - InsightFace模型未初始化
2025-04-29 08:25:00,482 - face_swap_cli - ERROR - InsightFace模型未初始化
2025-04-29 08:25:00,495 - face_swap_cli - ERROR - InsightFace模型未初始化
2025-04-29 08:25:00,507 - face_swap_cli - ERROR - InsightFace模型未初始化
2025-04-29 08:25:00,518 - face_swap_cli - ERROR - InsightFace模型未初始化
2025-04-29 08:25:00,530 - face_swap_cli - ERROR - InsightFace模型未初始化
2025-04-29 08:25:00,542 - face_swap_cli - ERROR - InsightFace模型未初始化
2025-04-29 08:25:00,552 - face_swap_cli - ERROR - InsightFace模型未初始化
2025-04-29 08:25:00,566 - face_swap_cli - ERROR - InsightFace模型未初始化
2025-04-29 08:25:00,577 - face_swap_cli - ERROR - InsightFace模型未初始化
2025-04-29 08:25:00,589 - face_swap_cli - ERROR - InsightFace模型未初始化
2025-04-29 08:25:00,601 - face_swap_cli - ERROR - InsightFace模型未初始化
2025-04-29 08:25:00,614 - face_swap_cli - ERROR - InsightFace模型未初始化
2025-04-29 08:25:00,626 - face_swap_cli - ERROR - InsightFace模型未初始化
2025-04-29 08:25:00,638 - face_swap_cli - ERROR - InsightFace模型未初始化
2025-04-29 08:25:00,649 - face_swap_cli - ERROR - InsightFace模型未初始化
2025-04-29 08:25:00,660 - face_swap_cli - ERROR - InsightFace模型未初始化
2025-04-29 08:25:00,673 - face_swap_cli - ERROR - InsightFace模型未初始化
2025-04-29 08:25:00,684 - face_swap_cli - ERROR - InsightFace模型未初始化
2025-04-29 08:25:00,698 - face_swap_cli - ERROR - InsightFace模型未初始化
2025-04-29 08:25:00,709 - face_swap_cli - ERROR - InsightFace模型未初始化
2025-04-29 08:25:00,721 - face_swap_cli - ERROR - InsightFace模型未初始化
2025-04-29 08:25:00,732 - face_swap_cli - ERROR - InsightFace模型未初始化
2025-04-29 08:25:00,742 - face_swap_cli - ERROR - InsightFace模型未初始化
2025-04-29 08:25:00,754 - face_swap_cli - ERROR - InsightFace模型未初始化
2025-04-29 08:25:00,766 - face_swap_cli - ERROR - InsightFace模型未初始化
2025-04-29 08:25:00,776 - face_swap_cli - ERROR - InsightFace模型未初始化
2025-04-29 08:25:00,788 - face_swap_cli - ERROR - InsightFace模型未初始化
2025-04-29 08:25:00,801 - face_swap_cli - ERROR - InsightFace模型未初始化
2025-04-29 08:25:00,811 - face_swap_cli - ERROR - InsightFace模型未初始化
2025-04-29 08:25:00,821 - face_swap_cli - ERROR - InsightFace模型未初始化
2025-04-29 08:25:00,835 - face_swap_cli - ERROR - InsightFace模型未初始化
2025-04-29 08:25:00,848 - face_swap_cli - ERROR - InsightFace模型未初始化
2025-04-29 08:25:00,860 - face_swap_cli - ERROR - InsightFace模型未初始化
2025-04-29 08:25:00,872 - face_swap_cli - ERROR - InsightFace模型未初始化
2025-04-29 08:25:00,883 - py.warnings - WARNING - E:\anaconda\envs\face_swap\lib\site-packages\moviepy\video\io\ffmpeg_reader.py:123: UserWarning: Warning: in file E:\face\data\input_videos\Video_1728365311307.mp4, 2211840 bytes wanted but 0 bytes read,at frame 194/195, at time 3.96/3.96 sec. Using the last valid frame instead.
  warnings.warn("Warning: in file %s, "%(self.filename)+

2025-04-29 08:25:00,885 - face_swap_cli - ERROR - InsightFace模型未初始化
2025-04-29 08:25:00,936 - face_swap_cli - INFO - 视频处理完成: E:\face\output_videos\result.mp4
