2025-05-14 16:29:17,947 - simple_face_swap_pyqt - INFO - SimpleFaceSwapApp初始化完成: AI人脸替换系统 - PyQt5科技版 (simple_face_swap_pyqt)
2025-05-14 16:29:20,654 - simple_face_swap_pyqt - INFO - 已选择人脸图片: E:\face\data\input_faces\image.png
2025-05-14 16:29:21,350 - simple_face_swap_pyqt - INFO - 已选择人脸图片: E:\face\data\input_faces\989356cb736f44ada4dc52f0be207790.jpg
2025-05-14 16:29:21,635 - simple_face_swap_pyqt - INFO - 已选择人脸图片: E:\face\data\input_faces\989356cb736f44ada4dc52f0be207790.jpg
2025-05-14 16:29:24,998 - simple_face_swap_pyqt - INFO - 已选择视频: E:\face\data\input_videos\MV_20250411_211735.mp4
2025-05-14 16:29:30,159 - simple_face_swap_pyqt - INFO - Process output: 视频信息: [1080, 1920], 20.04fps, 175帧
2025-05-14 16:29:30,160 - simple_face_swap_pyqt - INFO - Process output: 
2025-05-14 16:29:31,317 - simple_face_swap_pyqt - INFO - Process output: Processing: 0%
2025-05-14 16:29:31,324 - simple_face_swap_pyqt - INFO - Process output: Processing: 0%
2025-05-14 16:29:31,328 - simple_face_swap_pyqt - INFO - Process output: Processing: 1%
2025-05-14 16:29:31,340 - simple_face_swap_pyqt - INFO - Process output: Processing: 1%
2025-05-14 16:29:31,346 - simple_face_swap_pyqt - INFO - Process output: Processing: 2%
2025-05-14 16:29:32,359 - simple_face_swap_pyqt - INFO - Process output: Processing: 2%
2025-05-14 16:29:32,363 - simple_face_swap_pyqt - INFO - Process output: Processing: 3%
2025-05-14 16:29:32,367 - simple_face_swap_pyqt - INFO - Process output: Processing: 4%
2025-05-14 16:29:32,372 - simple_face_swap_pyqt - INFO - Process output: Processing: 4%
2025-05-14 16:29:32,381 - simple_face_swap_pyqt - INFO - Process output: Processing: 5%
2025-05-14 16:29:33,435 - simple_face_swap_pyqt - INFO - Process output: Processing: 5%
2025-05-14 16:29:33,439 - simple_face_swap_pyqt - INFO - Process output: Processing: 6%
2025-05-14 16:29:33,444 - simple_face_swap_pyqt - INFO - Process output: Processing: 6%
2025-05-14 16:29:33,449 - simple_face_swap_pyqt - INFO - Process output: Processing: 7%
2025-05-14 16:29:33,457 - simple_face_swap_pyqt - INFO - Process output: Processing: 8%
2025-05-14 16:29:34,542 - simple_face_swap_pyqt - INFO - Process output: Processing: 8%
2025-05-14 16:29:34,547 - simple_face_swap_pyqt - INFO - Process output: Processing: 9%
2025-05-14 16:29:34,552 - simple_face_swap_pyqt - INFO - Process output: Processing: 9%
2025-05-14 16:29:34,557 - simple_face_swap_pyqt - INFO - Process output: Processing: 10%
2025-05-14 16:29:34,564 - simple_face_swap_pyqt - INFO - Process output: Processing: 10%
2025-05-14 16:29:36,103 - simple_face_swap_pyqt - INFO - Process output: Processing: 11%
2025-05-14 16:29:36,113 - simple_face_swap_pyqt - INFO - Process output: Processing: 12%
2025-05-14 16:29:36,122 - simple_face_swap_pyqt - INFO - Process output: Processing: 12%
2025-05-14 16:29:36,131 - simple_face_swap_pyqt - INFO - Process output: Processing: 13%
2025-05-14 16:29:36,141 - simple_face_swap_pyqt - INFO - Process output: Processing: 13%
2025-05-14 16:29:38,552 - simple_face_swap_pyqt - INFO - Process output: Processing: 14%
2025-05-14 16:29:38,563 - simple_face_swap_pyqt - INFO - Process output: Processing: 14%
2025-05-14 16:29:38,574 - simple_face_swap_pyqt - INFO - Process output: Processing: 15%
2025-05-14 16:29:38,584 - simple_face_swap_pyqt - INFO - Process output: Processing: 16%
2025-05-14 16:29:38,595 - simple_face_swap_pyqt - INFO - Process output: Processing: 16%
2025-05-14 16:29:40,779 - simple_face_swap_pyqt - INFO - Process output: Processing: 17%
2025-05-14 16:29:40,791 - simple_face_swap_pyqt - INFO - Process output: Processing: 17%
2025-05-14 16:29:40,802 - simple_face_swap_pyqt - INFO - Process output: Processing: 18%
2025-05-14 16:29:40,813 - simple_face_swap_pyqt - INFO - Process output: Processing: 18%
2025-05-14 16:29:40,823 - simple_face_swap_pyqt - INFO - Process output: Processing: 19%
2025-05-14 16:29:43,479 - simple_face_swap_pyqt - INFO - Process output: Processing: 20%
2025-05-14 16:29:43,488 - simple_face_swap_pyqt - INFO - Process output: Processing: 20%
2025-05-14 16:29:43,499 - simple_face_swap_pyqt - INFO - Process output: Processing: 21%
2025-05-14 16:29:43,509 - simple_face_swap_pyqt - INFO - Process output: Processing: 21%
2025-05-14 16:29:43,520 - simple_face_swap_pyqt - INFO - Process output: Processing: 22%
2025-05-14 16:29:45,760 - simple_face_swap_pyqt - INFO - Process output: Processing: 22%
2025-05-14 16:29:45,769 - simple_face_swap_pyqt - INFO - Process output: Processing: 23%
2025-05-14 16:29:45,778 - simple_face_swap_pyqt - INFO - Process output: Processing: 24%
2025-05-14 16:29:45,787 - simple_face_swap_pyqt - INFO - Process output: Processing: 24%
2025-05-14 16:29:45,800 - simple_face_swap_pyqt - INFO - Process output: Processing: 25%
2025-05-14 16:29:48,189 - simple_face_swap_pyqt - INFO - Process output: Processing: 25%
2025-05-14 16:29:48,200 - simple_face_swap_pyqt - INFO - Process output: Processing: 26%
2025-05-14 16:29:48,246 - simple_face_swap_pyqt - INFO - Process output: Processing: 26%
2025-05-14 16:29:48,256 - simple_face_swap_pyqt - INFO - Process output: Processing: 27%
2025-05-14 16:29:48,267 - simple_face_swap_pyqt - INFO - Process output: Processing: 28%
2025-05-14 16:29:50,472 - simple_face_swap_pyqt - INFO - Process output: Processing: 28%
2025-05-14 16:29:50,484 - simple_face_swap_pyqt - INFO - Process output: Processing: 29%
2025-05-14 16:29:50,494 - simple_face_swap_pyqt - INFO - Process output: Processing: 29%
2025-05-14 16:29:50,502 - simple_face_swap_pyqt - INFO - Process output: Processing: 30%
2025-05-14 16:29:50,514 - simple_face_swap_pyqt - INFO - Process output: Processing: 30%
2025-05-14 16:29:52,848 - simple_face_swap_pyqt - INFO - Process output: Processing: 31%
2025-05-14 16:29:52,859 - simple_face_swap_pyqt - INFO - Process output: Processing: 32%
2025-05-14 16:29:52,869 - simple_face_swap_pyqt - INFO - Process output: Processing: 32%
2025-05-14 16:29:52,879 - simple_face_swap_pyqt - INFO - Process output: Processing: 33%
2025-05-14 16:29:52,891 - simple_face_swap_pyqt - INFO - Process output: Processing: 33%
2025-05-14 16:29:55,107 - simple_face_swap_pyqt - INFO - Process output: Processing: 34%
2025-05-14 16:29:55,124 - simple_face_swap_pyqt - INFO - Process output: Processing: 34%
2025-05-14 16:29:55,131 - simple_face_swap_pyqt - INFO - Process output: Processing: 35%
2025-05-14 16:29:55,141 - simple_face_swap_pyqt - INFO - Process output: Processing: 36%
2025-05-14 16:29:55,155 - simple_face_swap_pyqt - INFO - Process output: Processing: 36%
2025-05-14 16:29:57,393 - simple_face_swap_pyqt - INFO - Process output: Processing: 37%
2025-05-14 16:29:57,405 - simple_face_swap_pyqt - INFO - Process output: Processing: 37%
2025-05-14 16:29:57,420 - simple_face_swap_pyqt - INFO - Process output: Processing: 38%
2025-05-14 16:29:57,432 - simple_face_swap_pyqt - INFO - Process output: Processing: 38%
2025-05-14 16:29:57,442 - simple_face_swap_pyqt - INFO - Process output: Processing: 39%
2025-05-14 16:29:59,785 - simple_face_swap_pyqt - INFO - Process output: Processing: 40%
2025-05-14 16:29:59,805 - simple_face_swap_pyqt - INFO - Process output: Processing: 40%
2025-05-14 16:29:59,806 - simple_face_swap_pyqt - INFO - Process output: Processing: 41%
2025-05-14 16:29:59,815 - simple_face_swap_pyqt - INFO - Process output: Processing: 41%
2025-05-14 16:29:59,825 - simple_face_swap_pyqt - INFO - Process output: Processing: 42%
2025-05-14 16:30:01,778 - simple_face_swap_pyqt - INFO - Process output: Processing: 42%
2025-05-14 16:30:01,792 - simple_face_swap_pyqt - INFO - Process output: Processing: 43%
2025-05-14 16:30:01,804 - simple_face_swap_pyqt - INFO - Process output: Processing: 44%
2025-05-14 16:30:01,818 - simple_face_swap_pyqt - INFO - Process output: Processing: 44%
2025-05-14 16:30:01,831 - simple_face_swap_pyqt - INFO - Process output: Processing: 45%
2025-05-14 16:30:04,434 - simple_face_swap_pyqt - INFO - Process output: Processing: 45%
2025-05-14 16:30:04,447 - simple_face_swap_pyqt - INFO - Process output: Processing: 46%
2025-05-14 16:30:04,458 - simple_face_swap_pyqt - INFO - Process output: Processing: 46%
2025-05-14 16:30:04,470 - simple_face_swap_pyqt - INFO - Process output: Processing: 47%
2025-05-14 16:30:04,482 - simple_face_swap_pyqt - INFO - Process output: Processing: 48%
2025-05-14 16:30:06,899 - simple_face_swap_pyqt - INFO - Process output: Processing: 48%
2025-05-14 16:30:06,909 - simple_face_swap_pyqt - INFO - Process output: Processing: 49%
2025-05-14 16:30:06,920 - simple_face_swap_pyqt - INFO - Process output: Processing: 49%
2025-05-14 16:30:06,930 - simple_face_swap_pyqt - INFO - Process output: Processing: 50%
2025-05-14 16:30:06,940 - simple_face_swap_pyqt - INFO - Process output: Processing: 50%
2025-05-14 16:30:09,889 - simple_face_swap_pyqt - INFO - Process output: Processing: 51%
2025-05-14 16:30:09,908 - simple_face_swap_pyqt - INFO - Process output: Processing: 52%
2025-05-14 16:30:09,923 - simple_face_swap_pyqt - INFO - Process output: Processing: 52%
2025-05-14 16:30:09,933 - simple_face_swap_pyqt - INFO - Process output: Processing: 53%
2025-05-14 16:30:09,945 - simple_face_swap_pyqt - INFO - Process output: Processing: 53%
2025-05-14 16:30:13,075 - simple_face_swap_pyqt - INFO - Process output: Processing: 54%
2025-05-14 16:30:13,086 - simple_face_swap_pyqt - INFO - Process output: Processing: 54%
2025-05-14 16:30:13,098 - simple_face_swap_pyqt - INFO - Process output: Processing: 55%
2025-05-14 16:30:13,108 - simple_face_swap_pyqt - INFO - Process output: Processing: 56%
2025-05-14 16:30:13,116 - simple_face_swap_pyqt - INFO - Process output: Processing: 56%
2025-05-14 16:30:16,004 - simple_face_swap_pyqt - INFO - Process output: Processing: 57%
2025-05-14 16:30:16,018 - simple_face_swap_pyqt - INFO - Process output: Processing: 57%
2025-05-14 16:30:16,026 - simple_face_swap_pyqt - INFO - Process output: Processing: 58%
2025-05-14 16:30:16,036 - simple_face_swap_pyqt - INFO - Process output: Processing: 58%
2025-05-14 16:30:16,046 - simple_face_swap_pyqt - INFO - Process output: Processing: 59%
2025-05-14 16:30:19,025 - simple_face_swap_pyqt - INFO - Process output: Processing: 60%
2025-05-14 16:30:19,039 - simple_face_swap_pyqt - INFO - Process output: Processing: 60%
2025-05-14 16:30:19,051 - simple_face_swap_pyqt - INFO - Process output: Processing: 61%
2025-05-14 16:30:19,064 - simple_face_swap_pyqt - INFO - Process output: Processing: 61%
2025-05-14 16:30:19,078 - simple_face_swap_pyqt - INFO - Process output: Processing: 62%
2025-05-14 16:30:21,784 - simple_face_swap_pyqt - INFO - Process output: Processing: 62%
2025-05-14 16:30:21,794 - simple_face_swap_pyqt - INFO - Process output: Processing: 63%
2025-05-14 16:30:21,809 - simple_face_swap_pyqt - INFO - Process output: Processing: 64%
2025-05-14 16:30:21,821 - simple_face_swap_pyqt - INFO - Process output: Processing: 64%
2025-05-14 16:30:21,845 - simple_face_swap_pyqt - INFO - Process output: Processing: 65%
2025-05-14 16:30:24,631 - simple_face_swap_pyqt - INFO - Process output: Processing: 65%
2025-05-14 16:30:24,639 - simple_face_swap_pyqt - INFO - Process output: Processing: 66%
2025-05-14 16:30:24,648 - simple_face_swap_pyqt - INFO - Process output: Processing: 66%
2025-05-14 16:30:24,657 - simple_face_swap_pyqt - INFO - Process output: Processing: 67%
2025-05-14 16:30:24,667 - simple_face_swap_pyqt - INFO - Process output: Processing: 68%
2025-05-14 16:30:27,504 - simple_face_swap_pyqt - INFO - Process output: Processing: 68%
2025-05-14 16:30:27,542 - simple_face_swap_pyqt - INFO - Process output: Processing: 69%
2025-05-14 16:30:27,590 - simple_face_swap_pyqt - INFO - Process output: Processing: 69%
2025-05-14 16:30:27,601 - simple_face_swap_pyqt - INFO - Process output: Processing: 70%
2025-05-14 16:30:27,610 - simple_face_swap_pyqt - INFO - Process output: Processing: 70%
2025-05-14 16:30:30,398 - simple_face_swap_pyqt - INFO - Process output: Processing: 71%
2025-05-14 16:30:30,408 - simple_face_swap_pyqt - INFO - Process output: Processing: 72%
2025-05-14 16:30:30,428 - simple_face_swap_pyqt - INFO - Process output: Processing: 72%
2025-05-14 16:30:30,440 - simple_face_swap_pyqt - INFO - Process output: Processing: 73%
2025-05-14 16:30:30,449 - simple_face_swap_pyqt - INFO - Process output: Processing: 73%
2025-05-14 16:30:33,498 - simple_face_swap_pyqt - INFO - Process output: Processing: 74%
2025-05-14 16:30:33,510 - simple_face_swap_pyqt - INFO - Process output: Processing: 74%
2025-05-14 16:30:33,521 - simple_face_swap_pyqt - INFO - Process output: Processing: 75%
2025-05-14 16:30:33,535 - simple_face_swap_pyqt - INFO - Process output: Processing: 76%
2025-05-14 16:30:33,549 - simple_face_swap_pyqt - INFO - Process output: Processing: 76%
2025-05-14 16:30:36,266 - simple_face_swap_pyqt - INFO - Process output: Processing: 77%
2025-05-14 16:30:36,312 - simple_face_swap_pyqt - INFO - Process output: Processing: 77%
2025-05-14 16:30:36,326 - simple_face_swap_pyqt - INFO - Process output: Processing: 78%
2025-05-14 16:30:36,339 - simple_face_swap_pyqt - INFO - Process output: Processing: 78%
2025-05-14 16:30:36,349 - simple_face_swap_pyqt - INFO - Process output: Processing: 79%
2025-05-14 16:30:39,389 - simple_face_swap_pyqt - INFO - Process output: Processing: 80%
2025-05-14 16:30:39,418 - simple_face_swap_pyqt - INFO - Process output: Processing: 80%
2025-05-14 16:30:39,448 - simple_face_swap_pyqt - INFO - Process output: Processing: 81%
2025-05-14 16:30:39,454 - simple_face_swap_pyqt - INFO - Process output: Processing: 81%
2025-05-14 16:30:39,463 - simple_face_swap_pyqt - INFO - Process output: Processing: 82%
2025-05-14 16:30:42,432 - simple_face_swap_pyqt - INFO - Process output: Processing: 82%
2025-05-14 16:30:42,442 - simple_face_swap_pyqt - INFO - Process output: Processing: 83%
2025-05-14 16:30:42,451 - simple_face_swap_pyqt - INFO - Process output: Processing: 84%
2025-05-14 16:30:42,462 - simple_face_swap_pyqt - INFO - Process output: Processing: 84%
2025-05-14 16:30:42,475 - simple_face_swap_pyqt - INFO - Process output: Processing: 85%
2025-05-14 16:30:44,882 - simple_face_swap_pyqt - INFO - Process output: Processing: 85%
2025-05-14 16:30:44,891 - simple_face_swap_pyqt - INFO - Process output: Processing: 86%
2025-05-14 16:30:44,912 - simple_face_swap_pyqt - INFO - Process output: Processing: 86%
2025-05-14 16:30:44,935 - simple_face_swap_pyqt - INFO - Process output: Processing: 87%
2025-05-14 16:30:44,975 - simple_face_swap_pyqt - INFO - Process output: Processing: 88%
2025-05-14 16:30:47,662 - simple_face_swap_pyqt - INFO - Process output: Processing: 88%
2025-05-14 16:30:47,673 - simple_face_swap_pyqt - INFO - Process output: Processing: 89%
2025-05-14 16:30:47,684 - simple_face_swap_pyqt - INFO - Process output: Processing: 89%
2025-05-14 16:30:47,694 - simple_face_swap_pyqt - INFO - Process output: Processing: 90%
2025-05-14 16:30:47,701 - simple_face_swap_pyqt - INFO - Process output: Processing: 90%
2025-05-14 16:30:50,055 - simple_face_swap_pyqt - INFO - Process output: Processing: 91%
2025-05-14 16:30:50,063 - simple_face_swap_pyqt - INFO - Process output: Processing: 92%
2025-05-14 16:30:50,072 - simple_face_swap_pyqt - INFO - Process output: Processing: 92%
2025-05-14 16:30:50,080 - simple_face_swap_pyqt - INFO - Process output: Processing: 93%
2025-05-14 16:30:50,088 - simple_face_swap_pyqt - INFO - Process output: Processing: 93%
2025-05-14 16:30:52,411 - simple_face_swap_pyqt - INFO - Process output: Processing: 94%
2025-05-14 16:30:52,419 - simple_face_swap_pyqt - INFO - Process output: Processing: 94%
2025-05-14 16:30:52,427 - simple_face_swap_pyqt - INFO - Process output: Processing: 95%
2025-05-14 16:30:52,435 - simple_face_swap_pyqt - INFO - Process output: Processing: 96%
2025-05-14 16:30:52,443 - simple_face_swap_pyqt - INFO - Process output: Processing: 96%
2025-05-14 16:30:54,742 - simple_face_swap_pyqt - INFO - Process output: Processing: 97%
2025-05-14 16:30:54,750 - simple_face_swap_pyqt - INFO - Process output: Processing: 97%
2025-05-14 16:30:54,757 - simple_face_swap_pyqt - INFO - Process output: Processing: 98%
