2025-05-14 15:56:17,040 - simple_face_swap_pyqt - INFO - 已选择人脸图片: E:\face\data\input_faces\989356cb736f44ada4dc52f0be207790.jpg
2025-05-14 15:56:18,171 - simple_face_swap_pyqt - INFO - 已选择视频: E:\face\data\input_videos\MV_20250411_190055.mp4
2025-05-14 15:56:23,546 - simple_face_swap_pyqt - INFO - 已选择视频: E:\face\data\input_videos\MV_20250411_211735.mp4
2025-05-14 15:56:34,039 - simple_face_swap_pyqt - INFO - Process output: 视频信息: [1080, 1920], 20.04fps, 175帧
2025-05-14 15:56:34,039 - simple_face_swap_pyqt - INFO - Process output: 
2025-05-14 15:56:34,935 - simple_face_swap_pyqt - INFO - Process output: Processing: 0%
2025-05-14 15:56:34,941 - simple_face_swap_pyqt - INFO - Process output: Processing: 0%
2025-05-14 15:56:34,947 - simple_face_swap_pyqt - INFO - Process output: Processing: 1%
2025-05-14 15:56:34,954 - simple_face_swap_pyqt - INFO - Process output: Processing: 1%
2025-05-14 15:56:34,960 - simple_face_swap_pyqt - INFO - Process output: Processing: 2%
2025-05-14 15:56:35,838 - simple_face_swap_pyqt - INFO - Process output: Processing: 2%
2025-05-14 15:56:35,843 - simple_face_swap_pyqt - INFO - Process output: Processing: 3%
2025-05-14 15:56:35,848 - simple_face_swap_pyqt - INFO - Process output: Processing: 4%
2025-05-14 15:56:35,853 - simple_face_swap_pyqt - INFO - Process output: Processing: 4%
2025-05-14 15:56:35,860 - simple_face_swap_pyqt - INFO - Process output: Processing: 5%
2025-05-14 15:56:36,719 - simple_face_swap_pyqt - INFO - Process output: Processing: 5%
2025-05-14 15:56:36,724 - simple_face_swap_pyqt - INFO - Process output: Processing: 6%
2025-05-14 15:56:36,729 - simple_face_swap_pyqt - INFO - Process output: Processing: 6%
2025-05-14 15:56:36,735 - simple_face_swap_pyqt - INFO - Process output: Processing: 7%
2025-05-14 15:56:36,745 - simple_face_swap_pyqt - INFO - Process output: Processing: 8%
2025-05-14 15:56:37,585 - simple_face_swap_pyqt - INFO - Process output: Processing: 8%
2025-05-14 15:56:37,589 - simple_face_swap_pyqt - INFO - Process output: Processing: 9%
2025-05-14 15:56:37,594 - simple_face_swap_pyqt - INFO - Process output: Processing: 9%
2025-05-14 15:56:37,600 - simple_face_swap_pyqt - INFO - Process output: Processing: 10%
2025-05-14 15:56:37,605 - simple_face_swap_pyqt - INFO - Process output: Processing: 10%
2025-05-14 15:56:38,425 - simple_face_swap_pyqt - INFO - Process output: Processing: 11%
2025-05-14 15:56:38,431 - simple_face_swap_pyqt - INFO - Process output: Processing: 12%
2025-05-14 15:56:38,438 - simple_face_swap_pyqt - INFO - Process output: Processing: 12%
2025-05-14 15:56:38,447 - simple_face_swap_pyqt - INFO - Process output: Processing: 13%
2025-05-14 15:56:38,451 - simple_face_swap_pyqt - INFO - Process output: Processing: 13%
2025-05-14 15:56:39,283 - simple_face_swap_pyqt - INFO - Process output: Processing: 14%
2025-05-14 15:56:39,290 - simple_face_swap_pyqt - INFO - Process output: Processing: 14%
2025-05-14 15:56:39,295 - simple_face_swap_pyqt - INFO - Process output: Processing: 15%
2025-05-14 15:56:39,300 - simple_face_swap_pyqt - INFO - Process output: Processing: 16%
2025-05-14 15:56:39,306 - simple_face_swap_pyqt - INFO - Process output: Processing: 16%
2025-05-14 15:56:40,142 - simple_face_swap_pyqt - INFO - Process output: Processing: 17%
2025-05-14 15:56:40,146 - simple_face_swap_pyqt - INFO - Process output: Processing: 17%
2025-05-14 15:56:40,155 - simple_face_swap_pyqt - INFO - Process output: Processing: 18%
2025-05-14 15:56:40,160 - simple_face_swap_pyqt - INFO - Process output: Processing: 18%
2025-05-14 15:56:40,165 - simple_face_swap_pyqt - INFO - Process output: Processing: 19%
2025-05-14 15:56:41,015 - simple_face_swap_pyqt - INFO - Process output: Processing: 20%
2025-05-14 15:56:41,019 - simple_face_swap_pyqt - INFO - Process output: Processing: 20%
2025-05-14 15:56:41,024 - simple_face_swap_pyqt - INFO - Process output: Processing: 21%
2025-05-14 15:56:41,029 - simple_face_swap_pyqt - INFO - Process output: Processing: 21%
2025-05-14 15:56:41,041 - simple_face_swap_pyqt - INFO - Process output: Processing: 22%
2025-05-14 15:56:41,886 - simple_face_swap_pyqt - INFO - Process output: Processing: 22%
2025-05-14 15:56:41,891 - simple_face_swap_pyqt - INFO - Process output: Processing: 23%
2025-05-14 15:56:41,899 - simple_face_swap_pyqt - INFO - Process output: Processing: 24%
2025-05-14 15:56:41,905 - simple_face_swap_pyqt - INFO - Process output: Processing: 24%
2025-05-14 15:56:41,909 - simple_face_swap_pyqt - INFO - Process output: Processing: 25%
2025-05-14 15:56:42,751 - simple_face_swap_pyqt - INFO - Process output: Processing: 25%
2025-05-14 15:56:42,756 - simple_face_swap_pyqt - INFO - Process output: Processing: 26%
2025-05-14 15:56:42,771 - simple_face_swap_pyqt - INFO - Process output: Processing: 26%
2025-05-14 15:56:42,776 - simple_face_swap_pyqt - INFO - Process output: Processing: 27%
2025-05-14 15:56:42,781 - simple_face_swap_pyqt - INFO - Process output: Processing: 28%
2025-05-14 15:56:43,628 - simple_face_swap_pyqt - INFO - Process output: Processing: 28%
2025-05-14 15:56:43,633 - simple_face_swap_pyqt - INFO - Process output: Processing: 29%
2025-05-14 15:56:43,637 - simple_face_swap_pyqt - INFO - Process output: Processing: 29%
2025-05-14 15:56:43,642 - simple_face_swap_pyqt - INFO - Process output: Processing: 30%
2025-05-14 15:56:43,649 - simple_face_swap_pyqt - INFO - Process output: Processing: 30%
2025-05-14 15:56:44,483 - simple_face_swap_pyqt - INFO - Process output: Processing: 31%
2025-05-14 15:56:44,488 - simple_face_swap_pyqt - INFO - Process output: Processing: 32%
2025-05-14 15:56:44,492 - simple_face_swap_pyqt - INFO - Process output: Processing: 32%
2025-05-14 15:56:44,498 - simple_face_swap_pyqt - INFO - Process output: Processing: 33%
2025-05-14 15:56:44,505 - simple_face_swap_pyqt - INFO - Process output: Processing: 33%
2025-05-14 15:56:45,344 - simple_face_swap_pyqt - INFO - Process output: Processing: 34%
2025-05-14 15:56:45,349 - simple_face_swap_pyqt - INFO - Process output: Processing: 34%
2025-05-14 15:56:45,353 - simple_face_swap_pyqt - INFO - Process output: Processing: 35%
2025-05-14 15:56:45,358 - simple_face_swap_pyqt - INFO - Process output: Processing: 36%
2025-05-14 15:56:45,369 - simple_face_swap_pyqt - INFO - Process output: Processing: 36%
2025-05-14 15:56:46,206 - simple_face_swap_pyqt - INFO - Process output: Processing: 37%
2025-05-14 15:56:46,211 - simple_face_swap_pyqt - INFO - Process output: Processing: 37%
2025-05-14 15:56:46,216 - simple_face_swap_pyqt - INFO - Process output: Processing: 38%
2025-05-14 15:56:46,221 - simple_face_swap_pyqt - INFO - Process output: Processing: 38%
2025-05-14 15:56:46,226 - simple_face_swap_pyqt - INFO - Process output: Processing: 39%
2025-05-14 15:56:47,068 - simple_face_swap_pyqt - INFO - Process output: Processing: 40%
2025-05-14 15:56:47,073 - simple_face_swap_pyqt - INFO - Process output: Processing: 40%
2025-05-14 15:56:47,078 - simple_face_swap_pyqt - INFO - Process output: Processing: 41%
2025-05-14 15:56:47,082 - simple_face_swap_pyqt - INFO - Process output: Processing: 41%
2025-05-14 15:56:47,089 - simple_face_swap_pyqt - INFO - Process output: Processing: 42%
2025-05-14 15:56:47,938 - simple_face_swap_pyqt - INFO - Process output: Processing: 42%
2025-05-14 15:56:47,943 - simple_face_swap_pyqt - INFO - Process output: Processing: 43%
2025-05-14 15:56:47,948 - simple_face_swap_pyqt - INFO - Process output: Processing: 44%
2025-05-14 15:56:47,954 - simple_face_swap_pyqt - INFO - Process output: Processing: 44%
2025-05-14 15:56:47,958 - simple_face_swap_pyqt - INFO - Process output: Processing: 45%
2025-05-14 15:56:48,802 - simple_face_swap_pyqt - INFO - Process output: Processing: 45%
2025-05-14 15:56:48,807 - simple_face_swap_pyqt - INFO - Process output: Processing: 46%
2025-05-14 15:56:48,813 - simple_face_swap_pyqt - INFO - Process output: Processing: 46%
2025-05-14 15:56:48,818 - simple_face_swap_pyqt - INFO - Process output: Processing: 47%
2025-05-14 15:56:48,823 - simple_face_swap_pyqt - INFO - Process output: Processing: 48%
2025-05-14 15:56:49,675 - simple_face_swap_pyqt - INFO - Process output: Processing: 48%
2025-05-14 15:56:49,679 - simple_face_swap_pyqt - INFO - Process output: Processing: 49%
2025-05-14 15:56:49,688 - simple_face_swap_pyqt - INFO - Process output: Processing: 49%
2025-05-14 15:56:49,693 - simple_face_swap_pyqt - INFO - Process output: Processing: 50%
2025-05-14 15:56:49,698 - simple_face_swap_pyqt - INFO - Process output: Processing: 50%
2025-05-14 15:56:50,463 - simple_face_swap_pyqt - INFO - Process output: Processing: 51%
2025-05-14 15:56:50,468 - simple_face_swap_pyqt - INFO - Process output: Processing: 52%
2025-05-14 15:56:50,473 - simple_face_swap_pyqt - INFO - Process output: Processing: 52%
2025-05-14 15:56:50,478 - simple_face_swap_pyqt - INFO - Process output: Processing: 53%
2025-05-14 15:56:50,484 - simple_face_swap_pyqt - INFO - Process output: Processing: 53%
2025-05-14 15:56:51,327 - simple_face_swap_pyqt - INFO - Process output: Processing: 54%
2025-05-14 15:56:51,331 - simple_face_swap_pyqt - INFO - Process output: Processing: 54%
2025-05-14 15:56:51,336 - simple_face_swap_pyqt - INFO - Process output: Processing: 55%
2025-05-14 15:56:51,341 - simple_face_swap_pyqt - INFO - Process output: Processing: 56%
2025-05-14 15:56:51,347 - simple_face_swap_pyqt - INFO - Process output: Processing: 56%
2025-05-14 15:56:52,193 - simple_face_swap_pyqt - INFO - Process output: Processing: 57%
2025-05-14 15:56:52,198 - simple_face_swap_pyqt - INFO - Process output: Processing: 57%
2025-05-14 15:56:52,201 - simple_face_swap_pyqt - INFO - Process output: Processing: 58%
2025-05-14 15:56:52,207 - simple_face_swap_pyqt - INFO - Process output: Processing: 58%
2025-05-14 15:56:52,214 - simple_face_swap_pyqt - INFO - Process output: Processing: 59%
2025-05-14 15:56:53,073 - simple_face_swap_pyqt - INFO - Process output: Processing: 60%
2025-05-14 15:56:53,078 - simple_face_swap_pyqt - INFO - Process output: Processing: 60%
2025-05-14 15:56:53,081 - simple_face_swap_pyqt - INFO - Process output: Processing: 61%
2025-05-14 15:56:53,087 - simple_face_swap_pyqt - INFO - Process output: Processing: 61%
2025-05-14 15:56:53,093 - simple_face_swap_pyqt - INFO - Process output: Processing: 62%
2025-05-14 15:56:53,942 - simple_face_swap_pyqt - INFO - Process output: Processing: 62%
2025-05-14 15:56:53,946 - simple_face_swap_pyqt - INFO - Process output: Processing: 63%
2025-05-14 15:56:53,952 - simple_face_swap_pyqt - INFO - Process output: Processing: 64%
2025-05-14 15:56:53,961 - simple_face_swap_pyqt - INFO - Process output: Processing: 64%
2025-05-14 15:56:53,966 - simple_face_swap_pyqt - INFO - Process output: Processing: 65%
2025-05-14 15:56:54,841 - simple_face_swap_pyqt - INFO - Process output: Processing: 65%
2025-05-14 15:56:54,844 - simple_face_swap_pyqt - INFO - Process output: Processing: 66%
2025-05-14 15:56:54,851 - simple_face_swap_pyqt - INFO - Process output: Processing: 66%
2025-05-14 15:56:54,855 - simple_face_swap_pyqt - INFO - Process output: Processing: 67%
2025-05-14 15:56:54,861 - simple_face_swap_pyqt - INFO - Process output: Processing: 68%
2025-05-14 15:56:55,742 - simple_face_swap_pyqt - INFO - Process output: Processing: 68%
2025-05-14 15:56:55,748 - simple_face_swap_pyqt - INFO - Process output: Processing: 69%
2025-05-14 15:56:55,753 - simple_face_swap_pyqt - INFO - Process output: Processing: 69%
2025-05-14 15:56:55,759 - simple_face_swap_pyqt - INFO - Process output: Processing: 70%
2025-05-14 15:56:55,764 - simple_face_swap_pyqt - INFO - Process output: Processing: 70%
2025-05-14 15:56:56,658 - simple_face_swap_pyqt - INFO - Process output: Processing: 71%
2025-05-14 15:56:56,664 - simple_face_swap_pyqt - INFO - Process output: Processing: 72%
2025-05-14 15:56:56,670 - simple_face_swap_pyqt - INFO - Process output: Processing: 72%
2025-05-14 15:56:56,676 - simple_face_swap_pyqt - INFO - Process output: Processing: 73%
2025-05-14 15:56:56,682 - simple_face_swap_pyqt - INFO - Process output: Processing: 73%
2025-05-14 15:56:57,563 - simple_face_swap_pyqt - INFO - Process output: Processing: 74%
2025-05-14 15:56:57,567 - simple_face_swap_pyqt - INFO - Process output: Processing: 74%
2025-05-14 15:56:57,572 - simple_face_swap_pyqt - INFO - Process output: Processing: 75%
2025-05-14 15:56:57,578 - simple_face_swap_pyqt - INFO - Process output: Processing: 76%
2025-05-14 15:56:57,583 - simple_face_swap_pyqt - INFO - Process output: Processing: 76%
2025-05-14 15:56:58,428 - simple_face_swap_pyqt - INFO - Process output: Processing: 77%
2025-05-14 15:56:58,434 - simple_face_swap_pyqt - INFO - Process output: Processing: 77%
2025-05-14 15:56:58,440 - simple_face_swap_pyqt - INFO - Process output: Processing: 78%
2025-05-14 15:56:58,444 - simple_face_swap_pyqt - INFO - Process output: Processing: 78%
2025-05-14 15:56:58,450 - simple_face_swap_pyqt - INFO - Process output: Processing: 79%
2025-05-14 15:56:59,299 - simple_face_swap_pyqt - INFO - Process output: Processing: 80%
2025-05-14 15:56:59,303 - simple_face_swap_pyqt - INFO - Process output: Processing: 80%
2025-05-14 15:56:59,308 - simple_face_swap_pyqt - INFO - Process output: Processing: 81%
2025-05-14 15:56:59,313 - simple_face_swap_pyqt - INFO - Process output: Processing: 81%
2025-05-14 15:56:59,317 - simple_face_swap_pyqt - INFO - Process output: Processing: 82%
2025-05-14 15:57:00,166 - simple_face_swap_pyqt - INFO - Process output: Processing: 82%
2025-05-14 15:57:00,170 - simple_face_swap_pyqt - INFO - Process output: Processing: 83%
2025-05-14 15:57:00,175 - simple_face_swap_pyqt - INFO - Process output: Processing: 84%
2025-05-14 15:57:00,181 - simple_face_swap_pyqt - INFO - Process output: Processing: 84%
2025-05-14 15:57:00,188 - simple_face_swap_pyqt - INFO - Process output: Processing: 85%
2025-05-14 15:57:01,048 - simple_face_swap_pyqt - INFO - Process output: Processing: 85%
2025-05-14 15:57:01,056 - simple_face_swap_pyqt - INFO - Process output: Processing: 86%
2025-05-14 15:57:01,061 - simple_face_swap_pyqt - INFO - Process output: Processing: 86%
2025-05-14 15:57:01,066 - simple_face_swap_pyqt - INFO - Process output: Processing: 87%
2025-05-14 15:57:01,072 - simple_face_swap_pyqt - INFO - Process output: Processing: 88%
2025-05-14 15:57:01,922 - simple_face_swap_pyqt - INFO - Process output: Processing: 88%
2025-05-14 15:57:01,928 - simple_face_swap_pyqt - INFO - Process output: Processing: 89%
2025-05-14 15:57:01,934 - simple_face_swap_pyqt - INFO - Process output: Processing: 89%
2025-05-14 15:57:01,942 - simple_face_swap_pyqt - INFO - Process output: Processing: 90%
2025-05-14 15:57:01,947 - simple_face_swap_pyqt - INFO - Process output: Processing: 90%
2025-05-14 15:57:02,803 - simple_face_swap_pyqt - INFO - Process output: Processing: 91%
2025-05-14 15:57:02,808 - simple_face_swap_pyqt - INFO - Process output: Processing: 92%
2025-05-14 15:57:02,812 - simple_face_swap_pyqt - INFO - Process output: Processing: 92%
2025-05-14 15:57:02,821 - simple_face_swap_pyqt - INFO - Process output: Processing: 93%
2025-05-14 15:57:02,826 - simple_face_swap_pyqt - INFO - Process output: Processing: 93%
2025-05-14 15:57:03,685 - simple_face_swap_pyqt - INFO - Process output: Processing: 94%
2025-05-14 15:57:03,691 - simple_face_swap_pyqt - INFO - Process output: Processing: 94%
2025-05-14 15:57:03,697 - simple_face_swap_pyqt - INFO - Process output: Processing: 95%
2025-05-14 15:57:03,705 - simple_face_swap_pyqt - INFO - Process output: Processing: 96%
2025-05-14 15:57:03,711 - simple_face_swap_pyqt - INFO - Process output: Processing: 96%
2025-05-14 15:57:04,565 - simple_face_swap_pyqt - INFO - Process output: Processing: 97%
2025-05-14 15:57:04,569 - simple_face_swap_pyqt - INFO - Process output: Processing: 97%
2025-05-14 15:57:04,573 - simple_face_swap_pyqt - INFO - Process output: Processing: 98%
2025-05-14 15:57:04,725 - simple_face_swap_pyqt - INFO - Process output: Processing: 98%
