2025-05-14 16:17:08,647 - simple_face_swap_pyqt - INFO - 已选择视频: E:\face\data\input_videos\MV_20250411_190055.mp4
2025-05-14 16:17:11,328 - simple_face_swap_pyqt - INFO - 已选择视频: E:\face\data\input_videos\MV_20250411_211735.mp4
2025-05-14 16:17:13,633 - simple_face_swap_pyqt - INFO - 已选择人脸图片: E:\face\data\input_faces\989356cb736f44ada4dc52f0be207790.jpg
2025-05-14 16:17:19,502 - simple_face_swap_pyqt - INFO - Process output: 视频信息: [1080, 1920], 20.04fps, 175帧
2025-05-14 16:17:19,503 - simple_face_swap_pyqt - INFO - Process output: 
2025-05-14 16:17:20,829 - simple_face_swap_pyqt - INFO - Process output: Processing: 0%
2025-05-14 16:17:20,840 - simple_face_swap_pyqt - INFO - Process output: Processing: 0%
2025-05-14 16:17:20,849 - simple_face_swap_pyqt - INFO - Process output: Processing: 1%
2025-05-14 16:17:20,857 - simple_face_swap_pyqt - INFO - Process output: Processing: 1%
2025-05-14 16:17:20,869 - simple_face_swap_pyqt - INFO - Process output: Processing: 2%
2025-05-14 16:17:22,204 - simple_face_swap_pyqt - INFO - Process output: Processing: 2%
2025-05-14 16:17:22,210 - simple_face_swap_pyqt - INFO - Process output: Processing: 3%
2025-05-14 16:17:22,216 - simple_face_swap_pyqt - INFO - Process output: Processing: 4%
2025-05-14 16:17:22,222 - simple_face_swap_pyqt - INFO - Process output: Processing: 4%
2025-05-14 16:17:22,228 - simple_face_swap_pyqt - INFO - Process output: Processing: 5%
2025-05-14 16:17:23,305 - simple_face_swap_pyqt - INFO - Process output: Processing: 5%
2025-05-14 16:17:23,311 - simple_face_swap_pyqt - INFO - Process output: Processing: 6%
2025-05-14 16:17:23,317 - simple_face_swap_pyqt - INFO - Process output: Processing: 6%
2025-05-14 16:17:23,325 - simple_face_swap_pyqt - INFO - Process output: Processing: 7%
2025-05-14 16:17:23,333 - simple_face_swap_pyqt - INFO - Process output: Processing: 8%
2025-05-14 16:17:24,733 - simple_face_swap_pyqt - INFO - Process output: Processing: 8%
2025-05-14 16:17:24,739 - simple_face_swap_pyqt - INFO - Process output: Processing: 9%
2025-05-14 16:17:24,746 - simple_face_swap_pyqt - INFO - Process output: Processing: 9%
2025-05-14 16:17:24,754 - simple_face_swap_pyqt - INFO - Process output: Processing: 10%
2025-05-14 16:17:24,763 - simple_face_swap_pyqt - INFO - Process output: Processing: 10%
2025-05-14 16:17:25,874 - simple_face_swap_pyqt - INFO - Process output: Processing: 11%
2025-05-14 16:17:25,878 - simple_face_swap_pyqt - INFO - Process output: Processing: 12%
2025-05-14 16:17:25,884 - simple_face_swap_pyqt - INFO - Process output: Processing: 12%
2025-05-14 16:17:25,890 - simple_face_swap_pyqt - INFO - Process output: Processing: 13%
2025-05-14 16:17:25,896 - simple_face_swap_pyqt - INFO - Process output: Processing: 13%
2025-05-14 16:17:27,213 - simple_face_swap_pyqt - INFO - Process output: Processing: 14%
2025-05-14 16:17:27,219 - simple_face_swap_pyqt - INFO - Process output: Processing: 14%
2025-05-14 16:17:27,225 - simple_face_swap_pyqt - INFO - Process output: Processing: 15%
2025-05-14 16:17:27,234 - simple_face_swap_pyqt - INFO - Process output: Processing: 16%
2025-05-14 16:17:27,243 - simple_face_swap_pyqt - INFO - Process output: Processing: 16%
2025-05-14 16:17:28,683 - simple_face_swap_pyqt - INFO - Process output: Processing: 17%
2025-05-14 16:17:28,688 - simple_face_swap_pyqt - INFO - Process output: Processing: 17%
2025-05-14 16:17:28,694 - simple_face_swap_pyqt - INFO - Process output: Processing: 18%
2025-05-14 16:17:28,699 - simple_face_swap_pyqt - INFO - Process output: Processing: 18%
2025-05-14 16:17:28,704 - simple_face_swap_pyqt - INFO - Process output: Processing: 19%
2025-05-14 16:17:29,631 - simple_face_swap_pyqt - INFO - Process output: Processing: 20%
2025-05-14 16:17:29,639 - simple_face_swap_pyqt - INFO - Process output: Processing: 20%
2025-05-14 16:17:29,643 - simple_face_swap_pyqt - INFO - Process output: Processing: 21%
2025-05-14 16:17:29,649 - simple_face_swap_pyqt - INFO - Process output: Processing: 21%
2025-05-14 16:17:29,656 - simple_face_swap_pyqt - INFO - Process output: Processing: 22%
2025-05-14 16:17:30,879 - simple_face_swap_pyqt - INFO - Process output: Processing: 22%
2025-05-14 16:17:30,891 - simple_face_swap_pyqt - INFO - Process output: Processing: 23%
2025-05-14 16:17:30,900 - simple_face_swap_pyqt - INFO - Process output: Processing: 24%
2025-05-14 16:17:30,909 - simple_face_swap_pyqt - INFO - Process output: Processing: 24%
2025-05-14 16:17:30,917 - simple_face_swap_pyqt - INFO - Process output: Processing: 25%
2025-05-14 16:17:32,260 - simple_face_swap_pyqt - INFO - Process output: Processing: 25%
2025-05-14 16:17:32,265 - simple_face_swap_pyqt - INFO - Process output: Processing: 26%
2025-05-14 16:17:32,280 - simple_face_swap_pyqt - INFO - Process output: Processing: 26%
2025-05-14 16:17:32,293 - simple_face_swap_pyqt - INFO - Process output: Processing: 27%
2025-05-14 16:17:32,302 - simple_face_swap_pyqt - INFO - Process output: Processing: 28%
2025-05-14 16:17:33,600 - simple_face_swap_pyqt - INFO - Process output: Processing: 28%
2025-05-14 16:17:33,605 - simple_face_swap_pyqt - INFO - Process output: Processing: 29%
2025-05-14 16:17:33,610 - simple_face_swap_pyqt - INFO - Process output: Processing: 29%
2025-05-14 16:17:33,616 - simple_face_swap_pyqt - INFO - Process output: Processing: 30%
2025-05-14 16:17:33,624 - simple_face_swap_pyqt - INFO - Process output: Processing: 30%
2025-05-14 16:17:34,831 - simple_face_swap_pyqt - INFO - Process output: Processing: 31%
2025-05-14 16:17:34,838 - simple_face_swap_pyqt - INFO - Process output: Processing: 32%
2025-05-14 16:17:34,844 - simple_face_swap_pyqt - INFO - Process output: Processing: 32%
2025-05-14 16:17:34,849 - simple_face_swap_pyqt - INFO - Process output: Processing: 33%
2025-05-14 16:17:34,854 - simple_face_swap_pyqt - INFO - Process output: Processing: 33%
2025-05-14 16:17:36,105 - simple_face_swap_pyqt - INFO - Process output: Processing: 34%
2025-05-14 16:17:36,109 - simple_face_swap_pyqt - INFO - Process output: Processing: 34%
2025-05-14 16:17:36,115 - simple_face_swap_pyqt - INFO - Process output: Processing: 35%
2025-05-14 16:17:36,126 - simple_face_swap_pyqt - INFO - Process output: Processing: 36%
2025-05-14 16:17:36,134 - simple_face_swap_pyqt - INFO - Process output: Processing: 36%
2025-05-14 16:17:37,603 - simple_face_swap_pyqt - INFO - Process output: Processing: 37%
2025-05-14 16:17:37,608 - simple_face_swap_pyqt - INFO - Process output: Processing: 37%
2025-05-14 16:17:37,615 - simple_face_swap_pyqt - INFO - Process output: Processing: 38%
2025-05-14 16:17:37,620 - simple_face_swap_pyqt - INFO - Process output: Processing: 38%
2025-05-14 16:17:37,625 - simple_face_swap_pyqt - INFO - Process output: Processing: 39%
2025-05-14 16:17:39,035 - simple_face_swap_pyqt - INFO - Process output: Processing: 40%
2025-05-14 16:17:39,038 - simple_face_swap_pyqt - INFO - Process output: Processing: 40%
2025-05-14 16:17:39,044 - simple_face_swap_pyqt - INFO - Process output: Processing: 41%
2025-05-14 16:17:39,052 - simple_face_swap_pyqt - INFO - Process output: Processing: 41%
2025-05-14 16:17:39,060 - simple_face_swap_pyqt - INFO - Process output: Processing: 42%
2025-05-14 16:17:40,325 - simple_face_swap_pyqt - INFO - Process output: Processing: 42%
2025-05-14 16:17:40,329 - simple_face_swap_pyqt - INFO - Process output: Processing: 43%
2025-05-14 16:17:40,335 - simple_face_swap_pyqt - INFO - Process output: Processing: 44%
2025-05-14 16:17:40,342 - simple_face_swap_pyqt - INFO - Process output: Processing: 44%
2025-05-14 16:17:40,348 - simple_face_swap_pyqt - INFO - Process output: Processing: 45%
2025-05-14 16:17:41,310 - simple_face_swap_pyqt - INFO - Process output: Processing: 45%
2025-05-14 16:17:41,317 - simple_face_swap_pyqt - INFO - Process output: Processing: 46%
2025-05-14 16:17:41,325 - simple_face_swap_pyqt - INFO - Process output: Processing: 46%
2025-05-14 16:17:41,332 - simple_face_swap_pyqt - INFO - Process output: Processing: 47%
2025-05-14 16:17:41,340 - simple_face_swap_pyqt - INFO - Process output: Processing: 48%
2025-05-14 16:17:42,732 - simple_face_swap_pyqt - INFO - Process output: Processing: 48%
2025-05-14 16:17:42,738 - simple_face_swap_pyqt - INFO - Process output: Processing: 49%
2025-05-14 16:17:42,746 - simple_face_swap_pyqt - INFO - Process output: Processing: 49%
2025-05-14 16:17:42,755 - simple_face_swap_pyqt - INFO - Process output: Processing: 50%
2025-05-14 16:17:42,764 - simple_face_swap_pyqt - INFO - Process output: Processing: 50%
2025-05-14 16:17:44,114 - simple_face_swap_pyqt - INFO - Process output: Processing: 51%
2025-05-14 16:17:44,121 - simple_face_swap_pyqt - INFO - Process output: Processing: 52%
2025-05-14 16:17:44,127 - simple_face_swap_pyqt - INFO - Process output: Processing: 52%
2025-05-14 16:17:44,134 - simple_face_swap_pyqt - INFO - Process output: Processing: 53%
2025-05-14 16:17:44,139 - simple_face_swap_pyqt - INFO - Process output: Processing: 53%
2025-05-14 16:17:45,204 - simple_face_swap_pyqt - INFO - Process output: Processing: 54%
2025-05-14 16:17:45,211 - simple_face_swap_pyqt - INFO - Process output: Processing: 54%
2025-05-14 16:17:45,217 - simple_face_swap_pyqt - INFO - Process output: Processing: 55%
2025-05-14 16:17:45,223 - simple_face_swap_pyqt - INFO - Process output: Processing: 56%
2025-05-14 16:17:45,230 - simple_face_swap_pyqt - INFO - Process output: Processing: 56%
2025-05-14 16:17:46,562 - simple_face_swap_pyqt - INFO - Process output: Processing: 57%
2025-05-14 16:17:46,567 - simple_face_swap_pyqt - INFO - Process output: Processing: 57%
2025-05-14 16:17:46,573 - simple_face_swap_pyqt - INFO - Process output: Processing: 58%
2025-05-14 16:17:46,581 - simple_face_swap_pyqt - INFO - Process output: Processing: 58%
2025-05-14 16:17:46,588 - simple_face_swap_pyqt - INFO - Process output: Processing: 59%
2025-05-14 16:17:47,874 - simple_face_swap_pyqt - INFO - Process output: Processing: 60%
2025-05-14 16:17:47,877 - simple_face_swap_pyqt - INFO - Process output: Processing: 60%
2025-05-14 16:17:47,883 - simple_face_swap_pyqt - INFO - Process output: Processing: 61%
2025-05-14 16:17:47,891 - simple_face_swap_pyqt - INFO - Process output: Processing: 61%
2025-05-14 16:17:47,926 - simple_face_swap_pyqt - INFO - Process output: Processing: 62%
2025-05-14 16:17:49,219 - simple_face_swap_pyqt - INFO - Process output: Processing: 62%
2025-05-14 16:17:49,224 - simple_face_swap_pyqt - INFO - Process output: Processing: 63%
2025-05-14 16:17:49,230 - simple_face_swap_pyqt - INFO - Process output: Processing: 64%
2025-05-14 16:17:49,237 - simple_face_swap_pyqt - INFO - Process output: Processing: 64%
2025-05-14 16:17:49,245 - simple_face_swap_pyqt - INFO - Process output: Processing: 65%
2025-05-14 16:17:50,302 - simple_face_swap_pyqt - INFO - Process output: Processing: 65%
2025-05-14 16:17:50,309 - simple_face_swap_pyqt - INFO - Process output: Processing: 66%
2025-05-14 16:17:50,316 - simple_face_swap_pyqt - INFO - Process output: Processing: 66%
2025-05-14 16:17:50,324 - simple_face_swap_pyqt - INFO - Process output: Processing: 67%
2025-05-14 16:17:50,330 - simple_face_swap_pyqt - INFO - Process output: Processing: 68%
2025-05-14 16:17:51,677 - simple_face_swap_pyqt - INFO - Process output: Processing: 68%
2025-05-14 16:17:51,683 - simple_face_swap_pyqt - INFO - Process output: Processing: 69%
2025-05-14 16:17:51,691 - simple_face_swap_pyqt - INFO - Process output: Processing: 69%
2025-05-14 16:17:51,699 - simple_face_swap_pyqt - INFO - Process output: Processing: 70%
2025-05-14 16:17:51,710 - simple_face_swap_pyqt - INFO - Process output: Processing: 70%
2025-05-14 16:17:53,057 - simple_face_swap_pyqt - INFO - Process output: Processing: 71%
2025-05-14 16:17:53,064 - simple_face_swap_pyqt - INFO - Process output: Processing: 72%
2025-05-14 16:17:53,071 - simple_face_swap_pyqt - INFO - Process output: Processing: 72%
2025-05-14 16:17:53,077 - simple_face_swap_pyqt - INFO - Process output: Processing: 73%
2025-05-14 16:17:53,084 - simple_face_swap_pyqt - INFO - Process output: Processing: 73%
2025-05-14 16:17:54,422 - simple_face_swap_pyqt - INFO - Process output: Processing: 74%
2025-05-14 16:17:54,429 - simple_face_swap_pyqt - INFO - Process output: Processing: 74%
2025-05-14 16:17:54,435 - simple_face_swap_pyqt - INFO - Process output: Processing: 75%
2025-05-14 16:17:54,448 - simple_face_swap_pyqt - INFO - Process output: Processing: 76%
2025-05-14 16:17:54,457 - simple_face_swap_pyqt - INFO - Process output: Processing: 76%
2025-05-14 16:17:55,564 - simple_face_swap_pyqt - INFO - Process output: Processing: 77%
2025-05-14 16:17:55,572 - simple_face_swap_pyqt - INFO - Process output: Processing: 77%
2025-05-14 16:17:55,580 - simple_face_swap_pyqt - INFO - Process output: Processing: 78%
2025-05-14 16:17:55,590 - simple_face_swap_pyqt - INFO - Process output: Processing: 78%
2025-05-14 16:17:55,598 - simple_face_swap_pyqt - INFO - Process output: Processing: 79%
2025-05-14 16:17:56,867 - simple_face_swap_pyqt - INFO - Process output: Processing: 80%
2025-05-14 16:17:56,872 - simple_face_swap_pyqt - INFO - Process output: Processing: 80%
2025-05-14 16:17:56,877 - simple_face_swap_pyqt - INFO - Process output: Processing: 81%
2025-05-14 16:17:56,883 - simple_face_swap_pyqt - INFO - Process output: Processing: 81%
2025-05-14 16:17:56,889 - simple_face_swap_pyqt - INFO - Process output: Processing: 82%
2025-05-14 16:17:58,073 - simple_face_swap_pyqt - INFO - Process output: Processing: 82%
2025-05-14 16:17:58,079 - simple_face_swap_pyqt - INFO - Process output: Processing: 83%
2025-05-14 16:17:58,086 - simple_face_swap_pyqt - INFO - Process output: Processing: 84%
2025-05-14 16:17:58,094 - simple_face_swap_pyqt - INFO - Process output: Processing: 84%
2025-05-14 16:17:58,101 - simple_face_swap_pyqt - INFO - Process output: Processing: 85%
2025-05-14 16:17:59,464 - simple_face_swap_pyqt - INFO - Process output: Processing: 85%
2025-05-14 16:17:59,471 - simple_face_swap_pyqt - INFO - Process output: Processing: 86%
2025-05-14 16:17:59,478 - simple_face_swap_pyqt - INFO - Process output: Processing: 86%
2025-05-14 16:17:59,487 - simple_face_swap_pyqt - INFO - Process output: Processing: 87%
2025-05-14 16:17:59,496 - simple_face_swap_pyqt - INFO - Process output: Processing: 88%
2025-05-14 16:18:00,623 - simple_face_swap_pyqt - INFO - Process output: Processing: 88%
2025-05-14 16:18:00,628 - simple_face_swap_pyqt - INFO - Process output: Processing: 89%
2025-05-14 16:18:00,634 - simple_face_swap_pyqt - INFO - Process output: Processing: 89%
2025-05-14 16:18:00,639 - simple_face_swap_pyqt - INFO - Process output: Processing: 90%
2025-05-14 16:18:00,645 - simple_face_swap_pyqt - INFO - Process output: Processing: 90%
2025-05-14 16:18:01,968 - simple_face_swap_pyqt - INFO - Process output: Processing: 91%
2025-05-14 16:18:01,974 - simple_face_swap_pyqt - INFO - Process output: Processing: 92%
2025-05-14 16:18:01,979 - simple_face_swap_pyqt - INFO - Process output: Processing: 92%
2025-05-14 16:18:01,986 - simple_face_swap_pyqt - INFO - Process output: Processing: 93%
2025-05-14 16:18:01,995 - simple_face_swap_pyqt - INFO - Process output: Processing: 93%
2025-05-14 16:18:03,166 - simple_face_swap_pyqt - INFO - Process output: Processing: 94%
2025-05-14 16:18:03,170 - simple_face_swap_pyqt - INFO - Process output: Processing: 94%
2025-05-14 16:18:03,174 - simple_face_swap_pyqt - INFO - Process output: Processing: 95%
2025-05-14 16:18:03,179 - simple_face_swap_pyqt - INFO - Process output: Processing: 96%
2025-05-14 16:18:03,185 - simple_face_swap_pyqt - INFO - Process output: Processing: 96%
2025-05-14 16:18:04,396 - simple_face_swap_pyqt - INFO - Process output: Processing: 97%
2025-05-14 16:18:04,401 - simple_face_swap_pyqt - INFO - Process output: Processing: 97%
2025-05-14 16:18:04,406 - simple_face_swap_pyqt - INFO - Process output: Processing: 98%
